---
source: probe-rs-debug/src/debug_info.rs
expression: stack_frames
---
- function_name: "<unknown function @ 0x08000858>"
  source_location: ~
  registers:
    - core_register:
        id: 0
        roles:
          - Core: R0
          - Argument: a1
          - Return: r1
        data_type:
          UnsignedInteger: 32
      dwarf_id: 0
      value:
        U32: 2220
    - core_register:
        id: 1
        roles:
          - Core: R1
          - Argument: a2
          - Return: r2
        data_type:
          UnsignedInteger: 32
      dwarf_id: 1
      value:
        U32: 15728640
    - core_register:
        id: 2
        roles:
          - Core: R2
          - Argument: a3
        data_type:
          UnsignedInteger: 32
      dwarf_id: 2
      value:
        U32: 15728640
    - core_register:
        id: 3
        roles:
          - Core: R3
          - Argument: a4
        data_type:
          UnsignedInteger: 32
      dwarf_id: 3
      value:
        U32: 0
    - core_register:
        id: 4
        roles:
          - Core: R4
        data_type:
          UnsignedInteger: 32
      dwarf_id: 4
      value:
        U32: 0
    - core_register:
        id: 5
        roles:
          - Core: R5
        data_type:
          UnsignedInteger: 32
      dwarf_id: 5
      value:
        U32: 0
    - core_register:
        id: 6
        roles:
          - Core: R6
        data_type:
          UnsignedInteger: 32
      dwarf_id: 6
      value:
        U32: 0
    - core_register:
        id: 7
        roles:
          - Core: R7
          - FramePointer
        data_type:
          UnsignedInteger: 32
      dwarf_id: 7
      value:
        U32: 537657312
    - core_register:
        id: 8
        roles:
          - Core: R8
        data_type:
          UnsignedInteger: 32
      dwarf_id: 8
      value:
        U32: 4294967295
    - core_register:
        id: 9
        roles:
          - Core: R9
        data_type:
          UnsignedInteger: 32
      dwarf_id: 9
      value:
        U32: 4294967295
    - core_register:
        id: 10
        roles:
          - Core: R10
        data_type:
          UnsignedInteger: 32
      dwarf_id: 10
      value:
        U32: 4294967295
    - core_register:
        id: 11
        roles:
          - Core: R11
        data_type:
          UnsignedInteger: 32
      dwarf_id: 11
      value:
        U32: 4294967295
    - core_register:
        id: 12
        roles:
          - Core: R12
        data_type:
          UnsignedInteger: 32
      dwarf_id: 12
      value:
        U32: 4294967295
    - core_register:
        id: 13
        roles:
          - Core: R13
          - StackPointer
        data_type:
          UnsignedInteger: 32
      dwarf_id: 13
      value:
        U32: 537657280
    - core_register:
        id: 14
        roles:
          - Core: R14
          - ReturnAddress
        data_type:
          UnsignedInteger: 32
      dwarf_id: 14
      value:
        U32: 4294967224
    - core_register:
        id: 15
        roles:
          - Core: R15
          - ProgramCounter
        data_type:
          UnsignedInteger: 32
      dwarf_id: 15
      value:
        U32: 134219864
    - core_register:
        id: 17
        roles:
          - Core: MSP
          - MainStackPointer
        data_type:
          UnsignedInteger: 32
      dwarf_id: 16
      value:
        U32: 537657280
    - core_register:
        id: 18
        roles:
          - Core: PSP
          - ProcessStackPointer
        data_type:
          UnsignedInteger: 32
      dwarf_id: 17
      value:
        U32: 0
    - core_register:
        id: 16
        roles:
          - Core: XPSR
          - ProcessorStatus
        data_type:
          UnsignedInteger: 32
      dwarf_id: 18
      value:
        U32: 1761607691
    - core_register:
        id: 20
        roles:
          - Core: EXTRA
          - Other: EXTRA
        data_type:
          UnsignedInteger: 32
      dwarf_id: 19
      value:
        U32: 0
  pc:
    U32: 134219864
  frame_base: ~
  is_inlined: false
  local_variables: ~
  canonical_frame_address: ~
- function_name: SVC
  source_location: ~
  registers:
    - core_register:
        id: 0
        roles:
          - Core: R0
          - Argument: a1
          - Return: r1
        data_type:
          UnsignedInteger: 32
      dwarf_id: 0
      value:
        U32: 2220
    - core_register:
        id: 1
        roles:
          - Core: R1
          - Argument: a2
          - Return: r2
        data_type:
          UnsignedInteger: 32
      dwarf_id: 1
      value:
        U32: 15728640
    - core_register:
        id: 2
        roles:
          - Core: R2
          - Argument: a3
        data_type:
          UnsignedInteger: 32
      dwarf_id: 2
      value:
        U32: 15728640
    - core_register:
        id: 3
        roles:
          - Core: R3
          - Argument: a4
        data_type:
          UnsignedInteger: 32
      dwarf_id: 3
      value:
        U32: 0
    - core_register:
        id: 4
        roles:
          - Core: R4
        data_type:
          UnsignedInteger: 32
      dwarf_id: 4
      value:
        U32: 0
    - core_register:
        id: 5
        roles:
          - Core: R5
        data_type:
          UnsignedInteger: 32
      dwarf_id: 5
      value:
        U32: 0
    - core_register:
        id: 6
        roles:
          - Core: R6
        data_type:
          UnsignedInteger: 32
      dwarf_id: 6
      value:
        U32: 0
    - core_register:
        id: 7
        roles:
          - Core: R7
          - FramePointer
        data_type:
          UnsignedInteger: 32
      dwarf_id: 7
      value:
        U32: 537657312
    - core_register:
        id: 8
        roles:
          - Core: R8
        data_type:
          UnsignedInteger: 32
      dwarf_id: 8
      value:
        U32: 4294967295
    - core_register:
        id: 9
        roles:
          - Core: R9
        data_type:
          UnsignedInteger: 32
      dwarf_id: 9
      value:
        U32: 4294967295
    - core_register:
        id: 10
        roles:
          - Core: R10
        data_type:
          UnsignedInteger: 32
      dwarf_id: 10
      value:
        U32: 4294967295
    - core_register:
        id: 11
        roles:
          - Core: R11
        data_type:
          UnsignedInteger: 32
      dwarf_id: 11
      value:
        U32: 4294967295
    - core_register:
        id: 12
        roles:
          - Core: R12
        data_type:
          UnsignedInteger: 32
      dwarf_id: 12
      value:
        U32: 4294967295
    - core_register:
        id: 13
        roles:
          - Core: R13
          - StackPointer
        data_type:
          UnsignedInteger: 32
      dwarf_id: 13
      value:
        U32: 537657312
    - core_register:
        id: 14
        roles:
          - Core: R14
          - ReturnAddress
        data_type:
          UnsignedInteger: 32
      dwarf_id: 14
      value:
        U32: 134219897
    - core_register:
        id: 15
        roles:
          - Core: R15
          - ProgramCounter
        data_type:
          UnsignedInteger: 32
      dwarf_id: 15
      value:
        U32: 134219918
    - core_register:
        id: 17
        roles:
          - Core: MSP
          - MainStackPointer
        data_type:
          UnsignedInteger: 32
      dwarf_id: 16
      value:
        U32: 537657280
    - core_register:
        id: 18
        roles:
          - Core: PSP
          - ProcessStackPointer
        data_type:
          UnsignedInteger: 32
      dwarf_id: 17
      value:
        U32: 0
    - core_register:
        id: 16
        roles:
          - Core: XPSR
          - ProcessorStatus
        data_type:
          UnsignedInteger: 32
      dwarf_id: 18
      value:
        U32: 1761607680
    - core_register:
        id: 20
        roles:
          - Core: EXTRA
          - Other: EXTRA
        data_type:
          UnsignedInteger: 32
      dwarf_id: 19
      value:
        U32: 0
  pc:
    U32: 134219918
  frame_base: ~
  is_inlined: false
  local_variables: ~
  canonical_frame_address: ~
- function_name: read_volatile<u32>
  source_location:
    path: /home/dirbaio/.rustup/toolchains/stable-x86_64-unknown-linux-gnu/lib/rustlib/src/rust/library/core/src/ptr/mod.rs
    line: 2095
    column:
      Column: 9
    address: 134219918
  registers:
    - core_register:
        id: 0
        roles:
          - Core: R0
          - Argument: a1
          - Return: r1
        data_type:
          UnsignedInteger: 32
      dwarf_id: 0
      value:
        U32: 2220
    - core_register:
        id: 1
        roles:
          - Core: R1
          - Argument: a2
          - Return: r2
        data_type:
          UnsignedInteger: 32
      dwarf_id: 1
      value:
        U32: 15728640
    - core_register:
        id: 2
        roles:
          - Core: R2
          - Argument: a3
        data_type:
          UnsignedInteger: 32
      dwarf_id: 2
      value:
        U32: 15728640
    - core_register:
        id: 3
        roles:
          - Core: R3
          - Argument: a4
        data_type:
          UnsignedInteger: 32
      dwarf_id: 3
      value:
        U32: 0
    - core_register:
        id: 4
        roles:
          - Core: R4
        data_type:
          UnsignedInteger: 32
      dwarf_id: 4
      value:
        U32: 0
    - core_register:
        id: 5
        roles:
          - Core: R5
        data_type:
          UnsignedInteger: 32
      dwarf_id: 5
      value:
        U32: 0
    - core_register:
        id: 6
        roles:
          - Core: R6
        data_type:
          UnsignedInteger: 32
      dwarf_id: 6
      value:
        U32: 0
    - core_register:
        id: 7
        roles:
          - Core: R7
          - FramePointer
        data_type:
          UnsignedInteger: 32
      dwarf_id: 7
      value:
        U32: 537657312
    - core_register:
        id: 8
        roles:
          - Core: R8
        data_type:
          UnsignedInteger: 32
      dwarf_id: 8
      value:
        U32: 4294967295
    - core_register:
        id: 9
        roles:
          - Core: R9
        data_type:
          UnsignedInteger: 32
      dwarf_id: 9
      value:
        U32: 4294967295
    - core_register:
        id: 10
        roles:
          - Core: R10
        data_type:
          UnsignedInteger: 32
      dwarf_id: 10
      value:
        U32: 4294967295
    - core_register:
        id: 11
        roles:
          - Core: R11
        data_type:
          UnsignedInteger: 32
      dwarf_id: 11
      value:
        U32: 4294967295
    - core_register:
        id: 12
        roles:
          - Core: R12
        data_type:
          UnsignedInteger: 32
      dwarf_id: 12
      value:
        U32: 4294967295
    - core_register:
        id: 13
        roles:
          - Core: R13
          - StackPointer
        data_type:
          UnsignedInteger: 32
      dwarf_id: 13
      value:
        U32: 537657312
    - core_register:
        id: 14
        roles:
          - Core: R14
          - ReturnAddress
        data_type:
          UnsignedInteger: 32
      dwarf_id: 14
      value:
        U32: 134219897
    - core_register:
        id: 15
        roles:
          - Core: R15
          - ProgramCounter
        data_type:
          UnsignedInteger: 32
      dwarf_id: 15
      value:
        U32: 134219918
    - core_register:
        id: 17
        roles:
          - Core: MSP
          - MainStackPointer
        data_type:
          UnsignedInteger: 32
      dwarf_id: 16
      value:
        U32: 537657280
    - core_register:
        id: 18
        roles:
          - Core: PSP
          - ProcessStackPointer
        data_type:
          UnsignedInteger: 32
      dwarf_id: 17
      value:
        U32: 0
    - core_register:
        id: 16
        roles:
          - Core: XPSR
          - ProcessorStatus
        data_type:
          UnsignedInteger: 32
      dwarf_id: 18
      value:
        U32: 1761607680
    - core_register:
        id: 20
        roles:
          - Core: EXTRA
          - Other: EXTRA
        data_type:
          UnsignedInteger: 32
      dwarf_id: 19
      value:
        U32: 0
  pc:
    U32: 134219918
  frame_base: 537657312
  is_inlined: true
  local_variables:
    Child Variables:
      name: LocalScopeRoot
      type_name: Unknown
      value: "<unknown> {\n\tsrc: <unknown> = < <value optimized away by compiler, out of scope, or dropped> >}"
      children:
        - name:
            Named: src
          type_name: Unknown
          value: "< <value optimized away by compiler, out of scope, or dropped> >"
          source_location:
            path: /home/dirbaio/.rustup/toolchains/stable-x86_64-unknown-linux-gnu/lib/rustlib/src/rust/library/core/src/ptr/mod.rs
            line: 2084
            column: ~
            address: ~
  canonical_frame_address: ~
- function_name: nodbg_b
  source_location:
    path: /tmp/claude-1000/-home-dirbaio-probe-rs/25e92516-66c7-4ad6-a7d6-f01d09e4b941/scratchpad/minimal-fw/src/bin/exception_no_debuginfo.rs
    line: 41
    column:
      Column: 14
    address: 134219912
  registers:
    - core_register:
        id: 0
        roles:
          - Core: R0
          - Argument: a1
          - Return: r1
        data_type:
          UnsignedInteger: 32
      dwarf_id: 0
      value:
        U32: 2220
    - core_register:
        id: 1
        roles:
          - Core: R1
          - Argument: a2
          - Return: r2
        data_type:
          UnsignedInteger: 32
      dwarf_id: 1
      value:
        U32: 15728640
    - core_register:
        id: 2
        roles:
          - Core: R2
          - Argument: a3
        data_type:
          UnsignedInteger: 32
      dwarf_id: 2
      value:
        U32: 15728640
    - core_register:
        id: 3
        roles:
          - Core: R3
          - Argument: a4
        data_type:
          UnsignedInteger: 32
      dwarf_id: 3
      value:
        U32: 0
    - core_register:
        id: 4
        roles:
          - Core: R4
        data_type:
          UnsignedInteger: 32
      dwarf_id: 4
      value:
        U32: 0
    - core_register:
        id: 5
        roles:
          - Core: R5
        data_type:
          UnsignedInteger: 32
      dwarf_id: 5
      value:
        U32: 0
    - core_register:
        id: 6
        roles:
          - Core: R6
        data_type:
          UnsignedInteger: 32
      dwarf_id: 6
      value:
        U32: 0
    - core_register:
        id: 7
        roles:
          - Core: R7
          - FramePointer
        data_type:
          UnsignedInteger: 32
      dwarf_id: 7
      value:
        U32: 537657312
    - core_register:
        id: 8
        roles:
          - Core: R8
        data_type:
          UnsignedInteger: 32
      dwarf_id: 8
      value:
        U32: 4294967295
    - core_register:
        id: 9
        roles:
          - Core: R9
        data_type:
          UnsignedInteger: 32
      dwarf_id: 9
      value:
        U32: 4294967295
    - core_register:
        id: 10
        roles:
          - Core: R10
        data_type:
          UnsignedInteger: 32
      dwarf_id: 10
      value:
        U32: 4294967295
    - core_register:
        id: 11
        roles:
          - Core: R11
        data_type:
          UnsignedInteger: 32
      dwarf_id: 11
      value:
        U32: 4294967295
    - core_register:
        id: 12
        roles:
          - Core: R12
        data_type:
          UnsignedInteger: 32
      dwarf_id: 12
      value:
        U32: 4294967295
    - core_register:
        id: 13
        roles:
          - Core: R13
          - StackPointer
        data_type:
          UnsignedInteger: 32
      dwarf_id: 13
      value:
        U32: 537657312
    - core_register:
        id: 14
        roles:
          - Core: R14
          - ReturnAddress
        data_type:
          UnsignedInteger: 32
      dwarf_id: 14
      value:
        U32: 134219897
    - core_register:
        id: 15
        roles:
          - Core: R15
          - ProgramCounter
        data_type:
          UnsignedInteger: 32
      dwarf_id: 15
      value:
        U32: 134219918
    - core_register:
        id: 17
        roles:
          - Core: MSP
          - MainStackPointer
        data_type:
          UnsignedInteger: 32
      dwarf_id: 16
      value:
        U32: 537657280
    - core_register:
        id: 18
        roles:
          - Core: PSP
          - ProcessStackPointer
        data_type:
          UnsignedInteger: 32
      dwarf_id: 17
      value:
        U32: 0
    - core_register:
        id: 16
        roles:
          - Core: XPSR
          - ProcessorStatus
        data_type:
          UnsignedInteger: 32
      dwarf_id: 18
      value:
        U32: 1761607680
    - core_register:
        id: 20
        roles:
          - Core: EXTRA
          - Other: EXTRA
        data_type:
          UnsignedInteger: 32
      dwarf_id: 19
      value:
        U32: 0
  pc:
    U64: 134219912
  frame_base: 537657312
  is_inlined: false
  local_variables:
    Child Variables:
      name: LocalScopeRoot
      type_name: Unknown
      value: "<unknown>"
  canonical_frame_address: ~
- function_name: nodbg_a
  source_location:
    path: /tmp/claude-1000/-home-dirbaio-probe-rs/25e92516-66c7-4ad6-a7d6-f01d09e4b941/scratchpad/minimal-fw/src/bin/exception_no_debuginfo.rs
    line: 32
    column:
      Column: 5
    address: 134219892
  registers:
    - core_register:
        id: 0
        roles:
          - Core: R0
          - Argument: a1
          - Return: r1
        data_type:
          UnsignedInteger: 32
      dwarf_id: 0
      value:
        U32: 2220
    - core_register:
        id: 1
        roles:
          - Core: R1
          - Argument: a2
          - Return: r2
        data_type:
          UnsignedInteger: 32
      dwarf_id: 1
      value:
        U32: 15728640
    - core_register:
        id: 2
        roles:
          - Core: R2
          - Argument: a3
        data_type:
          UnsignedInteger: 32
      dwarf_id: 2
      value:
        U32: 15728640
    - core_register:
        id: 3
        roles:
          - Core: R3
          - Argument: a4
        data_type:
          UnsignedInteger: 32
      dwarf_id: 3
      value:
        U32: 0
    - core_register:
        id: 4
        roles:
          - Core: R4
        data_type:
          UnsignedInteger: 32
      dwarf_id: 4
      value:
        U32: 0
    - core_register:
        id: 5
        roles:
          - Core: R5
        data_type:
          UnsignedInteger: 32
      dwarf_id: 5
      value:
        U32: 0
    - core_register:
        id: 6
        roles:
          - Core: R6
        data_type:
          UnsignedInteger: 32
      dwarf_id: 6
      value:
        U32: 0
    - core_register:
        id: 7
        roles:
          - Core: R7
          - FramePointer
        data_type:
          UnsignedInteger: 32
      dwarf_id: 7
      value:
        U32: 537657312
    - core_register:
        id: 8
        roles:
          - Core: R8
        data_type:
          UnsignedInteger: 32
      dwarf_id: 8
      value:
        U32: 4294967295
    - core_register:
        id: 9
        roles:
          - Core: R9
        data_type:
          UnsignedInteger: 32
      dwarf_id: 9
      value:
        U32: 4294967295
    - core_register:
        id: 10
        roles:
          - Core: R10
        data_type:
          UnsignedInteger: 32
      dwarf_id: 10
      value:
        U32: 4294967295
    - core_register:
        id: 11
        roles:
          - Core: R11
        data_type:
          UnsignedInteger: 32
      dwarf_id: 11
      value:
        U32: 4294967295
    - core_register:
        id: 12
        roles:
          - Core: R12
        data_type:
          UnsignedInteger: 32
      dwarf_id: 12
      value:
        U32: 4294967295
    - core_register:
        id: 13
        roles:
          - Core: R13
          - StackPointer
        data_type:
          UnsignedInteger: 32
      dwarf_id: 13
      value:
        U32: 537657312
    - core_register:
        id: 14
        roles:
          - Core: R14
          - ReturnAddress
        data_type:
          UnsignedInteger: 32
      dwarf_id: 14
      value:
        U32: 134219897
    - core_register:
        id: 15
        roles:
          - Core: R15
          - ProgramCounter
        data_type:
          UnsignedInteger: 32
      dwarf_id: 15
      value:
        U32: 134219894
    - core_register:
        id: 17
        roles:
          - Core: MSP
          - MainStackPointer
        data_type:
          UnsignedInteger: 32
      dwarf_id: 16
      value:
        U32: 537657280
    - core_register:
        id: 18
        roles:
          - Core: PSP
          - ProcessStackPointer
        data_type:
          UnsignedInteger: 32
      dwarf_id: 17
      value:
        U32: 0
    - core_register:
        id: 16
        roles:
          - Core: XPSR
          - ProcessorStatus
        data_type:
          UnsignedInteger: 32
      dwarf_id: 18
      value:
        U32: 1761607680
    - core_register:
        id: 20
        roles:
          - Core: EXTRA
          - Other: EXTRA
        data_type:
          UnsignedInteger: 32
      dwarf_id: 19
      value:
        U32: 0
  pc:
    U32: 134219894
  frame_base: 537657312
  is_inlined: false
  local_variables:
    Child Variables:
      name: LocalScopeRoot
      type_name: Unknown
      value: "<unknown>"
  canonical_frame_address: ~
