---
source: probe-rs-debug/src/debug_info.rs
expression: stack_frames
---
- function_name: software_breakpoint
  source_location:
    path: /Users/jacknoppe/dev/debug/probe-rs-debugger-test/src/lib.rs
    line: 371
    column:
      Column: 9
    address: 1242
  registers:
    - core_register:
        id: 0
        roles:
          - Core: R0
          - Argument: a1
          - Return: r1
        data_type:
          UnsignedInteger: 32
      dwarf_id: 0
      value:
        U32: 0
    - core_register:
        id: 1
        roles:
          - Core: R1
          - Argument: a2
          - Return: r2
        data_type:
          UnsignedInteger: 32
      dwarf_id: 1
      value:
        U32: 1073742080
    - core_register:
        id: 2
        roles:
          - Core: R2
          - Argument: a3
        data_type:
          UnsignedInteger: 32
      dwarf_id: 2
      value:
        U32: 1
    - core_register:
        id: 3
        roles:
          - Core: R3
          - Argument: a4
        data_type:
          UnsignedInteger: 32
      dwarf_id: 3
      value:
        U32: 85
    - core_register:
        id: 4
        roles:
          - Core: R4
        data_type:
          UnsignedInteger: 32
      dwarf_id: 4
      value:
        U32: 0
    - core_register:
        id: 5
        roles:
          - Core: R5
        data_type:
          UnsignedInteger: 32
      dwarf_id: 5
      value:
        U32: 0
    - core_register:
        id: 6
        roles:
          - Core: R6
        data_type:
          UnsignedInteger: 32
      dwarf_id: 6
      value:
        U32: 0
    - core_register:
        id: 7
        roles:
          - Core: R7
          - FramePointer
        data_type:
          UnsignedInteger: 32
      dwarf_id: 7
      value:
        U32: 536887080
    - core_register:
        id: 8
        roles:
          - Core: R8
        data_type:
          UnsignedInteger: 32
      dwarf_id: 8
      value:
        U32: 0
    - core_register:
        id: 9
        roles:
          - Core: R9
        data_type:
          UnsignedInteger: 32
      dwarf_id: 9
      value:
        U32: 0
    - core_register:
        id: 10
        roles:
          - Core: R10
        data_type:
          UnsignedInteger: 32
      dwarf_id: 10
      value:
        U32: 0
    - core_register:
        id: 11
        roles:
          - Core: R11
        data_type:
          UnsignedInteger: 32
      dwarf_id: 11
      value:
        U32: 0
    - core_register:
        id: 12
        roles:
          - Core: R12
        data_type:
          UnsignedInteger: 32
      dwarf_id: 12
      value:
        U32: 0
    - core_register:
        id: 13
        roles:
          - Core: R13
          - StackPointer
        data_type:
          UnsignedInteger: 32
      dwarf_id: 13
      value:
        U32: 536887080
    - core_register:
        id: 14
        roles:
          - Core: R14
          - ReturnAddress
        data_type:
          UnsignedInteger: 32
      dwarf_id: 14
      value:
        U32: 1237
    - core_register:
        id: 15
        roles:
          - Core: R15
          - ProgramCounter
        data_type:
          UnsignedInteger: 32
      dwarf_id: 15
      value:
        U32: 1242
    - core_register:
        id: 17
        roles:
          - Core: MSP
          - MainStackPointer
        data_type:
          UnsignedInteger: 32
      dwarf_id: 16
      value:
        U32: 536887080
    - core_register:
        id: 18
        roles:
          - Core: PSP
          - ProcessStackPointer
        data_type:
          UnsignedInteger: 32
      dwarf_id: 17
      value:
        U32: 0
    - core_register:
        id: 16
        roles:
          - Core: XPSR
          - ProcessorStatus
        data_type:
          UnsignedInteger: 32
      dwarf_id: 18
      value:
        U32: 16777227
    - core_register:
        id: 20
        roles:
          - Core: EXTRA
          - Other: EXTRA
        data_type:
          UnsignedInteger: 32
      dwarf_id: 19
      value:
        U32: 0
  pc:
    U32: 1242
  frame_base: 536887080
  is_inlined: true
  local_variables:
    Child Variables:
      name: LocalScopeRoot
      type_name: Unknown
      value: "<unknown>"
  canonical_frame_address: 536887088
- function_name: __cortex_m_rt_SVCall
  source_location:
    path: /Users/jacknoppe/dev/debug/probe-rs-debugger-test/src/bin/nRF52833_xxAA.rs
    line: 99
    column:
      Column: 5
    address: 1242
  registers:
    - core_register:
        id: 0
        roles:
          - Core: R0
          - Argument: a1
          - Return: r1
        data_type:
          UnsignedInteger: 32
      dwarf_id: 0
      value:
        U32: 0
    - core_register:
        id: 1
        roles:
          - Core: R1
          - Argument: a2
          - Return: r2
        data_type:
          UnsignedInteger: 32
      dwarf_id: 1
      value:
        U32: 1073742080
    - core_register:
        id: 2
        roles:
          - Core: R2
          - Argument: a3
        data_type:
          UnsignedInteger: 32
      dwarf_id: 2
      value:
        U32: 1
    - core_register:
        id: 3
        roles:
          - Core: R3
          - Argument: a4
        data_type:
          UnsignedInteger: 32
      dwarf_id: 3
      value:
        U32: 85
    - core_register:
        id: 4
        roles:
          - Core: R4
        data_type:
          UnsignedInteger: 32
      dwarf_id: 4
      value:
        U32: 0
    - core_register:
        id: 5
        roles:
          - Core: R5
        data_type:
          UnsignedInteger: 32
      dwarf_id: 5
      value:
        U32: 0
    - core_register:
        id: 6
        roles:
          - Core: R6
        data_type:
          UnsignedInteger: 32
      dwarf_id: 6
      value:
        U32: 0
    - core_register:
        id: 7
        roles:
          - Core: R7
          - FramePointer
        data_type:
          UnsignedInteger: 32
      dwarf_id: 7
      value:
        U32: 536887080
    - core_register:
        id: 8
        roles:
          - Core: R8
        data_type:
          UnsignedInteger: 32
      dwarf_id: 8
      value:
        U32: 0
    - core_register:
        id: 9
        roles:
          - Core: R9
        data_type:
          UnsignedInteger: 32
      dwarf_id: 9
      value:
        U32: 0
    - core_register:
        id: 10
        roles:
          - Core: R10
        data_type:
          UnsignedInteger: 32
      dwarf_id: 10
      value:
        U32: 0
    - core_register:
        id: 11
        roles:
          - Core: R11
        data_type:
          UnsignedInteger: 32
      dwarf_id: 11
      value:
        U32: 0
    - core_register:
        id: 12
        roles:
          - Core: R12
        data_type:
          UnsignedInteger: 32
      dwarf_id: 12
      value:
        U32: 0
    - core_register:
        id: 13
        roles:
          - Core: R13
          - StackPointer
        data_type:
          UnsignedInteger: 32
      dwarf_id: 13
      value:
        U32: 536887080
    - core_register:
        id: 14
        roles:
          - Core: R14
          - ReturnAddress
        data_type:
          UnsignedInteger: 32
      dwarf_id: 14
      value:
        U32: 1237
    - core_register:
        id: 15
        roles:
          - Core: R15
          - ProgramCounter
        data_type:
          UnsignedInteger: 32
      dwarf_id: 15
      value:
        U32: 1242
    - core_register:
        id: 17
        roles:
          - Core: MSP
          - MainStackPointer
        data_type:
          UnsignedInteger: 32
      dwarf_id: 16
      value:
        U32: 536887080
    - core_register:
        id: 18
        roles:
          - Core: PSP
          - ProcessStackPointer
        data_type:
          UnsignedInteger: 32
      dwarf_id: 17
      value:
        U32: 0
    - core_register:
        id: 16
        roles:
          - Core: XPSR
          - ProcessorStatus
        data_type:
          UnsignedInteger: 32
      dwarf_id: 18
      value:
        U32: 16777227
    - core_register:
        id: 20
        roles:
          - Core: EXTRA
          - Other: EXTRA
        data_type:
          UnsignedInteger: 32
      dwarf_id: 19
      value:
        U32: 0
  pc:
    U64: 1242
  frame_base: 536887080
  is_inlined: false
  local_variables:
    Child Variables:
      name: LocalScopeRoot
      type_name: Unknown
      value: "<unknown>"
  canonical_frame_address: 536887088
- function_name: __cortex_m_rt_SVCall_trampoline
  source_location:
    path: /Users/jacknoppe/dev/debug/probe-rs-debugger-test/src/bin/nRF52833_xxAA.rs
    line: 97
    column:
      Column: 13
    address: 1236
  registers:
    - core_register:
        id: 0
        roles:
          - Core: R0
          - Argument: a1
          - Return: r1
        data_type:
          UnsignedInteger: 32
      dwarf_id: 0
      value: ~
    - core_register:
        id: 1
        roles:
          - Core: R1
          - Argument: a2
          - Return: r2
        data_type:
          UnsignedInteger: 32
      dwarf_id: 1
      value: ~
    - core_register:
        id: 2
        roles:
          - Core: R2
          - Argument: a3
        data_type:
          UnsignedInteger: 32
      dwarf_id: 2
      value: ~
    - core_register:
        id: 3
        roles:
          - Core: R3
          - Argument: a4
        data_type:
          UnsignedInteger: 32
      dwarf_id: 3
      value: ~
    - core_register:
        id: 4
        roles:
          - Core: R4
        data_type:
          UnsignedInteger: 32
      dwarf_id: 4
      value:
        U32: 0
    - core_register:
        id: 5
        roles:
          - Core: R5
        data_type:
          UnsignedInteger: 32
      dwarf_id: 5
      value:
        U32: 0
    - core_register:
        id: 6
        roles:
          - Core: R6
        data_type:
          UnsignedInteger: 32
      dwarf_id: 6
      value:
        U32: 0
    - core_register:
        id: 7
        roles:
          - Core: R7
          - FramePointer
        data_type:
          UnsignedInteger: 32
      dwarf_id: 7
      value:
        U32: 536887088
    - core_register:
        id: 8
        roles:
          - Core: R8
        data_type:
          UnsignedInteger: 32
      dwarf_id: 8
      value:
        U32: 0
    - core_register:
        id: 9
        roles:
          - Core: R9
        data_type:
          UnsignedInteger: 32
      dwarf_id: 9
      value: ~
    - core_register:
        id: 10
        roles:
          - Core: R10
        data_type:
          UnsignedInteger: 32
      dwarf_id: 10
      value:
        U32: 0
    - core_register:
        id: 11
        roles:
          - Core: R11
        data_type:
          UnsignedInteger: 32
      dwarf_id: 11
      value:
        U32: 0
    - core_register:
        id: 12
        roles:
          - Core: R12
        data_type:
          UnsignedInteger: 32
      dwarf_id: 12
      value:
        U32: 0
    - core_register:
        id: 13
        roles:
          - Core: R13
          - StackPointer
        data_type:
          UnsignedInteger: 32
      dwarf_id: 13
      value:
        U32: 536887088
    - core_register:
        id: 14
        roles:
          - Core: R14
          - ReturnAddress
        data_type:
          UnsignedInteger: 32
      dwarf_id: 14
      value:
        U32: 1237
    - core_register:
        id: 15
        roles:
          - Core: R15
          - ProgramCounter
        data_type:
          UnsignedInteger: 32
      dwarf_id: 15
      value:
        U32: 1236
    - core_register:
        id: 17
        roles:
          - Core: MSP
          - MainStackPointer
        data_type:
          UnsignedInteger: 32
      dwarf_id: 16
      value: ~
    - core_register:
        id: 18
        roles:
          - Core: PSP
          - ProcessStackPointer
        data_type:
          UnsignedInteger: 32
      dwarf_id: 17
      value: ~
    - core_register:
        id: 16
        roles:
          - Core: XPSR
          - ProcessorStatus
        data_type:
          UnsignedInteger: 32
      dwarf_id: 18
      value:
        U32: 16777227
    - core_register:
        id: 20
        roles:
          - Core: EXTRA
          - Other: EXTRA
        data_type:
          UnsignedInteger: 32
      dwarf_id: 19
      value: ~
  pc:
    U32: 1236
  frame_base: 536887088
  is_inlined: false
  local_variables:
    Child Variables:
      name: LocalScopeRoot
      type_name: Unknown
      value: "<unknown>"
  canonical_frame_address: 536887096
- function_name: SVC
  source_location: ~
  registers:
    - core_register:
        id: 0
        roles:
          - Core: R0
          - Argument: a1
          - Return: r1
        data_type:
          UnsignedInteger: 32
      dwarf_id: 0
      value:
        U32: 0
    - core_register:
        id: 1
        roles:
          - Core: R1
          - Argument: a2
          - Return: r2
        data_type:
          UnsignedInteger: 32
      dwarf_id: 1
      value:
        U32: 1073742080
    - core_register:
        id: 2
        roles:
          - Core: R2
          - Argument: a3
        data_type:
          UnsignedInteger: 32
      dwarf_id: 2
      value:
        U32: 1
    - core_register:
        id: 3
        roles:
          - Core: R3
          - Argument: a4
        data_type:
          UnsignedInteger: 32
      dwarf_id: 3
      value:
        U32: 85
    - core_register:
        id: 4
        roles:
          - Core: R4
        data_type:
          UnsignedInteger: 32
      dwarf_id: 4
      value:
        U32: 0
    - core_register:
        id: 5
        roles:
          - Core: R5
        data_type:
          UnsignedInteger: 32
      dwarf_id: 5
      value:
        U32: 0
    - core_register:
        id: 6
        roles:
          - Core: R6
        data_type:
          UnsignedInteger: 32
      dwarf_id: 6
      value:
        U32: 0
    - core_register:
        id: 7
        roles:
          - Core: R7
          - FramePointer
        data_type:
          UnsignedInteger: 32
      dwarf_id: 7
      value:
        U32: 536887128
    - core_register:
        id: 8
        roles:
          - Core: R8
        data_type:
          UnsignedInteger: 32
      dwarf_id: 8
      value:
        U32: 0
    - core_register:
        id: 9
        roles:
          - Core: R9
        data_type:
          UnsignedInteger: 32
      dwarf_id: 9
      value: ~
    - core_register:
        id: 10
        roles:
          - Core: R10
        data_type:
          UnsignedInteger: 32
      dwarf_id: 10
      value:
        U32: 0
    - core_register:
        id: 11
        roles:
          - Core: R11
        data_type:
          UnsignedInteger: 32
      dwarf_id: 11
      value:
        U32: 0
    - core_register:
        id: 12
        roles:
          - Core: R12
        data_type:
          UnsignedInteger: 32
      dwarf_id: 12
      value:
        U32: 0
    - core_register:
        id: 13
        roles:
          - Core: R13
          - StackPointer
        data_type:
          UnsignedInteger: 32
      dwarf_id: 13
      value:
        U32: 536887128
    - core_register:
        id: 14
        roles:
          - Core: R14
          - ReturnAddress
        data_type:
          UnsignedInteger: 32
      dwarf_id: 14
      value:
        U32: 1027
    - core_register:
        id: 15
        roles:
          - Core: R15
          - ProgramCounter
        data_type:
          UnsignedInteger: 32
      dwarf_id: 15
      value:
        U32: 937
    - core_register:
        id: 17
        roles:
          - Core: MSP
          - MainStackPointer
        data_type:
          UnsignedInteger: 32
      dwarf_id: 16
      value: ~
    - core_register:
        id: 18
        roles:
          - Core: PSP
          - ProcessStackPointer
        data_type:
          UnsignedInteger: 32
      dwarf_id: 17
      value: ~
    - core_register:
        id: 16
        roles:
          - Core: XPSR
          - ProcessorStatus
        data_type:
          UnsignedInteger: 32
      dwarf_id: 18
      value:
        U32: 16777216
    - core_register:
        id: 20
        roles:
          - Core: EXTRA
          - Other: EXTRA
        data_type:
          UnsignedInteger: 32
      dwarf_id: 19
      value: ~
  pc:
    U32: 937
  frame_base: ~
  is_inlined: false
  local_variables: ~
  canonical_frame_address: ~
- function_name: trigger_supervisor_call
  source_location:
    path: /Users/jacknoppe/dev/debug/probe-rs-debugger-test/src/bin/nRF52833_xxAA.rs
    line: 61
    column:
      Column: 9
    address: 936
  registers:
    - core_register:
        id: 0
        roles:
          - Core: R0
          - Argument: a1
          - Return: r1
        data_type:
          UnsignedInteger: 32
      dwarf_id: 0
      value:
        U32: 0
    - core_register:
        id: 1
        roles:
          - Core: R1
          - Argument: a2
          - Return: r2
        data_type:
          UnsignedInteger: 32
      dwarf_id: 1
      value:
        U32: 1073742080
    - core_register:
        id: 2
        roles:
          - Core: R2
          - Argument: a3
        data_type:
          UnsignedInteger: 32
      dwarf_id: 2
      value:
        U32: 1
    - core_register:
        id: 3
        roles:
          - Core: R3
          - Argument: a4
        data_type:
          UnsignedInteger: 32
      dwarf_id: 3
      value:
        U32: 85
    - core_register:
        id: 4
        roles:
          - Core: R4
        data_type:
          UnsignedInteger: 32
      dwarf_id: 4
      value:
        U32: 0
    - core_register:
        id: 5
        roles:
          - Core: R5
        data_type:
          UnsignedInteger: 32
      dwarf_id: 5
      value:
        U32: 0
    - core_register:
        id: 6
        roles:
          - Core: R6
        data_type:
          UnsignedInteger: 32
      dwarf_id: 6
      value:
        U32: 0
    - core_register:
        id: 7
        roles:
          - Core: R7
          - FramePointer
        data_type:
          UnsignedInteger: 32
      dwarf_id: 7
      value:
        U32: 536887128
    - core_register:
        id: 8
        roles:
          - Core: R8
        data_type:
          UnsignedInteger: 32
      dwarf_id: 8
      value:
        U32: 0
    - core_register:
        id: 9
        roles:
          - Core: R9
        data_type:
          UnsignedInteger: 32
      dwarf_id: 9
      value: ~
    - core_register:
        id: 10
        roles:
          - Core: R10
        data_type:
          UnsignedInteger: 32
      dwarf_id: 10
      value:
        U32: 0
    - core_register:
        id: 11
        roles:
          - Core: R11
        data_type:
          UnsignedInteger: 32
      dwarf_id: 11
      value:
        U32: 0
    - core_register:
        id: 12
        roles:
          - Core: R12
        data_type:
          UnsignedInteger: 32
      dwarf_id: 12
      value:
        U32: 0
    - core_register:
        id: 13
        roles:
          - Core: R13
          - StackPointer
        data_type:
          UnsignedInteger: 32
      dwarf_id: 13
      value:
        U32: 536887128
    - core_register:
        id: 14
        roles:
          - Core: R14
          - ReturnAddress
        data_type:
          UnsignedInteger: 32
      dwarf_id: 14
      value:
        U32: 1027
    - core_register:
        id: 15
        roles:
          - Core: R15
          - ProgramCounter
        data_type:
          UnsignedInteger: 32
      dwarf_id: 15
      value:
        U32: 937
    - core_register:
        id: 17
        roles:
          - Core: MSP
          - MainStackPointer
        data_type:
          UnsignedInteger: 32
      dwarf_id: 16
      value: ~
    - core_register:
        id: 18
        roles:
          - Core: PSP
          - ProcessStackPointer
        data_type:
          UnsignedInteger: 32
      dwarf_id: 17
      value: ~
    - core_register:
        id: 16
        roles:
          - Core: XPSR
          - ProcessorStatus
        data_type:
          UnsignedInteger: 32
      dwarf_id: 18
      value:
        U32: 16777216
    - core_register:
        id: 20
        roles:
          - Core: EXTRA
          - Other: EXTRA
        data_type:
          UnsignedInteger: 32
      dwarf_id: 19
      value: ~
  pc:
    U32: 937
  frame_base: 536887128
  is_inlined: false
  local_variables:
    Child Variables:
      name: LocalScopeRoot
      type_name: Unknown
      value: "<unknown>"
  canonical_frame_address: 536887136
- function_name: __cortex_m_rt_main
  source_location:
    path: /Users/jacknoppe/dev/debug/probe-rs-debugger-test/src/bin/nRF52833_xxAA.rs
    line: 38
    column:
      Column: 54
    address: 1026
  registers:
    - core_register:
        id: 0
        roles:
          - Core: R0
          - Argument: a1
          - Return: r1
        data_type:
          UnsignedInteger: 32
      dwarf_id: 0
      value: ~
    - core_register:
        id: 1
        roles:
          - Core: R1
          - Argument: a2
          - Return: r2
        data_type:
          UnsignedInteger: 32
      dwarf_id: 1
      value: ~
    - core_register:
        id: 2
        roles:
          - Core: R2
          - Argument: a3
        data_type:
          UnsignedInteger: 32
      dwarf_id: 2
      value: ~
    - core_register:
        id: 3
        roles:
          - Core: R3
          - Argument: a4
        data_type:
          UnsignedInteger: 32
      dwarf_id: 3
      value: ~
    - core_register:
        id: 4
        roles:
          - Core: R4
        data_type:
          UnsignedInteger: 32
      dwarf_id: 4
      value:
        U32: 0
    - core_register:
        id: 5
        roles:
          - Core: R5
        data_type:
          UnsignedInteger: 32
      dwarf_id: 5
      value:
        U32: 0
    - core_register:
        id: 6
        roles:
          - Core: R6
        data_type:
          UnsignedInteger: 32
      dwarf_id: 6
      value:
        U32: 0
    - core_register:
        id: 7
        roles:
          - Core: R7
          - FramePointer
        data_type:
          UnsignedInteger: 32
      dwarf_id: 7
      value:
        U32: 536887280
    - core_register:
        id: 8
        roles:
          - Core: R8
        data_type:
          UnsignedInteger: 32
      dwarf_id: 8
      value:
        U32: 0
    - core_register:
        id: 9
        roles:
          - Core: R9
        data_type:
          UnsignedInteger: 32
      dwarf_id: 9
      value: ~
    - core_register:
        id: 10
        roles:
          - Core: R10
        data_type:
          UnsignedInteger: 32
      dwarf_id: 10
      value:
        U32: 0
    - core_register:
        id: 11
        roles:
          - Core: R11
        data_type:
          UnsignedInteger: 32
      dwarf_id: 11
      value:
        U32: 0
    - core_register:
        id: 12
        roles:
          - Core: R12
        data_type:
          UnsignedInteger: 32
      dwarf_id: 12
      value:
        U32: 0
    - core_register:
        id: 13
        roles:
          - Core: R13
          - StackPointer
        data_type:
          UnsignedInteger: 32
      dwarf_id: 13
      value:
        U32: 536887136
    - core_register:
        id: 14
        roles:
          - Core: R14
          - ReturnAddress
        data_type:
          UnsignedInteger: 32
      dwarf_id: 14
      value:
        U32: 1027
    - core_register:
        id: 15
        roles:
          - Core: R15
          - ProgramCounter
        data_type:
          UnsignedInteger: 32
      dwarf_id: 15
      value:
        U32: 1026
    - core_register:
        id: 17
        roles:
          - Core: MSP
          - MainStackPointer
        data_type:
          UnsignedInteger: 32
      dwarf_id: 16
      value: ~
    - core_register:
        id: 18
        roles:
          - Core: PSP
          - ProcessStackPointer
        data_type:
          UnsignedInteger: 32
      dwarf_id: 17
      value: ~
    - core_register:
        id: 16
        roles:
          - Core: XPSR
          - ProcessorStatus
        data_type:
          UnsignedInteger: 32
      dwarf_id: 18
      value:
        U32: 16777216
    - core_register:
        id: 20
        roles:
          - Core: EXTRA
          - Other: EXTRA
        data_type:
          UnsignedInteger: 32
      dwarf_id: 19
      value: ~
  pc:
    U32: 1026
  frame_base: 536887280
  is_inlined: false
  local_variables:
    Child Variables:
      name: LocalScopeRoot
      type_name: Unknown
      value: "<unknown> {\n\tpac: Peripherals = Peripherals @ 0x20003F74,\n\tcore: Peripherals = Peripherals @ 0x20003F75,\n\tclocks: Clocks<nrf_hal_common::clocks::ExternalOscillator, nrf_hal_common::clocks::Internal, nrf_hal_common::clocks::LfOscStopped> = Clocks<nrf_hal_common::clocks::ExternalOscillator, nrf_hal_common::clocks::Internal, nrf_hal_common::clocks::LfOscStopped> @ 0x20003F76}"
      children:
        - name:
            Named: pac
          type_name:
            Struct: Peripherals
          value: Peripherals @ 0x20003F74
          source_location:
            path: /Users/jacknoppe/dev/debug/probe-rs-debugger-test/src/bin/nRF52833_xxAA.rs
            line: 21
            column: ~
            address: ~
          children:
            - name:
                Named: FICR
              type_name:
                Struct: FICR
              value: FICR @ 0x20003F74
            - name:
                Named: UICR
              type_name:
                Struct: UICR
              value: UICR @ 0x20003F74
            - name:
                Named: CLOCK
              type_name:
                Struct: CLOCK
              value: CLOCK @ 0x20003F74
            - name:
                Named: POWER
              type_name:
                Struct: POWER
              value: POWER @ 0x20003F74
            - name:
                Named: P0
              type_name:
                Struct: P0
              value: P0 @ 0x20003F74
            - name:
                Named: P1
              type_name:
                Struct: P1
              value: P1 @ 0x20003F74
            - name:
                Named: RADIO
              type_name:
                Struct: RADIO
              value: RADIO @ 0x20003F74
            - name:
                Named: UART0
              type_name:
                Struct: UART0
              value: UART0 @ 0x20003F74
            - name:
                Named: UARTE0
              type_name:
                Struct: UARTE0
              value: UARTE0 @ 0x20003F74
            - name:
                Named: SPI0
              type_name:
                Struct: SPI0
              value: SPI0 @ 0x20003F74
            - name:
                Named: SPIM0
              type_name:
                Struct: SPIM0
              value: SPIM0 @ 0x20003F74
            - name:
                Named: SPIS0
              type_name:
                Struct: SPIS0
              value: SPIS0 @ 0x20003F74
            - name:
                Named: TWI0
              type_name:
                Struct: TWI0
              value: TWI0 @ 0x20003F74
            - name:
                Named: TWIM0
              type_name:
                Struct: TWIM0
              value: TWIM0 @ 0x20003F74
            - name:
                Named: TWIS0
              type_name:
                Struct: TWIS0
              value: TWIS0 @ 0x20003F74
            - name:
                Named: SPI1
              type_name:
                Struct: SPI1
              value: SPI1 @ 0x20003F74
            - name:
                Named: SPIM1
              type_name:
                Struct: SPIM1
              value: SPIM1 @ 0x20003F74
            - name:
                Named: SPIS1
              type_name:
                Struct: SPIS1
              value: SPIS1 @ 0x20003F74
            - name:
                Named: TWI1
              type_name:
                Struct: TWI1
              value: TWI1 @ 0x20003F74
            - name:
                Named: TWIM1
              type_name:
                Struct: TWIM1
              value: TWIM1 @ 0x20003F74
            - name:
                Named: TWIS1
              type_name:
                Struct: TWIS1
              value: TWIS1 @ 0x20003F74
            - name:
                Named: NFCT
              type_name:
                Struct: NFCT
              value: NFCT @ 0x20003F74
            - name:
                Named: GPIOTE
              type_name:
                Struct: GPIOTE
              value: GPIOTE @ 0x20003F74
            - name:
                Named: SAADC
              type_name:
                Struct: SAADC
              value: SAADC @ 0x20003F74
            - name:
                Named: TIMER0
              type_name:
                Struct: TIMER0
              value: TIMER0 @ 0x20003F74
            - name:
                Named: TIMER1
              type_name:
                Struct: TIMER1
              value: TIMER1 @ 0x20003F74
            - name:
                Named: TIMER2
              type_name:
                Struct: TIMER2
              value: TIMER2 @ 0x20003F74
            - name:
                Named: RTC0
              type_name:
                Struct: RTC0
              value: RTC0 @ 0x20003F74
            - name:
                Named: TEMP
              type_name:
                Struct: TEMP
              value: TEMP @ 0x20003F74
            - name:
                Named: RNG
              type_name:
                Struct: RNG
              value: RNG @ 0x20003F74
            - name:
                Named: ECB
              type_name:
                Struct: ECB
              value: ECB @ 0x20003F74
            - name:
                Named: AAR
              type_name:
                Struct: AAR
              value: AAR @ 0x20003F74
            - name:
                Named: CCM
              type_name:
                Struct: CCM
              value: CCM @ 0x20003F74
            - name:
                Named: WDT
              type_name:
                Struct: WDT
              value: WDT @ 0x20003F74
            - name:
                Named: RTC1
              type_name:
                Struct: RTC1
              value: RTC1 @ 0x20003F74
            - name:
                Named: QDEC
              type_name:
                Struct: QDEC
              value: QDEC @ 0x20003F74
            - name:
                Named: COMP
              type_name:
                Struct: COMP
              value: COMP @ 0x20003F74
            - name:
                Named: LPCOMP
              type_name:
                Struct: LPCOMP
              value: LPCOMP @ 0x20003F74
            - name:
                Named: EGU0
              type_name:
                Struct: EGU0
              value: EGU0 @ 0x20003F74
            - name:
                Named: SWI0
              type_name:
                Struct: SWI0
              value: SWI0 @ 0x20003F74
            - name:
                Named: EGU1
              type_name:
                Struct: EGU1
              value: EGU1 @ 0x20003F74
            - name:
                Named: SWI1
              type_name:
                Struct: SWI1
              value: SWI1 @ 0x20003F74
            - name:
                Named: EGU2
              type_name:
                Struct: EGU2
              value: EGU2 @ 0x20003F74
            - name:
                Named: SWI2
              type_name:
                Struct: SWI2
              value: SWI2 @ 0x20003F74
            - name:
                Named: EGU3
              type_name:
                Struct: EGU3
              value: EGU3 @ 0x20003F74
            - name:
                Named: SWI3
              type_name:
                Struct: SWI3
              value: SWI3 @ 0x20003F74
            - name:
                Named: EGU4
              type_name:
                Struct: EGU4
              value: EGU4 @ 0x20003F74
            - name:
                Named: SWI4
              type_name:
                Struct: SWI4
              value: SWI4 @ 0x20003F74
            - name:
                Named: EGU5
              type_name:
                Struct: EGU5
              value: EGU5 @ 0x20003F74
            - name:
                Named: SWI5
              type_name:
                Struct: SWI5
              value: SWI5 @ 0x20003F74
            - name:
                Named: TIMER3
              type_name:
                Struct: TIMER3
              value: TIMER3 @ 0x20003F74
            - name:
                Named: TIMER4
              type_name:
                Struct: TIMER4
              value: TIMER4 @ 0x20003F74
            - name:
                Named: PWM0
              type_name:
                Struct: PWM0
              value: PWM0 @ 0x20003F74
            - name:
                Named: PDM
              type_name:
                Struct: PDM
              value: PDM @ 0x20003F74
            - name:
                Named: ACL
              type_name:
                Struct: ACL
              value: ACL @ 0x20003F74
            - name:
                Named: NVMC
              type_name:
                Struct: NVMC
              value: NVMC @ 0x20003F74
            - name:
                Named: PPI
              type_name:
                Struct: PPI
              value: PPI @ 0x20003F74
            - name:
                Named: MWU
              type_name:
                Struct: MWU
              value: MWU @ 0x20003F74
            - name:
                Named: PWM1
              type_name:
                Struct: PWM1
              value: PWM1 @ 0x20003F74
            - name:
                Named: PWM2
              type_name:
                Struct: PWM2
              value: PWM2 @ 0x20003F74
            - name:
                Named: SPI2
              type_name:
                Struct: SPI2
              value: SPI2 @ 0x20003F74
            - name:
                Named: SPIM2
              type_name:
                Struct: SPIM2
              value: SPIM2 @ 0x20003F74
            - name:
                Named: SPIS2
              type_name:
                Struct: SPIS2
              value: SPIS2 @ 0x20003F74
            - name:
                Named: RTC2
              type_name:
                Struct: RTC2
              value: RTC2 @ 0x20003F74
            - name:
                Named: I2S
              type_name:
                Struct: I2S
              value: I2S @ 0x20003F74
            - name:
                Named: USBD
              type_name:
                Struct: USBD
              value: USBD @ 0x20003F74
            - name:
                Named: UARTE1
              type_name:
                Struct: UARTE1
              value: UARTE1 @ 0x20003F74
            - name:
                Named: PWM3
              type_name:
                Struct: PWM3
              value: PWM3 @ 0x20003F74
            - name:
                Named: SPIM3
              type_name:
                Struct: SPIM3
              value: SPIM3 @ 0x20003F74
        - name:
            Named: core
          type_name:
            Struct: Peripherals
          value: Peripherals @ 0x20003F75
          source_location:
            path: /Users/jacknoppe/dev/debug/probe-rs-debugger-test/src/bin/nRF52833_xxAA.rs
            line: 22
            column: ~
            address: ~
          children:
            - name:
                Named: CBP
              type_name:
                Struct: CBP
              value: CBP @ 0x20003F75
            - name:
                Named: CPUID
              type_name:
                Struct: CPUID
              value: CPUID @ 0x20003F75
            - name:
                Named: DCB
              type_name:
                Struct: DCB
              value: DCB @ 0x20003F75
            - name:
                Named: DWT
              type_name:
                Struct: DWT
              value: DWT @ 0x20003F75
            - name:
                Named: FPB
              type_name:
                Struct: FPB
              value: FPB @ 0x20003F75
            - name:
                Named: FPU
              type_name:
                Struct: FPU
              value: FPU @ 0x20003F75
            - name:
                Named: ICB
              type_name:
                Struct: ICB
              value: ICB @ 0x20003F75
            - name:
                Named: ITM
              type_name:
                Struct: ITM
              value: ITM @ 0x20003F75
            - name:
                Named: MPU
              type_name:
                Struct: MPU
              value: MPU @ 0x20003F75
            - name:
                Named: NVIC
              type_name:
                Struct: NVIC
              value: NVIC @ 0x20003F75
            - name:
                Named: SAU
              type_name:
                Struct: SAU
              value: SAU @ 0x20003F75
            - name:
                Named: SCB
              type_name:
                Struct: SCB
              value: SCB @ 0x20003F75
            - name:
                Named: SYST
              type_name:
                Struct: SYST
              value: SYST @ 0x20003F75
            - name:
                Named: TPIU
              type_name:
                Struct: TPIU
              value: TPIU @ 0x20003F75
            - name:
                Named: _priv
              type_name:
                Base: ()
              value: ()
        - name:
            Named: clocks
          type_name:
            Struct: "Clocks<nrf_hal_common::clocks::ExternalOscillator, nrf_hal_common::clocks::Internal, nrf_hal_common::clocks::LfOscStopped>"
          value: "Clocks<nrf_hal_common::clocks::ExternalOscillator, nrf_hal_common::clocks::Internal, nrf_hal_common::clocks::LfOscStopped> @ 0x20003F76"
          source_location:
            path: /Users/jacknoppe/dev/debug/probe-rs-debugger-test/src/bin/nRF52833_xxAA.rs
            line: 23
            column: ~
            address: ~
          children:
            - name:
                Named: hfclk
              type_name:
                Struct: ExternalOscillator
              value: ExternalOscillator @ 0x20003F76
            - name:
                Named: lfclk
              type_name:
                Struct: Internal
              value: Internal @ 0x20003F76
            - name:
                Named: lfstat
              type_name:
                Struct: LfOscStopped
              value: LfOscStopped @ 0x20003F76
            - name:
                Named: periph
              type_name:
                Struct: CLOCK
              value: CLOCK @ 0x20003F76
  canonical_frame_address: 536887288
- function_name: __cortex_m_rt_main
  source_location:
    path: /Users/jacknoppe/dev/debug/probe-rs-debugger-test/src/bin/nRF52833_xxAA.rs
    line: 19
    column: LeftEdge
    address: 948
  registers:
    - core_register:
        id: 0
        roles:
          - Core: R0
          - Argument: a1
          - Return: r1
        data_type:
          UnsignedInteger: 32
      dwarf_id: 0
      value: ~
    - core_register:
        id: 1
        roles:
          - Core: R1
          - Argument: a2
          - Return: r2
        data_type:
          UnsignedInteger: 32
      dwarf_id: 1
      value: ~
    - core_register:
        id: 2
        roles:
          - Core: R2
          - Argument: a3
        data_type:
          UnsignedInteger: 32
      dwarf_id: 2
      value: ~
    - core_register:
        id: 3
        roles:
          - Core: R3
          - Argument: a4
        data_type:
          UnsignedInteger: 32
      dwarf_id: 3
      value: ~
    - core_register:
        id: 4
        roles:
          - Core: R4
        data_type:
          UnsignedInteger: 32
      dwarf_id: 4
      value:
        U32: 0
    - core_register:
        id: 5
        roles:
          - Core: R5
        data_type:
          UnsignedInteger: 32
      dwarf_id: 5
      value:
        U32: 0
    - core_register:
        id: 6
        roles:
          - Core: R6
        data_type:
          UnsignedInteger: 32
      dwarf_id: 6
      value:
        U32: 0
    - core_register:
        id: 7
        roles:
          - Core: R7
          - FramePointer
        data_type:
          UnsignedInteger: 32
      dwarf_id: 7
      value:
        U32: 536887288
    - core_register:
        id: 8
        roles:
          - Core: R8
        data_type:
          UnsignedInteger: 32
      dwarf_id: 8
      value:
        U32: 0
    - core_register:
        id: 9
        roles:
          - Core: R9
        data_type:
          UnsignedInteger: 32
      dwarf_id: 9
      value: ~
    - core_register:
        id: 10
        roles:
          - Core: R10
        data_type:
          UnsignedInteger: 32
      dwarf_id: 10
      value:
        U32: 0
    - core_register:
        id: 11
        roles:
          - Core: R11
        data_type:
          UnsignedInteger: 32
      dwarf_id: 11
      value:
        U32: 0
    - core_register:
        id: 12
        roles:
          - Core: R12
        data_type:
          UnsignedInteger: 32
      dwarf_id: 12
      value:
        U32: 0
    - core_register:
        id: 13
        roles:
          - Core: R13
          - StackPointer
        data_type:
          UnsignedInteger: 32
      dwarf_id: 13
      value:
        U32: 536887288
    - core_register:
        id: 14
        roles:
          - Core: R14
          - ReturnAddress
        data_type:
          UnsignedInteger: 32
      dwarf_id: 14
      value:
        U32: 949
    - core_register:
        id: 15
        roles:
          - Core: R15
          - ProgramCounter
        data_type:
          UnsignedInteger: 32
      dwarf_id: 15
      value:
        U32: 948
    - core_register:
        id: 17
        roles:
          - Core: MSP
          - MainStackPointer
        data_type:
          UnsignedInteger: 32
      dwarf_id: 16
      value: ~
    - core_register:
        id: 18
        roles:
          - Core: PSP
          - ProcessStackPointer
        data_type:
          UnsignedInteger: 32
      dwarf_id: 17
      value: ~
    - core_register:
        id: 16
        roles:
          - Core: XPSR
          - ProcessorStatus
        data_type:
          UnsignedInteger: 32
      dwarf_id: 18
      value:
        U32: 16777216
    - core_register:
        id: 20
        roles:
          - Core: EXTRA
          - Other: EXTRA
        data_type:
          UnsignedInteger: 32
      dwarf_id: 19
      value: ~
  pc:
    U32: 948
  frame_base: 536887288
  is_inlined: false
  local_variables:
    Child Variables:
      name: LocalScopeRoot
      type_name: Unknown
      value: "<unknown>"
  canonical_frame_address: 536887288
