---
source: tests/test.rs
expression: run_result.output

---
(HOST) DEBUG vector table: VectorTable { initial_stack_pointer: 2003fbc8, hard_fault: 15b1 }
(HOST) DEBUG RAM region: 0x20000000-0x2003FFFF
(HOST) DEBUG section `.data` is in RAM at 0x2003FBC8 ..= 0x2003FBF7
(HOST) DEBUG section `.bss` is in RAM at 0x2003FBF8 ..= 0x2003FBFF
(HOST) DEBUG section `.uninit` is in RAM at 0x2003FC00 ..= 0x2003FFFF
(HOST) DEBUG valid SP range: 0x20000000 ..= 0x2003FBC7
(HOST) DEBUG found 1 probes
(HOST) DEBUG opened probe
(HOST) DEBUG started session
(HOST) INFO  flashing program (6.57 KiB)
(HOST) INFO  success!
(HOST) DEBUG 261062 bytes of stack available (0x20000000 ..= 0x2003FBC7), using 1024 byte canary
(HOST) TRACE setting up canary took 0.012s (83.61 KiB/s)
(HOST) DEBUG starting device
(HOST) DEBUG Successfully attached RTT
────────────────────────────────────────────────────────────────────────────────
ERROR panicked at 'explicit panic'
────────────────────────────────────────────────────────────────────────────────
(HOST) TRACE reading canary took 0.011s (92.16 KiB/s)
(HOST) DEBUG stack canary intact
(HOST) DEBUG LR=0xFFFFFFF9 PC=0x000015B0
(HOST) DEBUG LR=0x000001C9 PC=0x000008DE
(HOST) DEBUG update_cfa: CFA changed Some(2003fb90) -> 2003fb98
(HOST) DEBUG LR=0x000001D3 PC=0x000001C8
(HOST) DEBUG update_cfa: CFA changed Some(2003fb98) -> 2003fba0
(HOST) DEBUG LR=0x000001BF PC=0x000001D2
(HOST) DEBUG update_cfa: CFA changed Some(2003fba0) -> 2003fbb0
(HOST) DEBUG LR=0x00000195 PC=0x000001BE
(HOST) DEBUG update_cfa: CFA changed Some(2003fbb0) -> 2003fbb8
(HOST) DEBUG LR=0x000001DD PC=0x00000194
(HOST) DEBUG update_cfa: CFA changed Some(2003fbb8) -> 2003fbc0
(HOST) DEBUG LR=0x0000018B PC=0x000001DC
(HOST) DEBUG update_cfa: CFA changed Some(2003fbc0) -> 2003fbc8
(HOST) DEBUG LR=0xFFFFFFFF PC=0x0000018A
stack backtrace:
   0: HardFaultTrampoline
      <exception entry>
   1: lib::inline::__udf
        at ./asm/inline.rs:172:5
   2: __udf
        at ./asm/lib.rs:49:17
   3: cortex_m::asm::udf
        at [cortex-m-0.7.3]/src/asm.rs:43:5
   4: _defmt_panic
        at /tmp/app/src/lib.rs:11:5
   5: defmt::export::panic
        at /home/japaric/.cargo/git/checkouts/defmt-52fbd7917982cfac/e021e7d/src/export.rs:266:14
   6: panic::__cortex_m_rt_main
        at /tmp/app/src/bin/panic.rs:8:5
   7: main
        at /tmp/app/src/bin/panic.rs:6:1
   8: ResetTrampoline
        at [cortex-m-rt-0.6.14]/src/lib.rs:547:26
   9: Reset
        at [cortex-m-rt-0.6.14]/src/lib.rs:550:13
(HOST) ERROR the program panicked

