---
source: tests/test.rs
expression: run_result.output

---
(HOST) INFO  flashing program (6.25 KiB)
(HOST) INFO  success!
────────────────────────────────────────────────────────────────────────────────
 INFO  ack(m=10, n=10)
 INFO  ack(m=10, n=9)
 INFO  ack(m=10, n=8)
 INFO  ack(m=10, n=7)
 INFO  ack(m=10, n=6)
 INFO  ack(m=10, n=5)
 INFO  ack(m=10, n=4)
 INFO  ack(m=10, n=3)
 INFO  ack(m=10, n=2)
 INFO  ack(m=10, n=1)
 INFO  ack(m=10, n=0)
 INFO  ack(m=9, n=1)
 INFO  ack(m=9, n=0)
 INFO  ack(m=8, n=1)
 INFO  ack(m=8, n=0)
 INFO  ack(m=7, n=1)
 INFO  ack(m=7, n=0)
 INFO  ack(m=6, n=1)
 INFO  ack(m=6, n=0)
 INFO  ack(m=5, n=1)
 INFO  ack(m=5, n=0)
 INFO  ack(m=4, n=1)
 INFO  ack(m=4, n=0)
 INFO  ack(m=3, n=1)
 INFO  ack(m=3, n=0)
 INFO  ack(m=2, n=1)
 INFO  ack(m=2, n=0)
 INFO  ack(m=1, n=1)
 INFO  ack(m=1, n=0)
 INFO  ack(m=0, n=1)
 INFO  ack(m=0, n=2)
 INFO  ack(m=1, n=3)
 INFO  ack(m=1, n=2)
 INFO  ack(m=1, n=1)
 INFO  ack(m=1, n=0)
 INFO  ack(m=0, n=1)
 INFO  ack(m=0, n=2)
 INFO  ack(m=0, n=3)
 INFO  ack(m=0, n=4)
 INFO  ack(m=2, n=5)
 INFO  ack(m=2, n=4)
 INFO  ack(m=2, n=3)
 INFO  ack(m=2, n=2)
 INFO  ack(m=2, n=1)
 INFO  ack(m=2, n=0)
 INFO  ack(m=1, n=1)
 INFO  ack(m=1, n=0)
 INFO  ack(m=0, n=1)
 INFO  ack(m=0, n=2)
 INFO  ack(m=1, n=3)
 INFO  ack(m=1, n=2)
 INFO  ack(m=1, n=1)
 INFO  ack(m=1, n=0)
 INFO  ack(m=0, n=1)
 INFO  ack(m=0, n=2)
 INFO  ack(m=0, n=3)
 INFO  ack(m=0, n=4)
 INFO  ack(m=1, n=5)
 INFO  ack(m=1, n=4)
 INFO  ack(m=1, n=3)
 INFO  ack(m=1, n=2)
 INFO  ack(m=1, n=1)
 INFO  ack(m=1, n=0)
 INFO  ack(m=0, n=1)
 INFO  ack(m=0, n=2)
 INFO  ack(m=0, n=3)
 INFO  ack(m=0, n=4)
 INFO  ack(m=0, n=5)
 INFO  ack(m=0, n=6)
 INFO  ack(m=1, n=7)
 INFO  ack(m=1, n=6)
 INFO  ack(m=1, n=5)
 INFO  ack(m=1, n=4)
 INFO  ack(m=1, n=3)
 INFO  ack(m=1, n=2)
 INFO  ack(m=1, n=1)
 INFO  ack(m=1, n=0)
 INFO  ack(m=0, n=1)
 INFO  ack(m=0, n=2)
 INFO  ack(m=0, n=3)
 INFO  ack(m=0, n=4)
 INFO  ack(m=0, n=5)
 INFO  ack(m=0, n=6)
 INFO  ack(m=0, n=7)
 INFO  ack(m=0, n=8)
 INFO  ack(m=1, n=9)
 INFO  ack(m=1, n=8)
 INFO  ack(m=1, n=7)
 INFO  ack(m=1, n=6)
 INFO  ack(m=1, n=5)
 INFO  ack(m=1, n=4)
 INFO  ack(m=1, n=3)
 INFO  ack(m=1, n=2)
 INFO  ack(m=1, n=1)
 INFO  ack(m=1, n=0)
 INFO  ack(m=0, n=1)
 INFO  ack(m=0, n=2)
 INFO  ack(m=0, n=3)
 INFO  ack(m=0, n=4)
 INFO  ack(m=0, n=5)
 INFO  ack(m=0, n=6)
 INFO  ack(m=0, n=7)
 INFO  ack(m=0, n=8)
 INFO  ack(m=0, n=9)
 INFO  ack(m=0, n=10)
 INFO  ack(m=1, n=11)
 INFO  ack(m=1, n=10)
 INFO  ack(m=1, n=9)
 INFO  ack(m=1, n=8)
 INFO  ack(m=1, n=7)
 INFO  ack(m=1, n=6)
 INFO  ack(m=1, n=5)
 INFO  ack(m=1, n=4)
 INFO  ack(m=1, n=3)
 INFO  ack(m=1, n=2)
 INFO  ack(m=1, n=1)
 INFO  ack(m=1, n=0)
 INFO  ack(m=0, n=1)
 INFO  ack(m=0, n=2)
 INFO  ack(m=0, n=3)
 INFO  ack(m=0, n=4)
 INFO  ack(m=0, n=5)
 INFO  ack(m=0, n=6)
 INFO  ack(m=0, n=7)
 INFO  ack(m=0, n=8)
 INFO  ack(m=0, n=9)
 INFO  ack(m=0, n=10)
 INFO  ack(m=0, n=11)
 INFO  ack(m=0, n=12)
 INFO  ack(m=3, n=13)
 INFO  ack(m=3, n=12)
 INFO  ack(m=3, n=11)
 INFO  ack(m=3, n=10)
 INFO  ack(m=3, n=9)
 INFO  ack(m=3, n=8)
 INFO  ack(m=3, n=7)
 INFO  ack(m=3, n=6)
 INFO  ack(m=3, n=5)
 INFO  ack(m=3, n=4)
 INFO  ack(m=3, n=3)
 INFO  ack(m=3, n=2)
 INFO  ack(m=3, n=1)
 INFO  ack(m=3, n=0)
 INFO  ack(m=2, n=1)
 INFO  ack(m=2, n=0)
 INFO  ack(m=1, n=1)
 INFO  ack(m=1, n=0)
 INFO  ack(m=0, n=1)
 INFO  ack(m=0, n=2)
 INFO  ack(m=1, n=3)
 INFO  ack(m=1, n=2)
 INFO  ack(m=1, n=1)
 INFO  ack(m=1, n=0)
 INFO  ack(m=0, n=1)
 INFO  ack(m=0, n=2)
 INFO  ack(m=0, n=3)
 INFO  ack(m=0, n=4)
 INFO  ack(m=2, n=5)
 INFO  ack(m=2, n=4)
 INFO  ack(m=2, n=3)
 INFO  ack(m=2, n=2)
 INFO  ack(m=2, n=1)
 INFO  ack(m=2, n=0)
 INFO  ack(m=1, n=1)
 INFO  ack(m=1, n=0)
 INFO  ack(m=0, n=1)
 INFO  ack(m=0, n=2)
 INFO  ack(m=1, n=3)
 INFO  ack(m=1, n=2)
 INFO  ack(m=1, n=1)
 INFO  ack(m=1, n=0)
 INFO  ack(m=0, n=1)
 INFO  ack(m=0, n=2)
 INFO  ack(m=0, n=3)
 INFO  ack(m=0, n=4)
 INFO  ack(m=1, n=5)
 INFO  ack(m=1, n=4)
 INFO  ack(m=1, n=3)
 INFO  ack(m=1, n=2)
 INFO  ack(m=1, n=1)
 INFO  ack(m=1, n=0)
 INFO  ack(m=0, n=1)
 INFO  ack(m=0, n=2)
 INFO  ack(m=0, n=3)
 INFO  ack(m=0, n=4)
 INFO  ack(m=0, n=5)
 INFO  ack(m=0, n=6)
 INFO  ack(m=1, n=7)
 INFO  ack(m=1, n=6)
 INFO  ack(m=1, n=5)
 INFO  ack(m=1, n=4)
 INFO  ack(m=1, n=3)
 INFO  ack(m=1, n=2)
 INFO  ack(m=1, n=1)
 INFO  ack(m=1, n=0)
 INFO  ack(m=0, n=1)
 INFO  ack(m=0, n=2)
 INFO  ack(m=0, n=3)
 INFO  ack(m=0, n=4)
 INFO  ack(m=0, n=5)
 INFO  ack(m=0, n=6)
 INFO  ack(m=0, n=7)
 INFO  ack(m=0, n=8)
 INFO  ack(m=1, n=9)
 INFO  ack(m=1, n=8)
 INFO  ack(m=1, n=7)
 INFO  ack(m=1, n=6)
 INFO  ack(m=1, n=5)
 INFO  ack(m=1, n=4)
 INFO  ack(m=1, n=3)
 INFO  ack(m=1, n=2)
 INFO  ack(m=1, n=1)
 INFO  ack(m=1, n=0)
 INFO  ack(m=0, n=1)
 INFO  ack(m=0, n=2)
 INFO  ack(m=0, n=3)
 INFO  ack(m=0, n=4)
 INFO  ack(m=0, n=5)
 INFO  ack(m=0, n=6)
 INFO  ack(m=0, n=7)
 INFO  ack(m=0, n=8)
 INFO  ack(m=0, n=9)
 INFO  ack(m=0, n=10)
 INFO  ack(m=1, n=11)
 INFO  ack(m=1, n=10)
 INFO  ack(m=1, n=9)
 INFO  ack(m=1, n=8)
 INFO  ack(m=1, n=7)
 INFO  ack(m=1, n=6)
 INFO  ack(m=1, n=5)
 INFO  ack(m=1, n=4)
 INFO  ack(m=1, n=3)
 INFO  ack(m=1, n=2)
 INFO  ack(m=1, n=1)
 INFO  ack(m=1, n=0)
 INFO  ack(m=0, n=1)
 INFO  ack(m=0, n=2)
 INFO  ack(m=0, n=3)
 INFO  ack(m=0, n=4)
 INFO  ack(m=0, n=5)
 INFO  ack(m=0, n=6)
 INFO  ack(m=0, n=7)
 INFO  ack(m=0, n=8)
 INFO  ack(m=0, n=9)
 INFO  ack(m=0, n=10)
 INFO  ack(m=0, n=11)
 INFO  ack(m=0, n=12)
 INFO  ack(m=2, n=13)
 INFO  ack(m=2, n=12)
 INFO  ack(m=2, n=11)
 INFO  ack(m=2, n=10)
 INFO  ack(m=2, n=9)
 INFO  ack(m=2, n=8)
 INFO  ack(m=2, n=7)
 INFO  ack(m=2, n=6)
 INFO  ack(m=2, n=5)
 INFO  ack(m=2, n=4)
 INFO  ack(m=2, n=3)
 INFO  ack(m=2, n=2)
 INFO  ack(m=2, n=1)
 INFO  ack(m=2, n=0)
 INFO  ack(m=1, n=1)
 INFO  ack(m=1, n=0)
 INFO  ack(m=0, n=1)
 INFO  ack(m=0, n=2)
 INFO  ack(m=1, n=3)
 INFO  ack(m=1, n=2)
 INFO  ack(m=1, n=1)
 INFO  ack(m=1, n=0)
 INFO  ack(m=0, n=1)
 INFO  ack(m=0, n=2)
 INFO  ack(m=0, n=3)
 INFO  ack(m=0, n=4)
 INFO  ack(m=1, n=5)
 INFO  ack(m=1, n=4)
 INFO  ack(m=1, n=3)
 INFO  ack(m=1, n=2)
 INFO  ack(m=1, n=1)
 INFO  ack(m=1, n=0)
 INFO  ack(m=0, n=1)
 INFO  ack(m=0, n=2)
 INFO  ack(m=0, n=3)
 INFO  ack(m=0, n=4)
 INFO  ack(m=0, n=5)
 INFO  ack(m=0, n=6)
 INFO  ack(m=1, n=7)
 INFO  ack(m=1, n=6)
 INFO  ack(m=1, n=5)
 INFO  ack(m=1, n=4)
 INFO  ack(m=1, n=3)
 INFO  ack(m=1, n=2)
 INFO  ack(m=1, n=1)
 INFO  ack(m=1, n=0)
 INFO  ack(m=0, n=1)
 INFO  ack(m=0, n=2)
 INFO  ack(m=0, n=3)
 INFO  ack(m=0, n=4)
 INFO  ack(m=0, n=5)
 INFO  ack(m=0, n=6)
 INFO  ack(m=0, n=7)
 INFO  ack(m=0, n=8)
 INFO  ack(m=1, n=9)
 INFO  ack(m=1, n=8)
 INFO  ack(m=1, n=7)
 INFO  ack(m=1, n=6)
 INFO  ack(m=1, n=5)
 INFO  ack(m=1, n=4)
 INFO  ack(m=1, n=3)
 INFO  ack(m=1, n=2)
 INFO  ack(m=1, n=1)
 INFO  ack(m=1, n=0)
 INFO  ack(m=0, n=1)
 INFO  ack(m=0, n=2)
 INFO  ack(m=0, n=3)
 INFO  ack(m=0, n=4)
 INFO  ack(m=0, n=5)
 INFO  ack(m=0, n=6)
 INFO  ack(m=0, n=7)
 INFO  ack(m=0, n=8)
 INFO  ack(m=0, n=9)
 INFO  ack(m=0, n=10)
 INFO  ack(m=1, n=11)
 INFO  ack(m=1, n=10)
 INFO  ack(m=1, n=9)
 INFO  ack(m=1, n=8)
 INFO  ack(m=1, n=7)
 INFO  ack(m=1, n=6)
 INFO  ack(m=1, n=5)
 INFO  ack(m=1, n=4)
 INFO  ack(m=1, n=3)
 INFO  ack(m=1, n=2)
 INFO  ack(m=1, n=1)
 INFO  ack(m=1, n=0)
 INFO  ack(m=0, n=1)
 INFO  ack(m=0, n=2)
 INFO  ack(m=0, n=3)
 INFO  ack(m=0, n=4)
 INFO  ack(m=0, n=5)
 INFO  ack(m=0, n=6)
 INFO  ack(m=0, n=7)
 INFO  ack(m=0, n=8)
 INFO  ack(m=0, n=9)
 INFO  ack(m=0, n=10)
 INFO  ack(m=0, n=11)
 INFO  ack(m=0, n=12)
 INFO  ack(m=1, n=13)
 INFO  ack(m=1, n=12)
 INFO  ack(m=1, n=11)
 INFO  ack(m=1, n=10)
 INFO  ack(m=1, n=9)
 INFO  ack(m=1, n=8)
 INFO  ack(m=1, n=7)
 INFO  ack(m=1, n=6)
 INFO  ack(m=1, n=5)
 INFO  ack(m=1, n=4)
 INFO  ack(m=1, n=3)
 INFO  ack(m=1, n=2)
 INFO  ack(m=1, n=1)
 INFO  ack(m=1, n=0)
 INFO  ack(m=0, n=1)
 INFO  ack(m=0, n=2)
 INFO  ack(m=0, n=3)
 INFO  ack(m=0, n=4)
 INFO  ack(m=0, n=5)
 INFO  ack(m=0, n=6)
 INFO  ack(m=0, n=7)
 INFO  ack(m=0, n=8)
 INFO  ack(m=0, n=9)
 INFO  ack(m=0, n=10)
 INFO  ack(m=0, n=11)
 INFO  ack(m=0, n=12)
 INFO  ack(m=0, n=13)
 INFO  ack(m=0, n=14)
 INFO  ack(m=1, n=15)
 INFO  ack(m=1, n=14)
 INFO  ack(m=1, n=13)
 INFO  ack(m=1, n=12)
 INFO  ack(m=1, n=11)
 INFO  ack(m=1, n=10)
 INFO  ack(m=1, n=9)
 INFO  ack(m=1, n=8)
 INFO  ack(m=1, n=7)
 INFO  ack(m=1, n=6)
 INFO  ack(m=1, n=5)
 INFO  ack(m=1, n=4)
 INFO  ack(m=1, n=3)
 INFO  ack(m=1, n=2)
 INFO  ack(m=1, n=1)
 INFO  ack(m=1, n=0)
 INFO  ack(m=0, n=1)
 INFO  ack(m=0, n=2)
 INFO  ack(m=0, n=3)
 INFO  ack(m=0, n=4)
 INFO  ack(m=0, n=5)
 INFO  ack(m=0, n=6)
 INFO  ack(m=0, n=7)
 INFO  ack(m=0, n=8)
 INFO  ack(m=0, n=9)
 INFO  ack(m=0, n=10)
 INFO  ack(m=0, n=11)
 INFO  ack(m=0, n=12)
 INFO  ack(m=0, n=13)
 INFO  ack(m=0, n=14)
 INFO  ack(m=0, n=15)
 INFO  ack(m=0, n=16)
 INFO  ack(m=1, n=17)
 INFO  ack(m=1, n=16)
 INFO  ack(m=1, n=15)
 INFO  ack(m=1, n=14)
 INFO  ack(m=1, n=13)
 INFO  ack(m=1, n=12)
 INFO  ack(m=1, n=11)
 INFO  ack(m=1, n=10)
 INFO  ack(m=1, n=9)
 INFO  ack(m=1, n=8)
 INFO  ack(m=1, n=7)
 INFO  ack(m=1, n=6)
 INFO  ack(m=1, n=5)
 INFO  ack(m=1, n=4)
 INFO  ack(m=1, n=3)
 INFO  ack(m=1, n=2)
 INFO  ack(m=1, n=1)
 INFO  ack(m=1, n=0)
 INFO  ack(m=0, n=1)
 INFO  ack(m=0, n=2)
 INFO  ack(m=0, n=3)
 INFO  ack(m=0, n=4)
 INFO  ack(m=0, n=5)
 INFO  ack(m=0, n=6)
 INFO  ack(m=0, n=7)
 INFO  ack(m=0, n=8)
 INFO  ack(m=0, n=9)
 INFO  ack(m=0, n=10)
 INFO  ack(m=0, n=11)
 INFO  ack(m=0, n=12)
 INFO  ack(m=0, n=13)
 INFO  ack(m=0, n=14)
 INFO  ack(m=0, n=15)
 INFO  ack(m=0, n=16)
 INFO  ack(m=0, n=17)
 INFO  ack(m=0, n=18)
 INFO  ack(m=1, n=19)
 INFO  ack(m=1, n=18)
 INFO  ack(m=1, n=17)
 INFO  ack(m=1, n=16)
 INFO  ack(m=1, n=15)
 INFO  ack(m=1, n=14)
 INFO  ack(m=1, n=13)
 INFO  ack(m=1, n=12)
 INFO  ack(m=1, n=11)
 INFO  ack(m=1, n=10)
 INFO  ack(m=1, n=9)
 INFO  ack(m=1, n=8)
 INFO  ack(m=1, n=7)
 INFO  ack(m=1, n=6)
 INFO  ack(m=1, n=5)
 INFO  ack(m=1, n=4)
 INFO  ack(m=1, n=3)
 INFO  ack(m=1, n=2)
 INFO  ack(m=1, n=1)
 INFO  ack(m=1, n=0)
 INFO  ack(m=0, n=1)
 INFO  ack(m=0, n=2)
 INFO  ack(m=0, n=3)
 INFO  ack(m=0, n=4)
 INFO  ack(m=0, n=5)
 INFO  ack(m=0, n=6)
 INFO  ack(m=0, n=7)
 INFO  ack(m=0, n=8)
 INFO  ack(m=0, n=9)
 INFO  ack(m=0, n=10)
 INFO  ack(m=0, n=11)
 INFO  ack(m=0, n=12)
 INFO  ack(m=0, n=13)
 INFO  ack(m=0, n=14)
 INFO  ack(m=0, n=15)
 INFO  ack(m=0, n=16)
 INFO  ack(m=0, n=17)
 INFO  ack(m=0, n=18)
 INFO  ack(m=0, n=19)
 INFO  ack(m=0, n=20)
 INFO  ack(m=1, n=21)
 INFO  ack(m=1, n=20)
 INFO  ack(m=1, n=19)
 INFO  ack(m=1, n=18)
 INFO  ack(m=1, n=17)
 INFO  ack(m=1, n=16)
 INFO  ack(m=1, n=15)
 INFO  ack(m=1, n=14)
 INFO  ack(m=1, n=13)
 INFO  ack(m=1, n=12)
 INFO  ack(m=1, n=11)
 INFO  ack(m=1, n=10)
 INFO  ack(m=1, n=9)
 INFO  ack(m=1, n=8)
 INFO  ack(m=1, n=7)
 INFO  ack(m=1, n=6)
 INFO  ack(m=1, n=5)
 INFO  ack(m=1, n=4)
 INFO  ack(m=1, n=3)
 INFO  ack(m=1, n=2)
 INFO  ack(m=1, n=1)
 INFO  ack(m=1, n=0)
 INFO  ack(m=0, n=1)
 INFO  ack(m=0, n=2)
 INFO  ack(m=0, n=3)
 INFO  ack(m=0, n=4)
 INFO  ack(m=0, n=5)
 INFO  ack(m=0, n=6)
 INFO  ack(m=0, n=7)
 INFO  ack(m=0, n=8)
 INFO  ack(m=0, n=9)
 INFO  ack(m=0, n=10)
 INFO  ack(m=0, n=11)
 INFO  ack(m=0, n=12)
 INFO  ack(m=0, n=13)
 INFO  ack(m=0, n=14)
 INFO  ack(m=0, n=15)
 INFO  ack(m=0, n=16)
 INFO  ack(m=0, n=17)
 INFO  ack(m=0, n=18)
 INFO  ack(m=0, n=19)
 INFO  ack(m=0, n=20)
 INFO  ack(m=0, n=21)
 INFO  ack(m=0, n=22)
 INFO  ack(m=1, n=23)
 INFO  ack(m=1, n=22)
 INFO  ack(m=1, n=21)
 INFO  ack(m=1, n=20)
 INFO  ack(m=1, n=19)
 INFO  ack(m=1, n=18)
 INFO  ack(m=1, n=17)
 INFO  ack(m=1, n=16)
 INFO  ack(m=1, n=15)
 INFO  ack(m=1, n=14)
 INFO  ack(m=1, n=13)
 INFO  ack(m=1, n=12)
 INFO  ack(m=1, n=11)
 INFO  ack(m=1, n=10)
 INFO  ack(m=1, n=9)
 INFO  ack(m=1, n=8)
 INFO  ack(m=1, n=7)
 INFO  ack(m=1, n=6)
 INFO  ack(m=1, n=5)
 INFO  ack(m=1, n=4)
 INFO  ack(m=1, n=3)
 INFO  ack(m=1, n=2)
 INFO  ack(m=1, n=1)
 INFO  ack(m=1, n=0)
 INFO  ack(m=0, n=1)
 INFO  ack(m=0, n=2)
 INFO  ack(m=0, n=3)
 INFO  ack(m=0, n=4)
 INFO  ack(m=0, n=5)
 INFO  ack(m=0, n=6)
 INFO  ack(m=0, n=7)
 INFO  ack(m=0, n=8)
 INFO  ack(m=0, n=9)
 INFO  ack(m=0, n=10)
 INFO  ack(m=0, n=11)
 INFO  ack(m=0, n=12)
 INFO  ack(m=0, n=13)
 INFO  ack(m=0, n=14)
 INFO  ack(m=0, n=15)
 INFO  ack(m=0, n=16)
 INFO  ack(m=0, n=17)
 INFO  ack(m=0, n=18)
 INFO  ack(m=0, n=19)
 INFO  ack(m=0, n=20)
 INFO  ack(m=0, n=21)
 INFO  ack(m=0, n=22)
 INFO  ack(m=0, n=23)
 INFO  ack(m=0, n=24)
 INFO  ack(m=1, n=25)
 INFO  ack(m=1, n=24)
 INFO  ack(m=1, n=23)
 INFO  ack(m=1, n=22)
 INFO  ack(m=1, n=21)
 INFO  ack(m=1, n=20)
 INFO  ack(m=1, n=19)
 INFO  ack(m=1, n=18)
 INFO  ack(m=1, n=17)
 INFO  ack(m=1, n=16)
 INFO  ack(m=1, n=15)
 INFO  ack(m=1, n=14)
 INFO  ack(m=1, n=13)
 INFO  ack(m=1, n=12)
 INFO  ack(m=1, n=11)
 INFO  ack(m=1, n=10)
 INFO  ack(m=1, n=9)
 INFO  ack(m=1, n=8)
 INFO  ack(m=1, n=7)
 INFO  ack(m=1, n=6)
 INFO  ack(m=1, n=5)
 INFO  ack(m=1, n=4)
 INFO  ack(m=1, n=3)
 INFO  ack(m=1, n=2)
 INFO  ack(m=1, n=1)
 INFO  ack(m=1, n=0)
 INFO  ack(m=0, n=1)
 INFO  ack(m=0, n=2)
 INFO  ack(m=0, n=3)
 INFO  ack(m=0, n=4)
 INFO  ack(m=0, n=5)
 INFO  ack(m=0, n=6)
 INFO  ack(m=0, n=7)
 INFO  ack(m=0, n=8)
 INFO  ack(m=0, n=9)
 INFO  ack(m=0, n=10)
 INFO  ack(m=0, n=11)
 INFO  ack(m=0, n=12)
 INFO  ack(m=0, n=13)
 INFO  ack(m=0, n=14)
 INFO  ack(m=0, n=15)
 INFO  ack(m=0, n=16)
 INFO  ack(m=0, n=17)
 INFO  ack(m=0, n=18)
 INFO  ack(m=0, n=19)
 INFO  ack(m=0, n=20)
 INFO  ack(m=0, n=21)
 INFO  ack(m=0, n=22)
 INFO  ack(m=0, n=23)
 INFO  ack(m=0, n=24)
 INFO  ack(m=0, n=25)
 INFO  ack(m=0, n=26)
 INFO  ack(m=1, n=27)
 INFO  ack(m=1, n=26)
 INFO  ack(m=1, n=25)
 INFO  ack(m=1, n=24)
 INFO  ack(m=1, n=23)
 INFO  ack(m=1, n=22)
 INFO  ack(m=1, n=21)
 INFO  ack(m=1, n=20)
 INFO  ack(m=1, n=19)
 INFO  ack(m=1, n=18)
 INFO  ack(m=1, n=17)
 INFO  ack(m=1, n=16)
 INFO  ack(m=1, n=15)
 INFO  ack(m=1, n=14)
 INFO  ack(m=1, n=13)
 INFO  ack(m=1, n=12)
 INFO  ack(m=1, n=11)
 INFO  ack(m=1, n=10)
 INFO  ack(m=1, n=9)
 INFO  ack(m=1, n=8)
 INFO  ack(m=1, n=7)
 INFO  ack(m=1, n=6)
 INFO  ack(m=1, n=5)
 INFO  ack(m=1, n=4)
 INFO  ack(m=1, n=3)
 INFO  ack(m=1, n=2)
 INFO  ack(m=1, n=1)
 INFO  ack(m=1, n=0)
 INFO  ack(m=0, n=1)
 INFO  ack(m=0, n=2)
 INFO  ack(m=0, n=3)
 INFO  ack(m=0, n=4)
 INFO  ack(m=0, n=5)
 INFO  ack(m=0, n=6)
 INFO  ack(m=0, n=7)
 INFO  ack(m=0, n=8)
 INFO  ack(m=0, n=9)
 INFO  ack(m=0, n=10)
 INFO  ack(m=0, n=11)
 INFO  ack(m=0, n=12)
 INFO  ack(m=0, n=13)
 INFO  ack(m=0, n=14)
 INFO  ack(m=0, n=15)
 INFO  ack(m=0, n=16)
 INFO  ack(m=0, n=17)
 INFO  ack(m=0, n=18)
 INFO  ack(m=0, n=19)
 INFO  ack(m=0, n=20)
 INFO  ack(m=0, n=21)
 INFO  ack(m=0, n=22)
 INFO  ack(m=0, n=23)
 INFO  ack(m=0, n=24)
 INFO  ack(m=0, n=25)
 INFO  ack(m=0, n=26)
 INFO  ack(m=0, n=27)
 INFO  ack(m=0, n=28)
 INFO  ack(m=2, n=29)
 INFO  ack(m=2, n=28)
 INFO  ack(m=2, n=27)
 INFO  ack(m=2, n=26)
 INFO  ack(m=2, n=25)
 INFO  ack(m=2, n=24)
 INFO  ack(m=2, n=23)
 INFO  ack(m=2, n=22)
 INFO  ack(m=2, n=21)
 INFO  ack(m=2, n=20)
 INFO  ack(m=2, n=19)
 INFO  ack(m=2, n=18)
 INFO  ack(m=2, n=17)
 INFO  ack(m=2, n=16)
 INFO  ack(m=2, n=15)
 INFO  ack(m=2, n=14)
 INFO  ack(m=2, n=13)
 INFO  ack(m=2, n=12)
 INFO  ack(m=2, n=11)
 INFO  ack(m=2, n=10)
 INFO  ack(m=2, n=9)
 INFO  ack(m=2, n=8)
 INFO  ack(m=2, n=7)
 INFO  ack(m=2, n=6)
 INFO  ack(m=2, n=5)
 INFO  ack(m=2, n=4)
 INFO  ack(m=2, n=3)
 INFO  ack(m=2, n=2)
 INFO  ack(m=2, n=1)
 INFO  ack(m=2, n=0)
 INFO  ack(m=1, n=1)
 INFO  ack(m=1, n=0)
 INFO  ack(m=0, n=1)
 INFO  ack(m=0, n=2)
 INFO  ack(m=1, n=3)
 INFO  ack(m=1, n=2)
 INFO  ack(m=1, n=1)
 INFO  ack(m=1, n=0)
 INFO  ack(m=0, n=1)
 INFO  ack(m=0, n=2)
 INFO  ack(m=0, n=3)
 INFO  ack(m=0, n=4)
 INFO  ack(m=1, n=5)
 INFO  ack(m=1, n=4)
 INFO  ack(m=1, n=3)
 INFO  ack(m=1, n=2)
 INFO  ack(m=1, n=1)
 INFO  ack(m=1, n=0)
 INFO  ack(m=0, n=1)
 INFO  ack(m=0, n=2)
 INFO  ack(m=0, n=3)
 INFO  ack(m=0, n=4)
 INFO  ack(m=0, n=5)
 INFO  ack(m=0, n=6)
 INFO  ack(m=1, n=7)
 INFO  ack(m=1, n=6)
 INFO  ack(m=1, n=5)
 INFO  ack(m=1, n=4)
 INFO  ack(m=1, n=3)
 INFO  ack(m=1, n=2)
 INFO  ack(m=1, n=1)
 INFO  ack(m=1, n=0)
 INFO  ack(m=0, n=1)
 INFO  ack(m=0, n=2)
 INFO  ack(m=0, n=3)
 INFO  ack(m=0, n=4)
 INFO  ack(m=0, n=5)
 INFO  ack(m=0, n=6)
 INFO  ack(m=0, n=7)
 INFO  ack(m=0, n=8)
 INFO  ack(m=1, n=9)
 INFO  ack(m=1, n=8)
 INFO  ack(m=1, n=7)
 INFO  ack(m=1, n=6)
 INFO  ack(m=1, n=5)
 INFO  ack(m=1, n=4)
 INFO  ack(m=1, n=3)
 INFO  ack(m=1, n=2)
 INFO  ack(m=1, n=1)
 INFO  ack(m=1, n=0)
 INFO  ack(m=0, n=1)
 INFO  ack(m=0, n=2)
 INFO  ack(m=0, n=3)
 INFO  ack(m=0, n=4)
 INFO  ack(m=0, n=5)
 INFO  ack(m=0, n=6)
 INFO  ack(m=0, n=7)
 INFO  ack(m=0, n=8)
 INFO  ack(m=0, n=9)
 INFO  ack(m=0, n=10)
 INFO  ack(m=1, n=11)
 INFO  ack(m=1, n=10)
 INFO  ack(m=1, n=9)
 INFO  ack(m=1, n=8)
 INFO  ack(m=1, n=7)
 INFO  ack(m=1, n=6)
 INFO  ack(m=1, n=5)
 INFO  ack(m=1, n=4)
 INFO  ack(m=1, n=3)
 INFO  ack(m=1, n=2)
 INFO  ack(m=1, n=1)
 INFO  ack(m=1, n=0)
 INFO  ack(m=0, n=1)
 INFO  ack(m=0, n=2)
 INFO  ack(m=0, n=3)
 INFO  ack(m=0, n=4)
 INFO  ack(m=0, n=5)
 INFO  ack(m=0, n=6)
 INFO  ack(m=0, n=7)
 INFO  ack(m=0, n=8)
 INFO  ack(m=0, n=9)
 INFO  ack(m=0, n=10)
 INFO  ack(m=0, n=11)
 INFO  ack(m=0, n=12)
 INFO  ack(m=1, n=13)
 INFO  ack(m=1, n=12)
 INFO  ack(m=1, n=11)
 INFO  ack(m=1, n=10)
 INFO  ack(m=1, n=9)
 INFO  ack(m=1, n=8)
 INFO  ack(m=1, n=7)
 INFO  ack(m=1, n=6)
 INFO  ack(m=1, n=5)
 INFO  ack(m=1, n=4)
 INFO  ack(m=1, n=3)
 INFO  ack(m=1, n=2)
 INFO  ack(m=1, n=1)
 INFO  ack(m=1, n=0)
 INFO  ack(m=0, n=1)
 INFO  ack(m=0, n=2)
 INFO  ack(m=0, n=3)
 INFO  ack(m=0, n=4)
 INFO  ack(m=0, n=5)
 INFO  ack(m=0, n=6)
 INFO  ack(m=0, n=7)
 INFO  ack(m=0, n=8)
 INFO  ack(m=0, n=9)
 INFO  ack(m=0, n=10)
 INFO  ack(m=0, n=11)
 INFO  ack(m=0, n=12)
 INFO  ack(m=0, n=13)
 INFO  ack(m=0, n=14)
 INFO  ack(m=1, n=15)
 INFO  ack(m=1, n=14)
 INFO  ack(m=1, n=13)
 INFO  ack(m=1, n=12)
 INFO  ack(m=1, n=11)
 INFO  ack(m=1, n=10)
 INFO  ack(m=1, n=9)
 INFO  ack(m=1, n=8)
 INFO  ack(m=1, n=7)
 INFO  ack(m=1, n=6)
 INFO  ack(m=1, n=5)
 INFO  ack(m=1, n=4)
 INFO  ack(m=1, n=3)
 INFO  ack(m=1, n=2)
 INFO  ack(m=1, n=1)
 INFO  ack(m=1, n=0)
 INFO  ack(m=0, n=1)
 INFO  ack(m=0, n=2)
 INFO  ack(m=0, n=3)
 INFO  ack(m=0, n=4)
 INFO  ack(m=0, n=5)
 INFO  ack(m=0, n=6)
 INFO  ack(m=0, n=7)
 INFO  ack(m=0, n=8)
 INFO  ack(m=0, n=9)
 INFO  ack(m=0, n=10)
 INFO  ack(m=0, n=11)
 INFO  ack(m=0, n=12)
 INFO  ack(m=0, n=13)
 INFO  ack(m=0, n=14)
 INFO  ack(m=0, n=15)
 INFO  ack(m=0, n=16)
 INFO  ack(m=1, n=17)
 INFO  ack(m=1, n=16)
 INFO  ack(m=1, n=15)
 INFO  ack(m=1, n=14)
 INFO  ack(m=1, n=13)
 INFO  ack(m=1, n=12)
 INFO  ack(m=1, n=11)
 INFO  ack(m=1, n=10)
 INFO  ack(m=1, n=9)
 INFO  ack(m=1, n=8)
 INFO  ack(m=1, n=7)
 INFO  ack(m=1, n=6)
 INFO  ack(m=1, n=5)
 INFO  ack(m=1, n=4)
 INFO  ack(m=1, n=3)
 INFO  ack(m=1, n=2)
 INFO  ack(m=1, n=1)
 INFO  ack(m=1, n=0)
 INFO  ack(m=0, n=1)
 INFO  ack(m=0, n=2)
 INFO  ack(m=0, n=3)
 INFO  ack(m=0, n=4)
 INFO  ack(m=0, n=5)
 INFO  ack(m=0, n=6)
 INFO  ack(m=0, n=7)
 INFO  ack(m=0, n=8)
 INFO  ack(m=0, n=9)
 INFO  ack(m=0, n=10)
 INFO  ack(m=0, n=11)
 INFO  ack(m=0, n=12)
 INFO  ack(m=0, n=13)
 INFO  ack(m=0, n=14)
 INFO  ack(m=0, n=15)
 INFO  ack(m=0, n=16)
 INFO  ack(m=0, n=17)
 INFO  ack(m=0, n=18)
 INFO  ack(m=1, n=19)
 INFO  ack(m=1, n=18)
 INFO  ack(m=1, n=17)
 INFO  ack(m=1, n=16)
 INFO  ack(m=1, n=15)
 INFO  ack(m=1, n=14)
 INFO  ack(m=1, n=13)
 INFO  ack(m=1, n=12)
 INFO  ack(m=1, n=11)
 INFO  ack(m=1, n=10)
 INFO  ack(m=1, n=9)
 INFO  ack(m=1, n=8)
 INFO  ack(m=1, n=7)
 INFO  ack(m=1, n=6)
 INFO  ack(m=1, n=5)
 INFO  ack(m=1, n=4)
 INFO  ack(m=1, n=3)
 INFO  ack(m=1, n=2)
 INFO  ack(m=1, n=1)
 INFO  ack(m=1, n=0)
 INFO  ack(m=0, n=1)
 INFO  ack(m=0, n=2)
 INFO  ack(m=0, n=3)
 INFO  ack(m=0, n=4)
 INFO  ack(m=0, n=5)
 INFO  ack(m=0, n=6)
 INFO  ack(m=0, n=7)
 INFO  ack(m=0, n=8)
 INFO  ack(m=0, n=9)
 INFO  ack(m=0, n=10)
 INFO  ack(m=0, n=11)
 INFO  ack(m=0, n=12)
 INFO  ack(m=0, n=13)
 INFO  ack(m=0, n=14)
 INFO  ack(m=0, n=15)
 INFO  ack(m=0, n=16)
 INFO  ack(m=0, n=17)
 INFO  ack(m=0, n=18)
 INFO  ack(m=0, n=19)
 INFO  ack(m=0, n=20)
 INFO  ack(m=1, n=21)
 INFO  ack(m=1, n=20)
 INFO  ack(m=1, n=19)
 INFO  ack(m=1, n=18)
 INFO  ack(m=1, n=17)
 INFO  ack(m=1, n=16)
 INFO  ack(m=1, n=15)
 INFO  ack(m=1, n=14)
 INFO  ack(m=1, n=13)
 INFO  ack(m=1, n=12)
 INFO  ack(m=1, n=11)
 INFO  ack(m=1, n=10)
 INFO  ack(m=1, n=9)
 INFO  ack(m=1, n=8)
 INFO  ack(m=1, n=7)
 INFO  ack(m=1, n=6)
 INFO  ack(m=1, n=5)
 INFO  ack(m=1, n=4)
 INFO  ack(m=1, n=3)
 INFO  ack(m=1, n=2)
 INFO  ack(m=1, n=1)
 INFO  ack(m=1, n=0)
 INFO  ack(m=0, n=1)
 INFO  ack(m=0, n=2)
 INFO  ack(m=0, n=3)
 INFO  ack(m=0, n=4)
 INFO  ack(m=0, n=5)
 INFO  ack(m=0, n=6)
 INFO  ack(m=0, n=7)
 INFO  ack(m=0, n=8)
 INFO  ack(m=0, n=9)
 INFO  ack(m=0, n=10)
 INFO  ack(m=0, n=11)
 INFO  ack(m=0, n=12)
 INFO  ack(m=0, n=13)
 INFO  ack(m=0, n=14)
 INFO  ack(m=0, n=15)
 INFO  ack(m=0, n=16)
 INFO  ack(m=0, n=17)
 INFO  ack(m=0, n=18)
 INFO  ack(m=0, n=19)
 INFO  ack(m=0, n=20)
 INFO  ack(m=0, n=21)
 INFO  ack(m=0, n=22)
 INFO  ack(m=1, n=23)
 INFO  ack(m=1, n=22)
 INFO  ack(m=1, n=21)
 INFO  ack(m=1, n=20)
 INFO  ack(m=1, n=19)
 INFO  ack(m=1, n=18)
 INFO  ack(m=1, n=17)
 INFO  ack(m=1, n=16)
 INFO  ack(m=1, n=15)
 INFO  ack(m=1, n=14)
 INFO  ack(m=1, n=13)
 INFO  ack(m=1, n=12)
 INFO  ack(m=1, n=11)
 INFO  ack(m=1, n=10)
 INFO  ack(m=1, n=9)
 INFO  ack(m=1, n=8)
 INFO  ack(m=1, n=7)
 INFO  ack(m=1, n=6)
 INFO  ack(m=1, n=5)
 INFO  ack(m=1, n=4)
 INFO  ack(m=1, n=3)
 INFO  ack(m=1, n=2)
 INFO  ack(m=1, n=1)
 INFO  ack(m=1, n=0)
 INFO  ack(m=0, n=1)
 INFO  ack(m=0, n=2)
 INFO  ack(m=0, n=3)
 INFO  ack(m=0, n=4)
 INFO  ack(m=0, n=5)
 INFO  ack(m=0, n=6)
 INFO  ack(m=0, n=7)
 INFO  ack(m=0, n=8)
 INFO  ack(m=0, n=9)
 INFO  ack(m=0, n=10)
 INFO  ack(m=0, n=11)
 INFO  ack(m=0, n=12)
 INFO  ack(m=0, n=13)
 INFO  ack(m=0, n=14)
 INFO  ack(m=0, n=15)
 INFO  ack(m=0, n=16)
 INFO  ack(m=0, n=17)
 INFO  ack(m=0, n=18)
 INFO  ack(m=0, n=19)
 INFO  ack(m=0, n=20)
 INFO  ack(m=0, n=21)
 INFO  ack(m=0, n=22)
 INFO  ack(m=0, n=23)
 INFO  ack(m=0, n=24)
 INFO  ack(m=1, n=25)
 INFO  ack(m=1, n=24)
 INFO  ack(m=1, n=23)
 INFO  ack(m=1, n=22)
 INFO  ack(m=1, n=21)
 INFO  ack(m=1, n=20)
 INFO  ack(m=1, n=19)
 INFO  ack(m=1, n=18)
 INFO  ack(m=1, n=17)
 INFO  ack(m=1, n=16)
 INFO  ack(m=1, n=15)
 INFO  ack(m=1, n=14)
 INFO  ack(m=1, n=13)
 INFO  ack(m=1, n=12)
 INFO  ack(m=1, n=11)
 INFO  ack(m=1, n=10)
 INFO  ack(m=1, n=9)
 INFO  ack(m=1, n=8)
 INFO  ack(m=1, n=7)
 INFO  ack(m=1, n=6)
 INFO  ack(m=1, n=5)
 INFO  ack(m=1, n=4)
 INFO  ack(m=1, n=3)
 INFO  ack(m=1, n=2)
 INFO  ack(m=1, n=1)
 INFO  ack(m=1, n=0)
 INFO  ack(m=0, n=1)
 INFO  ack(m=0, n=2)
 INFO  ack(m=0, n=3)
 INFO  ack(m=0, n=4)
 INFO  ack(m=0, n=5)
 INFO  ack(m=0, n=6)
 INFO  ack(m=0, n=7)
 INFO  ack(m=0, n=8)
 INFO  ack(m=0, n=9)
 INFO  ack(m=0, n=10)
 INFO  ack(m=0, n=11)
 INFO  ack(m=0, n=12)
 INFO  ack(m=0, n=13)
 INFO  ack(m=0, n=14)
 INFO  ack(m=0, n=15)
 INFO  ack(m=0, n=16)
 INFO  ack(m=0, n=17)
 INFO  ack(m=0, n=18)
 INFO  ack(m=0, n=19)
 INFO  ack(m=0, n=20)
 INFO  ack(m=0, n=21)
 INFO  ack(m=0, n=22)
 INFO  ack(m=0, n=23)
 INFO  ack(m=0, n=24)
 INFO  ack(m=0, n=25)
 INFO  ack(m=0, n=26)
 INFO  ack(m=1, n=27)
 INFO  ack(m=1, n=26)
 INFO  ack(m=1, n=25)
 INFO  ack(m=1, n=24)
 INFO  ack(m=1, n=23)
 INFO  ack(m=1, n=22)
 INFO  ack(m=1, n=21)
 INFO  ack(m=1, n=20)
 INFO  ack(m=1, n=19)
 INFO  ack(m=1, n=18)
 INFO  ack(m=1, n=17)
 INFO  ack(m=1, n=16)
 INFO  ack(m=1, n=15)
 INFO  ack(m=1, n=14)
 INFO  ack(m=1, n=13)
 INFO  ack(m=1, n=12)
 INFO  ack(m=1, n=11)
 INFO  ack(m=1, n=10)
 INFO  ack(m=1, n=9)
 INFO  ack(m=1, n=8)
 INFO  ack(m=1, n=7)
 INFO  ack(m=1, n=6)
 INFO  ack(m=1, n=5)
 INFO  ack(m=1, n=4)
 INFO  ack(m=1, n=3)
 INFO  ack(m=1, n=2)
 INFO  ack(m=1, n=1)
 INFO  ack(m=1, n=0)
 INFO  ack(m=0, n=1)
 INFO  ack(m=0, n=2)
 INFO  ack(m=0, n=3)
 INFO  ack(m=0, n=4)
 INFO  ack(m=0, n=5)
 INFO  ack(m=0, n=6)
 INFO  ack(m=0, n=7)
 INFO  ack(m=0, n=8)
 INFO  ack(m=0, n=9)
 INFO  ack(m=0, n=10)
 INFO  ack(m=0, n=11)
 INFO  ack(m=0, n=12)
 INFO  ack(m=0, n=13)
 INFO  ack(m=0, n=14)
 INFO  ack(m=0, n=15)
 INFO  ack(m=0, n=16)
 INFO  ack(m=0, n=17)
 INFO  ack(m=0, n=18)
 INFO  ack(m=0, n=19)
 INFO  ack(m=0, n=20)
 INFO  ack(m=0, n=21)
 INFO  ack(m=0, n=22)
 INFO  ack(m=0, n=23)
 INFO  ack(m=0, n=24)
 INFO  ack(m=0, n=25)
 INFO  ack(m=0, n=26)
 INFO  ack(m=0, n=27)
 INFO  ack(m=0, n=28)
 INFO  ack(m=1, n=29)
 INFO  ack(m=1, n=28)
 INFO  ack(m=1, n=27)
 INFO  ack(m=1, n=26)
 INFO  ack(m=1, n=25)
 INFO  ack(m=1, n=24)
 INFO  ack(m=1, n=23)
 INFO  ack(m=1, n=22)
 INFO  ack(m=1, n=21)
 INFO  ack(m=1, n=20)
 INFO  ack(m=1, n=19)
 INFO  ack(m=1, n=18)
 INFO  ack(m=1, n=17)
 INFO  ack(m=1, n=16)
 INFO  ack(m=1, n=15)
 INFO  ack(m=1, n=14)
 INFO  ack(m=1, n=13)
 INFO  ack(m=1, n=12)
 INFO  ack(m=1, n=11)
 INFO  ack(m=1, n=10)
 INFO  ack(m=1, n=9)
 INFO  ack(m=1, n=8)
 INFO  ack(m=1, n=7)
 INFO  ack(m=1, n=6)
 INFO  ack(m=1, n=5)
 INFO  ack(m=1, n=4)
 INFO  ack(m=1, n=3)
 INFO  ack(m=1, n=2)
 INFO  ack(m=1, n=1)
 INFO  ack(m=1, n=0)
 INFO  ack(m=0, n=1)
 INFO  ack(m=0, n=2)
 INFO  ack(m=0, n=3)
 INFO  ack(m=0, n=4)
 INFO  ack(m=0, n=5)
 INFO  ack(m=0, n=6)
 INFO  ack(m=0, n=7)
 INFO  ack(m=0, n=8)
 INFO  ack(m=0, n=9)
 INFO  ack(m=0, n=10)
 INFO  ack(m=0, n=11)
 INFO  ack(m=0, n=12)
 INFO  ack(m=0, n=13)
 INFO  ack(m=0, n=14)
 INFO  ack(m=0, n=15)
 INFO  ack(m=0, n=16)
 INFO  ack(m=0, n=17)
 INFO  ack(m=0, n=18)
 INFO  ack(m=0, n=19)
 INFO  ack(m=0, n=20)
 INFO  ack(m=0, n=21)
 INFO  ack(m=0, n=22)
 INFO  ack(m=0, n=23)
 INFO  ack(m=0, n=24)
 INFO  ack(m=0, n=25)
 INFO  ack(m=0, n=26)
 INFO  ack(m=0, n=27)
 INFO  ack(m=0, n=28)
 INFO  ack(m=0, n=29)
 INFO  ack(m=0, n=30)
 INFO  ack(m=1, n=31)
 INFO  ack(m=1, n=30)
 INFO  ack(m=1, n=29)
 INFO  ack(m=1, n=28)
 INFO  ack(m=1, n=27)
 INFO  ack(m=1, n=26)
 INFO  ack(m=1, n=25)
 INFO  ack(m=1, n=24)
 INFO  ack(m=1, n=23)
 INFO  ack(m=1, n=22)
 INFO  ack(m=1, n=21)
 INFO  ack(m=1, n=20)
 INFO  ack(m=1, n=19)
 INFO  ack(m=1, n=18)
 INFO  ack(m=1, n=17)
 INFO  ack(m=1, n=16)
 INFO  ack(m=1, n=15)
 INFO  ack(m=1, n=14)
 INFO  ack(m=1, n=13)
 INFO  ack(m=1, n=12)
 INFO  ack(m=1, n=11)
 INFO  ack(m=1, n=10)
 INFO  ack(m=1, n=9)
 INFO  ack(m=1, n=8)
 INFO  ack(m=1, n=7)
 INFO  ack(m=1, n=6)
 INFO  ack(m=1, n=5)
 INFO  ack(m=1, n=4)
 INFO  ack(m=1, n=3)
 INFO  ack(m=1, n=2)
 INFO  ack(m=1, n=1)
 INFO  ack(m=1, n=0)
 INFO  ack(m=0, n=1)
 INFO  ack(m=0, n=2)
 INFO  ack(m=0, n=3)
 INFO  ack(m=0, n=4)
 INFO  ack(m=0, n=5)
 INFO  ack(m=0, n=6)
 INFO  ack(m=0, n=7)
 INFO  ack(m=0, n=8)
 INFO  ack(m=0, n=9)
 INFO  ack(m=0, n=10)
 INFO  ack(m=0, n=11)
 INFO  ack(m=0, n=12)
 INFO  ack(m=0, n=13)
 INFO  ack(m=0, n=14)
 INFO  ack(m=0, n=15)
 INFO  ack(m=0, n=16)
 INFO  ack(m=0, n=17)
 INFO  ack(m=0, n=18)
 INFO  ack(m=0, n=19)
 INFO  ack(m=0, n=20)
 INFO  ack(m=0, n=21)
 INFO  ack(m=0, n=22)
 INFO  ack(m=0, n=23)
 INFO  ack(m=0, n=24)
 INFO  ack(m=0, n=25)
 INFO  ack(m=0, n=26)
 INFO  ack(m=0, n=27)
 INFO  ack(m=0, n=28)
 INFO  ack(m=0, n=29)
 INFO  ack(m=0, n=30)
 INFO  ack(m=0, n=31)
 INFO  ack(m=0, n=32)
 INFO  ack(m=1, n=33)
 INFO  ack(m=1, n=32)
 INFO  ack(m=1, n=31)
 INFO  ack(m=1, n=30)
 INFO  ack(m=1, n=29)
 INFO  ack(m=1, n=28)
 INFO  ack(m=1, n=27)
 INFO  ack(m=1, n=26)
 INFO  ack(m=1, n=25)
 INFO  ack(m=1, n=24)
 INFO  ack(m=1, n=23)
 INFO  ack(m=1, n=22)
 INFO  ack(m=1, n=21)
 INFO  ack(m=1, n=20)
 INFO  ack(m=1, n=19)
 INFO  ack(m=1, n=18)
 INFO  ack(m=1, n=17)
 INFO  ack(m=1, n=16)
 INFO  ack(m=1, n=15)
 INFO  ack(m=1, n=14)
 INFO  ack(m=1, n=13)
 INFO  ack(m=1, n=12)
 INFO  ack(m=1, n=11)
 INFO  ack(m=1, n=10)
 INFO  ack(m=1, n=9)
 INFO  ack(m=1, n=8)
 INFO  ack(m=1, n=7)
 INFO  ack(m=1, n=6)
 INFO  ack(m=1, n=5)
 INFO  ack(m=1, n=4)
 INFO  ack(m=1, n=3)
 INFO  ack(m=1, n=2)
 INFO  ack(m=1, n=1)
 INFO  ack(m=1, n=0)
 INFO  ack(m=0, n=1)
 INFO  ack(m=0, n=2)
 INFO  ack(m=0, n=3)
 INFO  ack(m=0, n=4)
 INFO  ack(m=0, n=5)
 INFO  ack(m=0, n=6)
 INFO  ack(m=0, n=7)
 INFO  ack(m=0, n=8)
 INFO  ack(m=0, n=9)
 INFO  ack(m=0, n=10)
 INFO  ack(m=0, n=11)
 INFO  ack(m=0, n=12)
 INFO  ack(m=0, n=13)
 INFO  ack(m=0, n=14)
 INFO  ack(m=0, n=15)
 INFO  ack(m=0, n=16)
 INFO  ack(m=0, n=17)
 INFO  ack(m=0, n=18)
 INFO  ack(m=0, n=19)
 INFO  ack(m=0, n=20)
 INFO  ack(m=0, n=21)
 INFO  ack(m=0, n=22)
 INFO  ack(m=0, n=23)
 INFO  ack(m=0, n=24)
 INFO  ack(m=0, n=25)
 INFO  ack(m=0, n=26)
 INFO  ack(m=0, n=27)
 INFO  ack(m=0, n=28)
 INFO  ack(m=0, n=29)
 INFO  ack(m=0, n=30)
 INFO  ack(m=0, n=31)
 INFO  ack(m=0, n=32)
 INFO  ack(m=0, n=33)
 INFO  ack(m=0, n=34)
 INFO  ack(m=1, n=35)
 INFO  ack(m=1, n=34)
 INFO  ack(m=1, n=33)
 INFO  ack(m=1, n=32)
 INFO  ack(m=1, n=31)
 INFO  ack(m=1, n=30)
 INFO  ack(m=1, n=29)
 INFO  ack(m=1, n=28)
 INFO  ack(m=1, n=27)
 INFO  ack(m=1, n=26)
 INFO  ack(m=1, n=25)
 INFO  ack(m=1, n=24)
 INFO  ack(m=1, n=23)
 INFO  ack(m=1, n=22)
 INFO  ack(m=1, n=21)
 INFO  ack(m=1, n=20)
 INFO  ack(m=1, n=19)
 INFO  ack(m=1, n=18)
 INFO  ack(m=1, n=17)
 INFO  ack(m=1, n=16)
 INFO  ack(m=1, n=15)
 INFO  ack(m=1, n=14)
 INFO  ack(m=1, n=13)
 INFO  ack(m=1, n=12)
 INFO  ack(m=1, n=11)
 INFO  ack(m=1, n=10)
 INFO  ack(m=1, n=9)
 INFO  ack(m=1, n=8)
 INFO  ack(m=1, n=7)
 INFO  ack(m=1, n=6)
 INFO  ack(m=1, n=5)
 INFO  ack(m=1, n=4)
 INFO  ack(m=1, n=3)
 INFO  ack(m=1, n=2)
 INFO  ack(m=1, n=1)
 INFO  ack(m=1, n=0)
 INFO  ack(m=0, n=1)
 INFO  ack(m=0, n=2)
 INFO  ack(m=0, n=3)
 INFO  ack(m=0, n=4)
 INFO  ack(m=0, n=5)
 INFO  ack(m=0, n=6)
 INFO  ack(m=0, n=7)
 INFO  ack(m=0, n=8)
 INFO  ack(m=0, n=9)
 INFO  ack(m=0, n=10)
 INFO  ack(m=0, n=11)
 INFO  ack(m=0, n=12)
 INFO  ack(m=0, n=13)
 INFO  ack(m=0, n=14)
 INFO  ack(m=0, n=15)
 INFO  ack(m=0, n=16)
 INFO  ack(m=0, n=17)
 INFO  ack(m=0, n=18)
 INFO  ack(m=0, n=19)
 INFO  ack(m=0, n=20)
 INFO  ack(m=0, n=21)
 INFO  ack(m=0, n=22)
 INFO  ack(m=0, n=23)
 INFO  ack(m=0, n=24)
 INFO  ack(m=0, n=25)
 INFO  ack(m=0, n=26)
 INFO  ack(m=0, n=27)
 INFO  ack(m=0, n=28)
 INFO  ack(m=0, n=29)
 INFO  ack(m=0, n=30)
 INFO  ack(m=0, n=31)
 INFO  ack(m=0, n=32)
 INFO  ack(m=0, n=33)
 INFO  ack(m=0, n=34)
 INFO  ack(m=0, n=35)
 INFO  ack(m=0, n=36)
 INFO  ack(m=1, n=37)
 INFO  ack(m=1, n=36)
 INFO  ack(m=1, n=35)
 INFO  ack(m=1, n=34)
 INFO  ack(m=1, n=33)
 INFO  ack(m=1, n=32)
 INFO  ack(m=1, n=31)
 INFO  ack(m=1, n=30)
 INFO  ack(m=1, n=29)
 INFO  ack(m=1, n=28)
 INFO  ack(m=1, n=27)
 INFO  ack(m=1, n=26)
 INFO  ack(m=1, n=25)
 INFO  ack(m=1, n=24)
 INFO  ack(m=1, n=23)
 INFO  ack(m=1, n=22)
 INFO  ack(m=1, n=21)
 INFO  ack(m=1, n=20)
 INFO  ack(m=1, n=19)
 INFO  ack(m=1, n=18)
 INFO  ack(m=1, n=17)
 INFO  ack(m=1, n=16)
 INFO  ack(m=1, n=15)
 INFO  ack(m=1, n=14)
 INFO  ack(m=1, n=13)
 INFO  ack(m=1, n=12)
 INFO  ack(m=1, n=11)
 INFO  ack(m=1, n=10)
 INFO  ack(m=1, n=9)
 INFO  ack(m=1, n=8)
 INFO  ack(m=1, n=7)
 INFO  ack(m=1, n=6)
 INFO  ack(m=1, n=5)
 INFO  ack(m=1, n=4)
 INFO  ack(m=1, n=3)
 INFO  ack(m=1, n=2)
 INFO  ack(m=1, n=1)
 INFO  ack(m=1, n=0)
 INFO  ack(m=0, n=1)
 INFO  ack(m=0, n=2)
 INFO  ack(m=0, n=3)
 INFO  ack(m=0, n=4)
 INFO  ack(m=0, n=5)
 INFO  ack(m=0, n=6)
 INFO  ack(m=0, n=7)
 INFO  ack(m=0, n=8)
 INFO  ack(m=0, n=9)
 INFO  ack(m=0, n=10)
 INFO  ack(m=0, n=11)
 INFO  ack(m=0, n=12)
 INFO  ack(m=0, n=13)
 INFO  ack(m=0, n=14)
 INFO  ack(m=0, n=15)
 INFO  ack(m=0, n=16)
 INFO  ack(m=0, n=17)
 INFO  ack(m=0, n=18)
 INFO  ack(m=0, n=19)
 INFO  ack(m=0, n=20)
 INFO  ack(m=0, n=21)
 INFO  ack(m=0, n=22)
 INFO  ack(m=0, n=23)
 INFO  ack(m=0, n=24)
 INFO  ack(m=0, n=25)
 INFO  ack(m=0, n=26)
 INFO  ack(m=0, n=27)
 INFO  ack(m=0, n=28)
 INFO  ack(m=0, n=29)
 INFO  ack(m=0, n=30)
 INFO  ack(m=0, n=31)
 INFO  ack(m=0, n=32)
 INFO  ack(m=0, n=33)
 INFO  ack(m=0, n=34)
 INFO  ack(m=0, n=35)
 INFO  ack(m=0, n=36)
 INFO  ack(m=0, n=37)
 INFO  ack(m=0, n=38)
 INFO  ack(m=1, n=39)
 INFO  ack(m=1, n=38)
 INFO  ack(m=1, n=37)
 INFO  ack(m=1, n=36)
 INFO  ack(m=1, n=35)
 INFO  ack(m=1, n=34)
 INFO  ack(m=1, n=33)
 INFO  ack(m=1, n=32)
 INFO  ack(m=1, n=31)
 INFO  ack(m=1, n=30)
 INFO  ack(m=1, n=29)
 INFO  ack(m=1, n=28)
 INFO  ack(m=1, n=27)
 INFO  ack(m=1, n=26)
 INFO  ack(m=1, n=25)
 INFO  ack(m=1, n=24)
 INFO  ack(m=1, n=23)
 INFO  ack(m=1, n=22)
 INFO  ack(m=1, n=21)
 INFO  ack(m=1, n=20)
 INFO  ack(m=1, n=19)
 INFO  ack(m=1, n=18)
 INFO  ack(m=1, n=17)
 INFO  ack(m=1, n=16)
 INFO  ack(m=1, n=15)
 INFO  ack(m=1, n=14)
 INFO  ack(m=1, n=13)
 INFO  ack(m=1, n=12)
 INFO  ack(m=1, n=11)
 INFO  ack(m=1, n=10)
 INFO  ack(m=1, n=9)
 INFO  ack(m=1, n=8)
 INFO  ack(m=1, n=7)
 INFO  ack(m=1, n=6)
 INFO  ack(m=1, n=5)
 INFO  ack(m=1, n=4)
 INFO  ack(m=1, n=3)
 INFO  ack(m=1, n=2)
 INFO  ack(m=1, n=1)
 INFO  ack(m=1, n=0)
 INFO  ack(m=0, n=1)
 INFO  ack(m=0, n=2)
 INFO  ack(m=0, n=3)
 INFO  ack(m=0, n=4)
 INFO  ack(m=0, n=5)
 INFO  ack(m=0, n=6)
 INFO  ack(m=0, n=7)
 INFO  ack(m=0, n=8)
 INFO  ack(m=0, n=9)
 INFO  ack(m=0, n=10)
 INFO  ack(m=0, n=11)
 INFO  ack(m=0, n=12)
 INFO  ack(m=0, n=13)
 INFO  ack(m=0, n=14)
 INFO  ack(m=0, n=15)
 INFO  ack(m=0, n=16)
 INFO  ack(m=0, n=17)
 INFO  ack(m=0, n=18)
 INFO  ack(m=0, n=19)
 INFO  ack(m=0, n=20)
 INFO  ack(m=0, n=21)
 INFO  ack(m=0, n=22)
 INFO  ack(m=0, n=23)
 INFO  ack(m=0, n=24)
 INFO  ack(m=0, n=25)
 INFO  ack(m=0, n=26)
 INFO  ack(m=0, n=27)
 INFO  ack(m=0, n=28)
 INFO  ack(m=0, n=29)
 INFO  ack(m=0, n=30)
 INFO  ack(m=0, n=31)
 INFO  ack(m=0, n=32)
 INFO  ack(m=0, n=33)
 INFO  ack(m=0, n=34)
 INFO  ack(m=0, n=35)
 INFO  ack(m=0, n=36)
 INFO  ack(m=0, n=37)
 INFO  ack(m=0, n=38)
 INFO  ack(m=0, n=39)
 INFO  ack(m=0, n=40)
 INFO  ack(m=1, n=41)
 INFO  ack(m=1, n=40)
 INFO  ack(m=1, n=39)
 INFO  ack(m=1, n=38)
 INFO  ack(m=1, n=37)
 INFO  ack(m=1, n=36)
 INFO  ack(m=1, n=35)
 INFO  ack(m=1, n=34)
 INFO  ack(m=1, n=33)
 INFO  ack(m=1, n=32)
 INFO  ack(m=1, n=31)
 INFO  ack(m=1, n=30)
 INFO  ack(m=1, n=29)
 INFO  ack(m=1, n=28)
 INFO  ack(m=1, n=27)
 INFO  ack(m=1, n=26)
 INFO  ack(m=1, n=25)
 INFO  ack(m=1, n=24)
 INFO  ack(m=1, n=23)
 INFO  ack(m=1, n=22)
 INFO  ack(m=1, n=21)
 INFO  ack(m=1, n=20)
 INFO  ack(m=1, n=19)
 INFO  ack(m=1, n=18)
 INFO  ack(m=1, n=17)
 INFO  ack(m=1, n=16)
 INFO  ack(m=1, n=15)
 INFO  ack(m=1, n=14)
 INFO  ack(m=1, n=13)
 INFO  ack(m=1, n=12)
 INFO  ack(m=1, n=11)
 INFO  ack(m=1, n=10)
 INFO  ack(m=1, n=9)
 INFO  ack(m=1, n=8)
 INFO  ack(m=1, n=7)
 INFO  ack(m=1, n=6)
 INFO  ack(m=1, n=5)
 INFO  ack(m=1, n=4)
 INFO  ack(m=1, n=3)
 INFO  ack(m=1, n=2)
 INFO  ack(m=1, n=1)
 INFO  ack(m=1, n=0)
 INFO  ack(m=0, n=1)
 INFO  ack(m=0, n=2)
 INFO  ack(m=0, n=3)
 INFO  ack(m=0, n=4)
 INFO  ack(m=0, n=5)
 INFO  ack(m=0, n=6)
 INFO  ack(m=0, n=7)
 INFO  ack(m=0, n=8)
 INFO  ack(m=0, n=9)
 INFO  ack(m=0, n=10)
 INFO  ack(m=0, n=11)
 INFO  ack(m=0, n=12)
 INFO  ack(m=0, n=13)
 INFO  ack(m=0, n=14)
 INFO  ack(m=0, n=15)
 INFO  ack(m=0, n=16)
 INFO  ack(m=0, n=17)
 INFO  ack(m=0, n=18)
 INFO  ack(m=0, n=19)
 INFO  ack(m=0, n=20)
 INFO  ack(m=0, n=21)
 INFO  ack(m=0, n=22)
 INFO  ack(m=0, n=23)
 INFO  ack(m=0, n=24)
 INFO  ack(m=0, n=25)
 INFO  ack(m=0, n=26)
 INFO  ack(m=0, n=27)
 INFO  ack(m=0, n=28)
 INFO  ack(m=0, n=29)
 INFO  ack(m=0, n=30)
 INFO  ack(m=0, n=31)
 INFO  ack(m=0, n=32)
 INFO  ack(m=0, n=33)
 INFO  ack(m=0, n=34)
 INFO  ack(m=0, n=35)
 INFO  ack(m=0, n=36)
 INFO  ack(m=0, n=37)
 INFO  ack(m=0, n=38)
 INFO  ack(m=0, n=39)
 INFO  ack(m=0, n=40)
 INFO  ack(m=0, n=41)
 INFO  ack(m=0, n=42)
 INFO  ack(m=1, n=43)
 INFO  ack(m=1, n=42)
 INFO  ack(m=1, n=41)
 INFO  ack(m=1, n=40)
 INFO  ack(m=1, n=39)
 INFO  ack(m=1, n=38)
 INFO  ack(m=1, n=37)
 INFO  ack(m=1, n=36)
 INFO  ack(m=1, n=35)
 INFO  ack(m=1, n=34)
 INFO  ack(m=1, n=33)
 INFO  ack(m=1, n=32)
 INFO  ack(m=1, n=31)
 INFO  ack(m=1, n=30)
 INFO  ack(m=1, n=29)
 INFO  ack(m=1, n=28)
 INFO  ack(m=1, n=27)
 INFO  ack(m=1, n=26)
 INFO  ack(m=1, n=25)
 INFO  ack(m=1, n=24)
 INFO  ack(m=1, n=23)
 INFO  ack(m=1, n=22)
 INFO  ack(m=1, n=21)
 INFO  ack(m=1, n=20)
 INFO  ack(m=1, n=19)
 INFO  ack(m=1, n=18)
 INFO  ack(m=1, n=17)
 INFO  ack(m=1, n=16)
 INFO  ack(m=1, n=15)
 INFO  ack(m=1, n=14)
 INFO  ack(m=1, n=13)
 INFO  ack(m=1, n=12)
 INFO  ack(m=1, n=11)
 INFO  ack(m=1, n=10)
 INFO  ack(m=1, n=9)
 INFO  ack(m=1, n=8)
 INFO  ack(m=1, n=7)
 INFO  ack(m=1, n=6)
 INFO  ack(m=1, n=5)
 INFO  ack(m=1, n=4)
 INFO  ack(m=1, n=3)
 INFO  ack(m=1, n=2)
 INFO  ack(m=1, n=1)
 INFO  ack(m=1, n=0)
 INFO  ack(m=0, n=1)
 INFO  ack(m=0, n=2)
 INFO  ack(m=0, n=3)
 INFO  ack(m=0, n=4)
 INFO  ack(m=0, n=5)
 INFO  ack(m=0, n=6)
 INFO  ack(m=0, n=7)
 INFO  ack(m=0, n=8)
 INFO  ack(m=0, n=9)
 INFO  ack(m=0, n=10)
 INFO  ack(m=0, n=11)
 INFO  ack(m=0, n=12)
 INFO  ack(m=0, n=13)
 INFO  ack(m=0, n=14)
 INFO  ack(m=0, n=15)
 INFO  ack(m=0, n=16)
 INFO  ack(m=0, n=17)
 INFO  ack(m=0, n=18)
 INFO  ack(m=0, n=19)
 INFO  ack(m=0, n=20)
 INFO  ack(m=0, n=21)
 INFO  ack(m=0, n=22)
 INFO  ack(m=0, n=23)
 INFO  ack(m=0, n=24)
 INFO  ack(m=0, n=25)
 INFO  ack(m=0, n=26)
 INFO  ack(m=0, n=27)
 INFO  ack(m=0, n=28)
 INFO  ack(m=0, n=29)
 INFO  ack(m=0, n=30)
 INFO  ack(m=0, n=31)
 INFO  ack(m=0, n=32)
 INFO  ack(m=0, n=33)
 INFO  ack(m=0, n=34)
 INFO  ack(m=0, n=35)
 INFO  ack(m=0, n=36)
 INFO  ack(m=0, n=37)
 INFO  ack(m=0, n=38)
 INFO  ack(m=0, n=39)
 INFO  ack(m=0, n=40)
 INFO  ack(m=0, n=41)
 INFO  ack(m=0, n=42)
 INFO  ack(m=0, n=43)
 INFO  ack(m=0, n=44)
 INFO  ack(m=1, n=45)
 INFO  ack(m=1, n=44)
 INFO  ack(m=1, n=43)
 INFO  ack(m=1, n=42)
 INFO  ack(m=1, n=41)
 INFO  ack(m=1, n=40)
 INFO  ack(m=1, n=39)
 INFO  ack(m=1, n=38)
 INFO  ack(m=1, n=37)
 INFO  ack(m=1, n=36)
 INFO  ack(m=1, n=35)
 INFO  ack(m=1, n=34)
 INFO  ack(m=1, n=33)
 INFO  ack(m=1, n=32)
 INFO  ack(m=1, n=31)
 INFO  ack(m=1, n=30)
 INFO  ack(m=1, n=29)
 INFO  ack(m=1, n=28)
 INFO  ack(m=1, n=27)
 INFO  ack(m=1, n=26)
 INFO  ack(m=1, n=25)
 INFO  ack(m=1, n=24)
 INFO  ack(m=1, n=23)
 INFO  ack(m=1, n=22)
 INFO  ack(m=1, n=21)
 INFO  ack(m=1, n=20)
 INFO  ack(m=1, n=19)
 INFO  ack(m=1, n=18)
 INFO  ack(m=1, n=17)
 INFO  ack(m=1, n=16)
 INFO  ack(m=1, n=15)
 INFO  ack(m=1, n=14)
 INFO  ack(m=1, n=13)
 INFO  ack(m=1, n=12)
 INFO  ack(m=1, n=11)
 INFO  ack(m=1, n=10)
 INFO  ack(m=1, n=9)
 INFO  ack(m=1, n=8)
 INFO  ack(m=1, n=7)
 INFO  ack(m=1, n=6)
 INFO  ack(m=1, n=5)
 INFO  ack(m=1, n=4)
 INFO  ack(m=1, n=3)
 INFO  ack(m=1, n=2)
 INFO  ack(m=1, n=1)
 INFO  ack(m=1, n=0)
 INFO  ack(m=0, n=1)
 INFO  ack(m=0, n=2)
 INFO  ack(m=0, n=3)
 INFO  ack(m=0, n=4)
 INFO  ack(m=0, n=5)
 INFO  ack(m=0, n=6)
 INFO  ack(m=0, n=7)
 INFO  ack(m=0, n=8)
 INFO  ack(m=0, n=9)
 INFO  ack(m=0, n=10)
 INFO  ack(m=0, n=11)
 INFO  ack(m=0, n=12)
 INFO  ack(m=0, n=13)
 INFO  ack(m=0, n=14)
 INFO  ack(m=0, n=15)
 INFO  ack(m=0, n=16)
 INFO  ack(m=0, n=17)
 INFO  ack(m=0, n=18)
 INFO  ack(m=0, n=19)
 INFO  ack(m=0, n=20)
 INFO  ack(m=0, n=21)
 INFO  ack(m=0, n=22)
 INFO  ack(m=0, n=23)
 INFO  ack(m=0, n=24)
 INFO  ack(m=0, n=25)
 INFO  ack(m=0, n=26)
 INFO  ack(m=0, n=27)
 INFO  ack(m=0, n=28)
 INFO  ack(m=0, n=29)
 INFO  ack(m=0, n=30)
 INFO  ack(m=0, n=31)
 INFO  ack(m=0, n=32)
 INFO  ack(m=0, n=33)
 INFO  ack(m=0, n=34)
 INFO  ack(m=0, n=35)
 INFO  ack(m=0, n=36)
 INFO  ack(m=0, n=37)
 INFO  ack(m=0, n=38)
 INFO  ack(m=0, n=39)
 INFO  ack(m=0, n=40)
 INFO  ack(m=0, n=41)
 INFO  ack(m=0, n=42)
 INFO  ack(m=0, n=43)
 INFO  ack(m=0, n=44)
 INFO  ack(m=0, n=45)
 INFO  ack(m=0, n=46)
 INFO  ack(m=1, n=47)
 INFO  ack(m=1, n=46)
 INFO  ack(m=1, n=45)
 INFO  ack(m=1, n=44)
 INFO  ack(m=1, n=43)
 INFO  ack(m=1, n=42)
 INFO  ack(m=1, n=41)
 INFO  ack(m=1, n=40)
 INFO  ack(m=1, n=39)
 INFO  ack(m=1, n=38)
 INFO  ack(m=1, n=37)
 INFO  ack(m=1, n=36)
 INFO  ack(m=1, n=35)
 INFO  ack(m=1, n=34)
 INFO  ack(m=1, n=33)
 INFO  ack(m=1, n=32)
 INFO  ack(m=1, n=31)
 INFO  ack(m=1, n=30)
 INFO  ack(m=1, n=29)
 INFO  ack(m=1, n=28)
 INFO  ack(m=1, n=27)
 INFO  ack(m=1, n=26)
 INFO  ack(m=1, n=25)
 INFO  ack(m=1, n=24)
 INFO  ack(m=1, n=23)
 INFO  ack(m=1, n=22)
 INFO  ack(m=1, n=21)
 INFO  ack(m=1, n=20)
 INFO  ack(m=1, n=19)
 INFO  ack(m=1, n=18)
 INFO  ack(m=1, n=17)
 INFO  ack(m=1, n=16)
 INFO  ack(m=1, n=15)
 INFO  ack(m=1, n=14)
 INFO  ack(m=1, n=13)
 INFO  ack(m=1, n=12)
 INFO  ack(m=1, n=11)
 INFO  ack(m=1, n=10)
 INFO  ack(m=1, n=9)
 INFO  ack(m=1, n=8)
 INFO  ack(m=1, n=7)
 INFO  ack(m=1, n=6)
 INFO  ack(m=1, n=5)
 INFO  ack(m=1, n=4)
 INFO  ack(m=1, n=3)
 INFO  ack(m=1, n=2)
 INFO  ack(m=1, n=1)
 INFO  ack(m=1, n=0)
 INFO  ack(m=0, n=1)
 INFO  ack(m=0, n=2)
 INFO  ack(m=0, n=3)
 INFO  ack(m=0, n=4)
 INFO  ack(m=0, n=5)
 INFO  ack(m=0, n=6)
 INFO  ack(m=0, n=7)
 INFO  ack(m=0, n=8)
 INFO  ack(m=0, n=9)
 INFO  ack(m=0, n=10)
 INFO  ack(m=0, n=11)
 INFO  ack(m=0, n=12)
 INFO  ack(m=0, n=13)
 INFO  ack(m=0, n=14)
 INFO  ack(m=0, n=15)
 INFO  ack(m=0, n=16)
 INFO  ack(m=0, n=17)
 INFO  ack(m=0, n=18)
 INFO  ack(m=0, n=19)
 INFO  ack(m=0, n=20)
 INFO  ack(m=0, n=21)
 INFO  ack(m=0, n=22)
 INFO  ack(m=0, n=23)
 INFO  ack(m=0, n=24)
 INFO  ack(m=0, n=25)
 INFO  ack(m=0, n=26)
 INFO  ack(m=0, n=27)
 INFO  ack(m=0, n=28)
 INFO  ack(m=0, n=29)
 INFO  ack(m=0, n=30)
 INFO  ack(m=0, n=31)
 INFO  ack(m=0, n=32)
 INFO  ack(m=0, n=33)
 INFO  ack(m=0, n=34)
 INFO  ack(m=0, n=35)
 INFO  ack(m=0, n=36)
 INFO  ack(m=0, n=37)
 INFO  ack(m=0, n=38)
 INFO  ack(m=0, n=39)
 INFO  ack(m=0, n=40)
 INFO  ack(m=0, n=41)
 INFO  ack(m=0, n=42)
 INFO  ack(m=0, n=43)
 INFO  ack(m=0, n=44)
 INFO  ack(m=0, n=45)
 INFO  ack(m=0, n=46)
 INFO  ack(m=0, n=47)
 INFO  ack(m=0, n=48)
 INFO  ack(m=1, n=49)
 INFO  ack(m=1, n=48)
 INFO  ack(m=1, n=47)
 INFO  ack(m=1, n=46)
 INFO  ack(m=1, n=45)
 INFO  ack(m=1, n=44)
 INFO  ack(m=1, n=43)
 INFO  ack(m=1, n=42)
 INFO  ack(m=1, n=41)
 INFO  ack(m=1, n=40)
 INFO  ack(m=1, n=39)
 INFO  ack(m=1, n=38)
 INFO  ack(m=1, n=37)
 INFO  ack(m=1, n=36)
 INFO  ack(m=1, n=35)
 INFO  ack(m=1, n=34)
 INFO  ack(m=1, n=33)
 INFO  ack(m=1, n=32)
 INFO  ack(m=1, n=31)
 INFO  ack(m=1, n=30)
 INFO  ack(m=1, n=29)
 INFO  ack(m=1, n=28)
 INFO  ack(m=1, n=27)
 INFO  ack(m=1, n=26)
 INFO  ack(m=1, n=25)
 INFO  ack(m=1, n=24)
 INFO  ack(m=1, n=23)
 INFO  ack(m=1, n=22)
 INFO  ack(m=1, n=21)
 INFO  ack(m=1, n=20)
 INFO  ack(m=1, n=19)
 INFO  ack(m=1, n=18)
 INFO  ack(m=1, n=17)
 INFO  ack(m=1, n=16)
 INFO  ack(m=1, n=15)
 INFO  ack(m=1, n=14)
 INFO  ack(m=1, n=13)
 INFO  ack(m=1, n=12)
 INFO  ack(m=1, n=11)
 INFO  ack(m=1, n=10)
 INFO  ack(m=1, n=9)
 INFO  ack(m=1, n=8)
 INFO  ack(m=1, n=7)
 INFO  ack(m=1, n=6)
 INFO  ack(m=1, n=5)
 INFO  ack(m=1, n=4)
 INFO  ack(m=1, n=3)
 INFO  ack(m=1, n=2)
 INFO  ack(m=1, n=1)
 INFO  ack(m=1, n=0)
 INFO  ack(m=0, n=1)
 INFO  ack(m=0, n=2)
 INFO  ack(m=0, n=3)
 INFO  ack(m=0, n=4)
 INFO  ack(m=0, n=5)
 INFO  ack(m=0, n=6)
 INFO  ack(m=0, n=7)
 INFO  ack(m=0, n=8)
 INFO  ack(m=0, n=9)
 INFO  ack(m=0, n=10)
 INFO  ack(m=0, n=11)
 INFO  ack(m=0, n=12)
 INFO  ack(m=0, n=13)
 INFO  ack(m=0, n=14)
 INFO  ack(m=0, n=15)
 INFO  ack(m=0, n=16)
 INFO  ack(m=0, n=17)
 INFO  ack(m=0, n=18)
 INFO  ack(m=0, n=19)
 INFO  ack(m=0, n=20)
 INFO  ack(m=0, n=21)
 INFO  ack(m=0, n=22)
 INFO  ack(m=0, n=23)
 INFO  ack(m=0, n=24)
 INFO  ack(m=0, n=25)
 INFO  ack(m=0, n=26)
 INFO  ack(m=0, n=27)
 INFO  ack(m=0, n=28)
 INFO  ack(m=0, n=29)
 INFO  ack(m=0, n=30)
 INFO  ack(m=0, n=31)
 INFO  ack(m=0, n=32)
 INFO  ack(m=0, n=33)
 INFO  ack(m=0, n=34)
 INFO  ack(m=0, n=35)
 INFO  ack(m=0, n=36)
 INFO  ack(m=0, n=37)
 INFO  ack(m=0, n=38)
 INFO  ack(m=0, n=39)
 INFO  ack(m=0, n=40)
 INFO  ack(m=0, n=41)
 INFO  ack(m=0, n=42)
 INFO  ack(m=0, n=43)
 INFO  ack(m=0, n=44)
 INFO  ack(m=0, n=45)
 INFO  ack(m=0, n=46)
 INFO  ack(m=0, n=47)
 INFO  ack(m=0, n=48)
 INFO  ack(m=0, n=49)
 INFO  ack(m=0, n=50)
 INFO  ack(m=1, n=51)
 INFO  ack(m=1, n=50)
 INFO  ack(m=1, n=49)
 INFO  ack(m=1, n=48)
 INFO  ack(m=1, n=47)
 INFO  ack(m=1, n=46)
 INFO  ack(m=1, n=45)
 INFO  ack(m=1, n=44)
 INFO  ack(m=1, n=43)
 INFO  ack(m=1, n=42)
 INFO  ack(m=1, n=41)
 INFO  ack(m=1, n=40)
 INFO  ack(m=1, n=39)
 INFO  ack(m=1, n=38)
 INFO  ack(m=1, n=37)
 INFO  ack(m=1, n=36)
 INFO  ack(m=1, n=35)
 INFO  ack(m=1, n=34)
 INFO  ack(m=1, n=33)
 INFO  ack(m=1, n=32)
 INFO  ack(m=1, n=31)
 INFO  ack(m=1, n=30)
 INFO  ack(m=1, n=29)
 INFO  ack(m=1, n=28)
 INFO  ack(m=1, n=27)
 INFO  ack(m=1, n=26)
 INFO  ack(m=1, n=25)
 INFO  ack(m=1, n=24)
 INFO  ack(m=1, n=23)
 INFO  ack(m=1, n=22)
 INFO  ack(m=1, n=21)
 INFO  ack(m=1, n=20)
 INFO  ack(m=1, n=19)
 INFO  ack(m=1, n=18)
 INFO  ack(m=1, n=17)
 INFO  ack(m=1, n=16)
 INFO  ack(m=1, n=15)
 INFO  ack(m=1, n=14)
 INFO  ack(m=1, n=13)
 INFO  ack(m=1, n=12)
 INFO  ack(m=1, n=11)
 INFO  ack(m=1, n=10)
 INFO  ack(m=1, n=9)
 INFO  ack(m=1, n=8)
 INFO  ack(m=1, n=7)
 INFO  ack(m=1, n=6)
 INFO  ack(m=1, n=5)
 INFO  ack(m=1, n=4)
 INFO  ack(m=1, n=3)
 INFO  ack(m=1, n=2)
 INFO  ack(m=1, n=1)
 INFO  ack(m=1, n=0)
 INFO  ack(m=0, n=1)
 INFO  ack(m=0, n=2)
 INFO  ack(m=0, n=3)
 INFO  ack(m=0, n=4)
 INFO  ack(m=0, n=5)
 INFO  ack(m=0, n=6)
 INFO  ack(m=0, n=7)
 INFO  ack(m=0, n=8)
 INFO  ack(m=0, n=9)
 INFO  ack(m=0, n=10)
 INFO  ack(m=0, n=11)
 INFO  ack(m=0, n=12)
 INFO  ack(m=0, n=13)
 INFO  ack(m=0, n=14)
 INFO  ack(m=0, n=15)
 INFO  ack(m=0, n=16)
 INFO  ack(m=0, n=17)
 INFO  ack(m=0, n=18)
 INFO  ack(m=0, n=19)
 INFO  ack(m=0, n=20)
 INFO  ack(m=0, n=21)
 INFO  ack(m=0, n=22)
 INFO  ack(m=0, n=23)
 INFO  ack(m=0, n=24)
 INFO  ack(m=0, n=25)
 INFO  ack(m=0, n=26)
 INFO  ack(m=0, n=27)
 INFO  ack(m=0, n=28)
 INFO  ack(m=0, n=29)
 INFO  ack(m=0, n=30)
 INFO  ack(m=0, n=31)
 INFO  ack(m=0, n=32)
 INFO  ack(m=0, n=33)
 INFO  ack(m=0, n=34)
 INFO  ack(m=0, n=35)
 INFO  ack(m=0, n=36)
 INFO  ack(m=0, n=37)
 INFO  ack(m=0, n=38)
 INFO  ack(m=0, n=39)
 INFO  ack(m=0, n=40)
 INFO  ack(m=0, n=41)
 INFO  ack(m=0, n=42)
 INFO  ack(m=0, n=43)
 INFO  ack(m=0, n=44)
 INFO  ack(m=0, n=45)
 INFO  ack(m=0, n=46)
 INFO  ack(m=0, n=47)
 INFO  ack(m=0, n=48)
 INFO  ack(m=0, n=49)
 INFO  ack(m=0, n=50)
 INFO  ack(m=0, n=51)
 INFO  ack(m=0, n=52)
 INFO  ack(m=1, n=53)
 INFO  ack(m=1, n=52)
 INFO  ack(m=1, n=51)
 INFO  ack(m=1, n=50)
 INFO  ack(m=1, n=49)
 INFO  ack(m=1, n=48)
 INFO  ack(m=1, n=47)
 INFO  ack(m=1, n=46)
 INFO  ack(m=1, n=45)
 INFO  ack(m=1, n=44)
 INFO  ack(m=1, n=43)
 INFO  ack(m=1, n=42)
 INFO  ack(m=1, n=41)
 INFO  ack(m=1, n=40)
 INFO  ack(m=1, n=39)
 INFO  ack(m=1, n=38)
 INFO  ack(m=1, n=37)
 INFO  ack(m=1, n=36)
 INFO  ack(m=1, n=35)
 INFO  ack(m=1, n=34)
 INFO  ack(m=1, n=33)
 INFO  ack(m=1, n=32)
 INFO  ack(m=1, n=31)
 INFO  ack(m=1, n=30)
 INFO  ack(m=1, n=29)
 INFO  ack(m=1, n=28)
 INFO  ack(m=1, n=27)
 INFO  ack(m=1, n=26)
 INFO  ack(m=1, n=25)
 INFO  ack(m=1, n=24)
 INFO  ack(m=1, n=23)
 INFO  ack(m=1, n=22)
 INFO  ack(m=1, n=21)
 INFO  ack(m=1, n=20)
 INFO  ack(m=1, n=19)
 INFO  ack(m=1, n=18)
 INFO  ack(m=1, n=17)
 INFO  ack(m=1, n=16)
 INFO  ack(m=1, n=15)
 INFO  ack(m=1, n=14)
 INFO  ack(m=1, n=13)
 INFO  ack(m=1, n=12)
 INFO  ack(m=1, n=11)
 INFO  ack(m=1, n=10)
 INFO  ack(m=1, n=9)
 INFO  ack(m=1, n=8)
 INFO  ack(m=1, n=7)
 INFO  ack(m=1, n=6)
 INFO  ack(m=1, n=5)
 INFO  ack(m=1, n=4)
 INFO  ack(m=1, n=3)
 INFO  ack(m=1, n=2)
 INFO  ack(m=1, n=1)
 INFO  ack(m=1, n=0)
 INFO  ack(m=0, n=1)
 INFO  ack(m=0, n=2)
 INFO  ack(m=0, n=3)
 INFO  ack(m=0, n=4)
 INFO  ack(m=0, n=5)
 INFO  ack(m=0, n=6)
 INFO  ack(m=0, n=7)
 INFO  ack(m=0, n=8)
 INFO  ack(m=0, n=9)
 INFO  ack(m=0, n=10)
 INFO  ack(m=0, n=11)
 INFO  ack(m=0, n=12)
 INFO  ack(m=0, n=13)
 INFO  ack(m=0, n=14)
 INFO  ack(m=0, n=15)
 INFO  ack(m=0, n=16)
 INFO  ack(m=0, n=17)
 INFO  ack(m=0, n=18)
 INFO  ack(m=0, n=19)
 INFO  ack(m=0, n=20)
 INFO  ack(m=0, n=21)
 INFO  ack(m=0, n=22)
 INFO  ack(m=0, n=23)
 INFO  ack(m=0, n=24)
 INFO  ack(m=0, n=25)
 INFO  ack(m=0, n=26)
 INFO  ack(m=0, n=27)
 INFO  ack(m=0, n=28)
 INFO  ack(m=0, n=29)
 INFO  ack(m=0, n=30)
 INFO  ack(m=0, n=31)
 INFO  ack(m=0, n=32)
 INFO  ack(m=0, n=33)
 INFO  ack(m=0, n=34)
 INFO  ack(m=0, n=35)
 INFO  ack(m=0, n=36)
 INFO  ack(m=0, n=37)
 INFO  ack(m=0, n=38)
 INFO  ack(m=0, n=39)
 INFO  ack(m=0, n=40)
 INFO  ack(m=0, n=41)
 INFO  ack(m=0, n=42)
 INFO  ack(m=0, n=43)
 INFO  ack(m=0, n=44)
 INFO  ack(m=0, n=45)
 INFO  ack(m=0, n=46)
 INFO  ack(m=0, n=47)
 INFO  ack(m=0, n=48)
 INFO  ack(m=0, n=49)
 INFO  ack(m=0, n=50)
 INFO  ack(m=0, n=51)
 INFO  ack(m=0, n=52)
 INFO  ack(m=0, n=53)
 INFO  ack(m=0, n=54)
 INFO  ack(m=1, n=55)
 INFO  ack(m=1, n=54)
 INFO  ack(m=1, n=53)
 INFO  ack(m=1, n=52)
 INFO  ack(m=1, n=51)
 INFO  ack(m=1, n=50)
 INFO  ack(m=1, n=49)
 INFO  ack(m=1, n=48)
 INFO  ack(m=1, n=47)
 INFO  ack(m=1, n=46)
 INFO  ack(m=1, n=45)
 INFO  ack(m=1, n=44)
 INFO  ack(m=1, n=43)
 INFO  ack(m=1, n=42)
 INFO  ack(m=1, n=41)
 INFO  ack(m=1, n=40)
 INFO  ack(m=1, n=39)
 INFO  ack(m=1, n=38)
 INFO  ack(m=1, n=37)
 INFO  ack(m=1, n=36)
 INFO  ack(m=1, n=35)
 INFO  ack(m=1, n=34)
 INFO  ack(m=1, n=33)
 INFO  ack(m=1, n=32)
 INFO  ack(m=1, n=31)
 INFO  ack(m=1, n=30)
 INFO  ack(m=1, n=29)
 INFO  ack(m=1, n=28)
 INFO  ack(m=1, n=27)
 INFO  ack(m=1, n=26)
 INFO  ack(m=1, n=25)
 INFO  ack(m=1, n=24)
 INFO  ack(m=1, n=23)
 INFO  ack(m=1, n=22)
 INFO  ack(m=1, n=21)
 INFO  ack(m=1, n=20)
 INFO  ack(m=1, n=19)
 INFO  ack(m=1, n=18)
 INFO  ack(m=1, n=17)
 INFO  ack(m=1, n=16)
 INFO  ack(m=1, n=15)
 INFO  ack(m=1, n=14)
 INFO  ack(m=1, n=13)
 INFO  ack(m=1, n=12)
 INFO  ack(m=1, n=11)
 INFO  ack(m=1, n=10)
 INFO  ack(m=1, n=9)
 INFO  ack(m=1, n=8)
 INFO  ack(m=1, n=7)
 INFO  ack(m=1, n=6)
 INFO  ack(m=1, n=5)
 INFO  ack(m=1, n=4)
 INFO  ack(m=1, n=3)
 INFO  ack(m=1, n=2)
 INFO  ack(m=1, n=1)
 INFO  ack(m=1, n=0)
 INFO  ack(m=0, n=1)
 INFO  ack(m=0, n=2)
 INFO  ack(m=0, n=3)
 INFO  ack(m=0, n=4)
 INFO  ack(m=0, n=5)
 INFO  ack(m=0, n=6)
 INFO  ack(m=0, n=7)
 INFO  ack(m=0, n=8)
 INFO  ack(m=0, n=9)
 INFO  ack(m=0, n=10)
 INFO  ack(m=0, n=11)
 INFO  ack(m=0, n=12)
 INFO  ack(m=0, n=13)
 INFO  ack(m=0, n=14)
 INFO  ack(m=0, n=15)
 INFO  ack(m=0, n=16)
 INFO  ack(m=0, n=17)
 INFO  ack(m=0, n=18)
 INFO  ack(m=0, n=19)
 INFO  ack(m=0, n=20)
 INFO  ack(m=0, n=21)
 INFO  ack(m=0, n=22)
 INFO  ack(m=0, n=23)
 INFO  ack(m=0, n=24)
 INFO  ack(m=0, n=25)
 INFO  ack(m=0, n=26)
 INFO  ack(m=0, n=27)
 INFO  ack(m=0, n=28)
 INFO  ack(m=0, n=29)
 INFO  ack(m=0, n=30)
 INFO  ack(m=0, n=31)
 INFO  ack(m=0, n=32)
 INFO  ack(m=0, n=33)
 INFO  ack(m=0, n=34)
 INFO  ack(m=0, n=35)
 INFO  ack(m=0, n=36)
 INFO  ack(m=0, n=37)
 INFO  ack(m=0, n=38)
 INFO  ack(m=0, n=39)
 INFO  ack(m=0, n=40)
 INFO  ack(m=0, n=41)
 INFO  ack(m=0, n=42)
 INFO  ack(m=0, n=43)
 INFO  ack(m=0, n=44)
 INFO  ack(m=0, n=45)
 INFO  ack(m=0, n=46)
 INFO  ack(m=0, n=47)
 INFO  ack(m=0, n=48)
 INFO  ack(m=0, n=49)
 INFO  ack(m=0, n=50)
 INFO  ack(m=0, n=51)
 INFO  ack(m=0, n=52)
 INFO  ack(m=0, n=53)
 INFO  ack(m=0, n=54)
 INFO  ack(m=0, n=55)
 INFO  ack(m=0, n=56)
 INFO  ack(m=1, n=57)
 INFO  ack(m=1, n=56)
 INFO  ack(m=1, n=55)
 INFO  ack(m=1, n=54)
 INFO  ack(m=1, n=53)
 INFO  ack(m=1, n=52)
 INFO  ack(m=1, n=51)
 INFO  ack(m=1, n=50)
 INFO  ack(m=1, n=49)
 INFO  ack(m=1, n=48)
 INFO  ack(m=1, n=47)
 INFO  ack(m=1, n=46)
 INFO  ack(m=1, n=45)
 INFO  ack(m=1, n=44)
 INFO  ack(m=1, n=43)
 INFO  ack(m=1, n=42)
 INFO  ack(m=1, n=41)
 INFO  ack(m=1, n=40)
 INFO  ack(m=1, n=39)
 INFO  ack(m=1, n=38)
 INFO  ack(m=1, n=37)
 INFO  ack(m=1, n=36)
 INFO  ack(m=1, n=35)
 INFO  ack(m=1, n=34)
 INFO  ack(m=1, n=33)
 INFO  ack(m=1, n=32)
 INFO  ack(m=1, n=31)
 INFO  ack(m=1, n=30)
 INFO  ack(m=1, n=29)
 INFO  ack(m=1, n=28)
 INFO  ack(m=1, n=27)
 INFO  ack(m=1, n=26)
 INFO  ack(m=1, n=25)
 INFO  ack(m=1, n=24)
 INFO  ack(m=1, n=23)
 INFO  ack(m=1, n=22)
 INFO  ack(m=1, n=21)
 INFO  ack(m=1, n=20)
 INFO  ack(m=1, n=19)
 INFO  ack(m=1, n=18)
 INFO  ack(m=1, n=17)
 INFO  ack(m=1, n=16)
 INFO  ack(m=1, n=15)
 INFO  ack(m=1, n=14)
 INFO  ack(m=1, n=13)
 INFO  ack(m=1, n=12)
 INFO  ack(m=1, n=11)
 INFO  ack(m=1, n=10)
 INFO  ack(m=1, n=9)
 INFO  ack(m=1, n=8)
 INFO  ack(m=1, n=7)
 INFO  ack(m=1, n=6)
 INFO  ack(m=1, n=5)
 INFO  ack(m=1, n=4)
 INFO  ack(m=1, n=3)
 INFO  ack(m=1, n=2)
 INFO  ack(m=1, n=1)
 INFO  ack(m=1, n=0)
 INFO  ack(m=0, n=1)
 INFO  ack(m=0, n=2)
 INFO  ack(m=0, n=3)
 INFO  ack(m=0, n=4)
 INFO  ack(m=0, n=5)
 INFO  ack(m=0, n=6)
 INFO  ack(m=0, n=7)
 INFO  ack(m=0, n=8)
 INFO  ack(m=0, n=9)
 INFO  ack(m=0, n=10)
 INFO  ack(m=0, n=11)
 INFO  ack(m=0, n=12)
 INFO  ack(m=0, n=13)
 INFO  ack(m=0, n=14)
 INFO  ack(m=0, n=15)
 INFO  ack(m=0, n=16)
 INFO  ack(m=0, n=17)
 INFO  ack(m=0, n=18)
 INFO  ack(m=0, n=19)
 INFO  ack(m=0, n=20)
 INFO  ack(m=0, n=21)
 INFO  ack(m=0, n=22)
 INFO  ack(m=0, n=23)
 INFO  ack(m=0, n=24)
 INFO  ack(m=0, n=25)
 INFO  ack(m=0, n=26)
 INFO  ack(m=0, n=27)
 INFO  ack(m=0, n=28)
 INFO  ack(m=0, n=29)
 INFO  ack(m=0, n=30)
 INFO  ack(m=0, n=31)
 INFO  ack(m=0, n=32)
 INFO  ack(m=0, n=33)
 INFO  ack(m=0, n=34)
 INFO  ack(m=0, n=35)
 INFO  ack(m=0, n=36)
 INFO  ack(m=0, n=37)
 INFO  ack(m=0, n=38)
 INFO  ack(m=0, n=39)
 INFO  ack(m=0, n=40)
 INFO  ack(m=0, n=41)
 INFO  ack(m=0, n=42)
 INFO  ack(m=0, n=43)
 INFO  ack(m=0, n=44)
 INFO  ack(m=0, n=45)
 INFO  ack(m=0, n=46)
 INFO  ack(m=0, n=47)
 INFO  ack(m=0, n=48)
 INFO  ack(m=0, n=49)
 INFO  ack(m=0, n=50)
 INFO  ack(m=0, n=51)
 INFO  ack(m=0, n=52)
 INFO  ack(m=0, n=53)
 INFO  ack(m=0, n=54)
 INFO  ack(m=0, n=55)
 INFO  ack(m=0, n=56)
 INFO  ack(m=0, n=57)
 INFO  ack(m=0, n=58)
 INFO  ack(m=1, n=59)
 INFO  ack(m=1, n=58)
 INFO  ack(m=1, n=57)
 INFO  ack(m=1, n=56)
 INFO  ack(m=1, n=55)
 INFO  ack(m=1, n=54)
 INFO  ack(m=1, n=53)
 INFO  ack(m=1, n=52)
 INFO  ack(m=1, n=51)
 INFO  ack(m=1, n=50)
 INFO  ack(m=1, n=49)
 INFO  ack(m=1, n=48)
 INFO  ack(m=1, n=47)
 INFO  ack(m=1, n=46)
 INFO  ack(m=1, n=45)
 INFO  ack(m=1, n=44)
 INFO  ack(m=1, n=43)
 INFO  ack(m=1, n=42)
 INFO  ack(m=1, n=41)
 INFO  ack(m=1, n=40)
 INFO  ack(m=1, n=39)
 INFO  ack(m=1, n=38)
 INFO  ack(m=1, n=37)
 INFO  ack(m=1, n=36)
 INFO  ack(m=1, n=35)
 INFO  ack(m=1, n=34)
 INFO  ack(m=1, n=33)
 INFO  ack(m=1, n=32)
 INFO  ack(m=1, n=31)
 INFO  ack(m=1, n=30)
 INFO  ack(m=1, n=29)
 INFO  ack(m=1, n=28)
 INFO  ack(m=1, n=27)
 INFO  ack(m=1, n=26)
 INFO  ack(m=1, n=25)
 INFO  ack(m=1, n=24)
 INFO  ack(m=1, n=23)
 INFO  ack(m=1, n=22)
 INFO  ack(m=1, n=21)
 INFO  ack(m=1, n=20)
 INFO  ack(m=1, n=19)
 INFO  ack(m=1, n=18)
 INFO  ack(m=1, n=17)
 INFO  ack(m=1, n=16)
 INFO  ack(m=1, n=15)
 INFO  ack(m=1, n=14)
 INFO  ack(m=1, n=13)
 INFO  ack(m=1, n=12)
 INFO  ack(m=1, n=11)
 INFO  ack(m=1, n=10)
 INFO  ack(m=1, n=9)
 INFO  ack(m=1, n=8)
 INFO  ack(m=1, n=7)
 INFO  ack(m=1, n=6)
 INFO  ack(m=1, n=5)
 INFO  ack(m=1, n=4)
 INFO  ack(m=1, n=3)
 INFO  ack(m=1, n=2)
 INFO  ack(m=1, n=1)
 INFO  ack(m=1, n=0)
 INFO  ack(m=0, n=1)
 INFO  ack(m=0, n=2)
 INFO  ack(m=0, n=3)
 INFO  ack(m=0, n=4)
 INFO  ack(m=0, n=5)
 INFO  ack(m=0, n=6)
 INFO  ack(m=0, n=7)
 INFO  ack(m=0, n=8)
 INFO  ack(m=0, n=9)
 INFO  ack(m=0, n=10)
 INFO  ack(m=0, n=11)
 INFO  ack(m=0, n=12)
 INFO  ack(m=0, n=13)
 INFO  ack(m=0, n=14)
 INFO  ack(m=0, n=15)
 INFO  ack(m=0, n=16)
 INFO  ack(m=0, n=17)
 INFO  ack(m=0, n=18)
 INFO  ack(m=0, n=19)
 INFO  ack(m=0, n=20)
 INFO  ack(m=0, n=21)
 INFO  ack(m=0, n=22)
 INFO  ack(m=0, n=23)
 INFO  ack(m=0, n=24)
 INFO  ack(m=0, n=25)
 INFO  ack(m=0, n=26)
 INFO  ack(m=0, n=27)
 INFO  ack(m=0, n=28)
 INFO  ack(m=0, n=29)
 INFO  ack(m=0, n=30)
 INFO  ack(m=0, n=31)
 INFO  ack(m=0, n=32)
 INFO  ack(m=0, n=33)
 INFO  ack(m=0, n=34)
 INFO  ack(m=0, n=35)
 INFO  ack(m=0, n=36)
 INFO  ack(m=0, n=37)
 INFO  ack(m=0, n=38)
 INFO  ack(m=0, n=39)
 INFO  ack(m=0, n=40)
 INFO  ack(m=0, n=41)
 INFO  ack(m=0, n=42)
 INFO  ack(m=0, n=43)
 INFO  ack(m=0, n=44)
 INFO  ack(m=0, n=45)
 INFO  ack(m=0, n=46)
 INFO  ack(m=0, n=47)
 INFO  ack(m=0, n=48)
 INFO  ack(m=0, n=49)
 INFO  ack(m=0, n=50)
 INFO  ack(m=0, n=51)
 INFO  ack(m=0, n=52)
 INFO  ack(m=0, n=53)
 INFO  ack(m=0, n=54)
 INFO  ack(m=0, n=55)
 INFO  ack(m=0, n=56)
 INFO  ack(m=0, n=57)
 INFO  ack(m=0, n=58)
 INFO  ack(m=0, n=59)
 INFO  ack(m=0, n=60)
 INFO  ack(m=2, n=61)
 INFO  ack(m=2, n=60)
 INFO  ack(m=2, n=59)
 INFO  ack(m=2, n=58)
 INFO  ack(m=2, n=57)
 INFO  ack(m=2, n=56)
 INFO  ack(m=2, n=55)
 INFO  ack(m=2, n=54)
 INFO  ack(m=2, n=53)
 INFO  ack(m=2, n=52)
 INFO  ack(m=2, n=51)
 INFO  ack(m=2, n=50)
 INFO  ack(m=2, n=49)
 INFO  ack(m=2, n=48)
 INFO  ack(m=2, n=47)
 INFO  ack(m=2, n=46)
 INFO  ack(m=2, n=45)
 INFO  ack(m=2, n=44)
 INFO  ack(m=2, n=43)
 INFO  ack(m=2, n=42)
 INFO  ack(m=2, n=41)
 INFO  ack(m=2, n=40)
 INFO  ack(m=2, n=39)
 INFO  ack(m=2, n=38)
 INFO  ack(m=2, n=37)
 INFO  ack(m=2, n=36)
 INFO  ack(m=2, n=35)
 INFO  ack(m=2, n=34)
 INFO  ack(m=2, n=33)
 INFO  ack(m=2, n=32)
 INFO  ack(m=2, n=31)
 INFO  ack(m=2, n=30)
 INFO  ack(m=2, n=29)
 INFO  ack(m=2, n=28)
 INFO  ack(m=2, n=27)
 INFO  ack(m=2, n=26)
 INFO  ack(m=2, n=25)
 INFO  ack(m=2, n=24)
 INFO  ack(m=2, n=23)
 INFO  ack(m=2, n=22)
 INFO  ack(m=2, n=21)
 INFO  ack(m=2, n=20)
 INFO  ack(m=2, n=19)
 INFO  ack(m=2, n=18)
 INFO  ack(m=2, n=17)
 INFO  ack(m=2, n=16)
 INFO  ack(m=2, n=15)
 INFO  ack(m=2, n=14)
 INFO  ack(m=2, n=13)
 INFO  ack(m=2, n=12)
 INFO  ack(m=2, n=11)
 INFO  ack(m=2, n=10)
 INFO  ack(m=2, n=9)
 INFO  ack(m=2, n=8)
 INFO  ack(m=2, n=7)
 INFO  ack(m=2, n=6)
 INFO  ack(m=2, n=5)
 INFO  ack(m=2, n=4)
 INFO  ack(m=2, n=3)
 INFO  ack(m=2, n=2)
 INFO  ack(m=2, n=1)
 INFO  ack(m=2, n=0)
 INFO  ack(m=1, n=1)
 INFO  ack(m=1, n=0)
 INFO  ack(m=0, n=1)
 INFO  ack(m=0, n=2)
 INFO  ack(m=1, n=3)
 INFO  ack(m=1, n=2)
 INFO  ack(m=1, n=1)
 INFO  ack(m=1, n=0)
 INFO  ack(m=0, n=1)
 INFO  ack(m=0, n=2)
 INFO  ack(m=0, n=3)
 INFO  ack(m=0, n=4)
 INFO  ack(m=1, n=5)
 INFO  ack(m=1, n=4)
 INFO  ack(m=1, n=3)
 INFO  ack(m=1, n=2)
 INFO  ack(m=1, n=1)
 INFO  ack(m=1, n=0)
 INFO  ack(m=0, n=1)
 INFO  ack(m=0, n=2)
 INFO  ack(m=0, n=3)
 INFO  ack(m=0, n=4)
 INFO  ack(m=0, n=5)
 INFO  ack(m=0, n=6)
 INFO  ack(m=1, n=7)
 INFO  ack(m=1, n=6)
 INFO  ack(m=1, n=5)
 INFO  ack(m=1, n=4)
 INFO  ack(m=1, n=3)
 INFO  ack(m=1, n=2)
 INFO  ack(m=1, n=1)
 INFO  ack(m=1, n=0)
 INFO  ack(m=0, n=1)
 INFO  ack(m=0, n=2)
 INFO  ack(m=0, n=3)
 INFO  ack(m=0, n=4)
 INFO  ack(m=0, n=5)
 INFO  ack(m=0, n=6)
 INFO  ack(m=0, n=7)
 INFO  ack(m=0, n=8)
 INFO  ack(m=1, n=9)
 INFO  ack(m=1, n=8)
 INFO  ack(m=1, n=7)
 INFO  ack(m=1, n=6)
 INFO  ack(m=1, n=5)
 INFO  ack(m=1, n=4)
 INFO  ack(m=1, n=3)
 INFO  ack(m=1, n=2)
 INFO  ack(m=1, n=1)
 INFO  ack(m=1, n=0)
 INFO  ack(m=0, n=1)
 INFO  ack(m=0, n=2)
 INFO  ack(m=0, n=3)
 INFO  ack(m=0, n=4)
 INFO  ack(m=0, n=5)
 INFO  ack(m=0, n=6)
 INFO  ack(m=0, n=7)
 INFO  ack(m=0, n=8)
 INFO  ack(m=0, n=9)
 INFO  ack(m=0, n=10)
 INFO  ack(m=1, n=11)
 INFO  ack(m=1, n=10)
 INFO  ack(m=1, n=9)
 INFO  ack(m=1, n=8)
 INFO  ack(m=1, n=7)
 INFO  ack(m=1, n=6)
 INFO  ack(m=1, n=5)
 INFO  ack(m=1, n=4)
 INFO  ack(m=1, n=3)
 INFO  ack(m=1, n=2)
 INFO  ack(m=1, n=1)
 INFO  ack(m=1, n=0)
 INFO  ack(m=0, n=1)
 INFO  ack(m=0, n=2)
 INFO  ack(m=0, n=3)
 INFO  ack(m=0, n=4)
 INFO  ack(m=0, n=5)
 INFO  ack(m=0, n=6)
 INFO  ack(m=0, n=7)
 INFO  ack(m=0, n=8)
 INFO  ack(m=0, n=9)
 INFO  ack(m=0, n=10)
 INFO  ack(m=0, n=11)
 INFO  ack(m=0, n=12)
 INFO  ack(m=1, n=13)
 INFO  ack(m=1, n=12)
 INFO  ack(m=1, n=11)
 INFO  ack(m=1, n=10)
 INFO  ack(m=1, n=9)
 INFO  ack(m=1, n=8)
 INFO  ack(m=1, n=7)
 INFO  ack(m=1, n=6)
 INFO  ack(m=1, n=5)
 INFO  ack(m=1, n=4)
 INFO  ack(m=1, n=3)
 INFO  ack(m=1, n=2)
 INFO  ack(m=1, n=1)
 INFO  ack(m=1, n=0)
 INFO  ack(m=0, n=1)
 INFO  ack(m=0, n=2)
 INFO  ack(m=0, n=3)
 INFO  ack(m=0, n=4)
 INFO  ack(m=0, n=5)
 INFO  ack(m=0, n=6)
 INFO  ack(m=0, n=7)
 INFO  ack(m=0, n=8)
 INFO  ack(m=0, n=9)
 INFO  ack(m=0, n=10)
 INFO  ack(m=0, n=11)
 INFO  ack(m=0, n=12)
 INFO  ack(m=0, n=13)
 INFO  ack(m=0, n=14)
 INFO  ack(m=1, n=15)
 INFO  ack(m=1, n=14)
 INFO  ack(m=1, n=13)
 INFO  ack(m=1, n=12)
 INFO  ack(m=1, n=11)
 INFO  ack(m=1, n=10)
 INFO  ack(m=1, n=9)
 INFO  ack(m=1, n=8)
 INFO  ack(m=1, n=7)
 INFO  ack(m=1, n=6)
 INFO  ack(m=1, n=5)
 INFO  ack(m=1, n=4)
 INFO  ack(m=1, n=3)
 INFO  ack(m=1, n=2)
 INFO  ack(m=1, n=1)
 INFO  ack(m=1, n=0)
 INFO  ack(m=0, n=1)
 INFO  ack(m=0, n=2)
 INFO  ack(m=0, n=3)
 INFO  ack(m=0, n=4)
 INFO  ack(m=0, n=5)
 INFO  ack(m=0, n=6)
 INFO  ack(m=0, n=7)
 INFO  ack(m=0, n=8)
 INFO  ack(m=0, n=9)
 INFO  ack(m=0, n=10)
 INFO  ack(m=0, n=11)
 INFO  ack(m=0, n=12)
 INFO  ack(m=0, n=13)
 INFO  ack(m=0, n=14)
 INFO  ack(m=0, n=15)
 INFO  ack(m=0, n=16)
 INFO  ack(m=1, n=17)
 INFO  ack(m=1, n=16)
 INFO  ack(m=1, n=15)
 INFO  ack(m=1, n=14)
 INFO  ack(m=1, n=13)
 INFO  ack(m=1, n=12)
 INFO  ack(m=1, n=11)
 INFO  ack(m=1, n=10)
 INFO  ack(m=1, n=9)
 INFO  ack(m=1, n=8)
 INFO  ack(m=1, n=7)
 INFO  ack(m=1, n=6)
 INFO  ack(m=1, n=5)
 INFO  ack(m=1, n=4)
 INFO  ack(m=1, n=3)
 INFO  ack(m=1, n=2)
 INFO  ack(m=1, n=1)
 INFO  ack(m=1, n=0)
 INFO  ack(m=0, n=1)
 INFO  ack(m=0, n=2)
 INFO  ack(m=0, n=3)
 INFO  ack(m=0, n=4)
 INFO  ack(m=0, n=5)
 INFO  ack(m=0, n=6)
 INFO  ack(m=0, n=7)
 INFO  ack(m=0, n=8)
 INFO  ack(m=0, n=9)
 INFO  ack(m=0, n=10)
 INFO  ack(m=0, n=11)
 INFO  ack(m=0, n=12)
 INFO  ack(m=0, n=13)
 INFO  ack(m=0, n=14)
 INFO  ack(m=0, n=15)
 INFO  ack(m=0, n=16)
 INFO  ack(m=0, n=17)
 INFO  ack(m=0, n=18)
 INFO  ack(m=1, n=19)
 INFO  ack(m=1, n=18)
 INFO  ack(m=1, n=17)
 INFO  ack(m=1, n=16)
 INFO  ack(m=1, n=15)
 INFO  ack(m=1, n=14)
 INFO  ack(m=1, n=13)
 INFO  ack(m=1, n=12)
 INFO  ack(m=1, n=11)
 INFO  ack(m=1, n=10)
 INFO  ack(m=1, n=9)
 INFO  ack(m=1, n=8)
 INFO  ack(m=1, n=7)
 INFO  ack(m=1, n=6)
 INFO  ack(m=1, n=5)
 INFO  ack(m=1, n=4)
 INFO  ack(m=1, n=3)
 INFO  ack(m=1, n=2)
 INFO  ack(m=1, n=1)
 INFO  ack(m=1, n=0)
 INFO  ack(m=0, n=1)
 INFO  ack(m=0, n=2)
 INFO  ack(m=0, n=3)
 INFO  ack(m=0, n=4)
 INFO  ack(m=0, n=5)
 INFO  ack(m=0, n=6)
 INFO  ack(m=0, n=7)
 INFO  ack(m=0, n=8)
 INFO  ack(m=0, n=9)
 INFO  ack(m=0, n=10)
 INFO  ack(m=0, n=11)
 INFO  ack(m=0, n=12)
 INFO  ack(m=0, n=13)
 INFO  ack(m=0, n=14)
 INFO  ack(m=0, n=15)
 INFO  ack(m=0, n=16)
 INFO  ack(m=0, n=17)
 INFO  ack(m=0, n=18)
 INFO  ack(m=0, n=19)
 INFO  ack(m=0, n=20)
 INFO  ack(m=1, n=21)
 INFO  ack(m=1, n=20)
 INFO  ack(m=1, n=19)
 INFO  ack(m=1, n=18)
 INFO  ack(m=1, n=17)
 INFO  ack(m=1, n=16)
 INFO  ack(m=1, n=15)
 INFO  ack(m=1, n=14)
 INFO  ack(m=1, n=13)
 INFO  ack(m=1, n=12)
 INFO  ack(m=1, n=11)
 INFO  ack(m=1, n=10)
 INFO  ack(m=1, n=9)
 INFO  ack(m=1, n=8)
 INFO  ack(m=1, n=7)
 INFO  ack(m=1, n=6)
 INFO  ack(m=1, n=5)
 INFO  ack(m=1, n=4)
 INFO  ack(m=1, n=3)
 INFO  ack(m=1, n=2)
 INFO  ack(m=1, n=1)
 INFO  ack(m=1, n=0)
 INFO  ack(m=0, n=1)
 INFO  ack(m=0, n=2)
 INFO  ack(m=0, n=3)
 INFO  ack(m=0, n=4)
 INFO  ack(m=0, n=5)
 INFO  ack(m=0, n=6)
 INFO  ack(m=0, n=7)
 INFO  ack(m=0, n=8)
 INFO  ack(m=0, n=9)
 INFO  ack(m=0, n=10)
 INFO  ack(m=0, n=11)
 INFO  ack(m=0, n=12)
 INFO  ack(m=0, n=13)
 INFO  ack(m=0, n=14)
 INFO  ack(m=0, n=15)
 INFO  ack(m=0, n=16)
 INFO  ack(m=0, n=17)
 INFO  ack(m=0, n=18)
 INFO  ack(m=0, n=19)
 INFO  ack(m=0, n=20)
 INFO  ack(m=0, n=21)
 INFO  ack(m=0, n=22)
 INFO  ack(m=1, n=23)
 INFO  ack(m=1, n=22)
 INFO  ack(m=1, n=21)
 INFO  ack(m=1, n=20)
 INFO  ack(m=1, n=19)
 INFO  ack(m=1, n=18)
 INFO  ack(m=1, n=17)
 INFO  ack(m=1, n=16)
 INFO  ack(m=1, n=15)
 INFO  ack(m=1, n=14)
 INFO  ack(m=1, n=13)
 INFO  ack(m=1, n=12)
 INFO  ack(m=1, n=11)
 INFO  ack(m=1, n=10)
 INFO  ack(m=1, n=9)
 INFO  ack(m=1, n=8)
 INFO  ack(m=1, n=7)
 INFO  ack(m=1, n=6)
 INFO  ack(m=1, n=5)
 INFO  ack(m=1, n=4)
 INFO  ack(m=1, n=3)
 INFO  ack(m=1, n=2)
 INFO  ack(m=1, n=1)
 INFO  ack(m=1, n=0)
 INFO  ack(m=0, n=1)
 INFO  ack(m=0, n=2)
 INFO  ack(m=0, n=3)
 INFO  ack(m=0, n=4)
 INFO  ack(m=0, n=5)
 INFO  ack(m=0, n=6)
 INFO  ack(m=0, n=7)
 INFO  ack(m=0, n=8)
 INFO  ack(m=0, n=9)
 INFO  ack(m=0, n=10)
 INFO  ack(m=0, n=11)
 INFO  ack(m=0, n=12)
 INFO  ack(m=0, n=13)
 INFO  ack(m=0, n=14)
 INFO  ack(m=0, n=15)
 INFO  ack(m=0, n=16)
 INFO  ack(m=0, n=17)
 INFO  ack(m=0, n=18)
 INFO  ack(m=0, n=19)
 INFO  ack(m=0, n=20)
 INFO  ack(m=0, n=21)
 INFO  ack(m=0, n=22)
 INFO  ack(m=0, n=23)
 INFO  ack(m=0, n=24)
 INFO  ack(m=1, n=25)
 INFO  ack(m=1, n=24)
 INFO  ack(m=1, n=23)
 INFO  ack(m=1, n=22)
 INFO  ack(m=1, n=21)
 INFO  ack(m=1, n=20)
 INFO  ack(m=1, n=19)
 INFO  ack(m=1, n=18)
 INFO  ack(m=1, n=17)
 INFO  ack(m=1, n=16)
 INFO  ack(m=1, n=15)
 INFO  ack(m=1, n=14)
 INFO  ack(m=1, n=13)
 INFO  ack(m=1, n=12)
 INFO  ack(m=1, n=11)
 INFO  ack(m=1, n=10)
 INFO  ack(m=1, n=9)
 INFO  ack(m=1, n=8)
 INFO  ack(m=1, n=7)
 INFO  ack(m=1, n=6)
 INFO  ack(m=1, n=5)
 INFO  ack(m=1, n=4)
 INFO  ack(m=1, n=3)
 INFO  ack(m=1, n=2)
 INFO  ack(m=1, n=1)
 INFO  ack(m=1, n=0)
 INFO  ack(m=0, n=1)
 INFO  ack(m=0, n=2)
 INFO  ack(m=0, n=3)
 INFO  ack(m=0, n=4)
 INFO  ack(m=0, n=5)
 INFO  ack(m=0, n=6)
 INFO  ack(m=0, n=7)
 INFO  ack(m=0, n=8)
 INFO  ack(m=0, n=9)
 INFO  ack(m=0, n=10)
 INFO  ack(m=0, n=11)
 INFO  ack(m=0, n=12)
 INFO  ack(m=0, n=13)
 INFO  ack(m=0, n=14)
 INFO  ack(m=0, n=15)
 INFO  ack(m=0, n=16)
 INFO  ack(m=0, n=17)
 INFO  ack(m=0, n=18)
 INFO  ack(m=0, n=19)
 INFO  ack(m=0, n=20)
 INFO  ack(m=0, n=21)
 INFO  ack(m=0, n=22)
 INFO  ack(m=0, n=23)
 INFO  ack(m=0, n=24)
 INFO  ack(m=0, n=25)
 INFO  ack(m=0, n=26)
 INFO  ack(m=1, n=27)
 INFO  ack(m=1, n=26)
 INFO  ack(m=1, n=25)
 INFO  ack(m=1, n=24)
 INFO  ack(m=1, n=23)
 INFO  ack(m=1, n=22)
 INFO  ack(m=1, n=21)
 INFO  ack(m=1, n=20)
 INFO  ack(m=1, n=19)
 INFO  ack(m=1, n=18)
 INFO  ack(m=1, n=17)
 INFO  ack(m=1, n=16)
 INFO  ack(m=1, n=15)
 INFO  ack(m=1, n=14)
 INFO  ack(m=1, n=13)
 INFO  ack(m=1, n=12)
 INFO  ack(m=1, n=11)
 INFO  ack(m=1, n=10)
 INFO  ack(m=1, n=9)
 INFO  ack(m=1, n=8)
 INFO  ack(m=1, n=7)
 INFO  ack(m=1, n=6)
 INFO  ack(m=1, n=5)
 INFO  ack(m=1, n=4)
 INFO  ack(m=1, n=3)
 INFO  ack(m=1, n=2)
 INFO  ack(m=1, n=1)
 INFO  ack(m=1, n=0)
 INFO  ack(m=0, n=1)
 INFO  ack(m=0, n=2)
 INFO  ack(m=0, n=3)
 INFO  ack(m=0, n=4)
 INFO  ack(m=0, n=5)
 INFO  ack(m=0, n=6)
 INFO  ack(m=0, n=7)
 INFO  ack(m=0, n=8)
 INFO  ack(m=0, n=9)
 INFO  ack(m=0, n=10)
 INFO  ack(m=0, n=11)
 INFO  ack(m=0, n=12)
 INFO  ack(m=0, n=13)
 INFO  ack(m=0, n=14)
 INFO  ack(m=0, n=15)
 INFO  ack(m=0, n=16)
 INFO  ack(m=0, n=17)
 INFO  ack(m=0, n=18)
 INFO  ack(m=0, n=19)
 INFO  ack(m=0, n=20)
 INFO  ack(m=0, n=21)
 INFO  ack(m=0, n=22)
 INFO  ack(m=0, n=23)
 INFO  ack(m=0, n=24)
 INFO  ack(m=0, n=25)
 INFO  ack(m=0, n=26)
 INFO  ack(m=0, n=27)
 INFO  ack(m=0, n=28)
 INFO  ack(m=1, n=29)
 INFO  ack(m=1, n=28)
 INFO  ack(m=1, n=27)
 INFO  ack(m=1, n=26)
 INFO  ack(m=1, n=25)
 INFO  ack(m=1, n=24)
 INFO  ack(m=1, n=23)
 INFO  ack(m=1, n=22)
 INFO  ack(m=1, n=21)
 INFO  ack(m=1, n=20)
 INFO  ack(m=1, n=19)
 INFO  ack(m=1, n=18)
 INFO  ack(m=1, n=17)
 INFO  ack(m=1, n=16)
 INFO  ack(m=1, n=15)
 INFO  ack(m=1, n=14)
 INFO  ack(m=1, n=13)
 INFO  ack(m=1, n=12)
 INFO  ack(m=1, n=11)
 INFO  ack(m=1, n=10)
 INFO  ack(m=1, n=9)
 INFO  ack(m=1, n=8)
 INFO  ack(m=1, n=7)
 INFO  ack(m=1, n=6)
 INFO  ack(m=1, n=5)
 INFO  ack(m=1, n=4)
 INFO  ack(m=1, n=3)
 INFO  ack(m=1, n=2)
 INFO  ack(m=1, n=1)
 INFO  ack(m=1, n=0)
 INFO  ack(m=0, n=1)
 INFO  ack(m=0, n=2)
 INFO  ack(m=0, n=3)
 INFO  ack(m=0, n=4)
 INFO  ack(m=0, n=5)
 INFO  ack(m=0, n=6)
 INFO  ack(m=0, n=7)
 INFO  ack(m=0, n=8)
 INFO  ack(m=0, n=9)
 INFO  ack(m=0, n=10)
 INFO  ack(m=0, n=11)
 INFO  ack(m=0, n=12)
 INFO  ack(m=0, n=13)
 INFO  ack(m=0, n=14)
 INFO  ack(m=0, n=15)
 INFO  ack(m=0, n=16)
 INFO  ack(m=0, n=17)
 INFO  ack(m=0, n=18)
 INFO  ack(m=0, n=19)
 INFO  ack(m=0, n=20)
 INFO  ack(m=0, n=21)
 INFO  ack(m=0, n=22)
 INFO  ack(m=0, n=23)
 INFO  ack(m=0, n=24)
 INFO  ack(m=0, n=25)
 INFO  ack(m=0, n=26)
 INFO  ack(m=0, n=27)
 INFO  ack(m=0, n=28)
 INFO  ack(m=0, n=29)
 INFO  ack(m=0, n=30)
 INFO  ack(m=1, n=31)
 INFO  ack(m=1, n=30)
 INFO  ack(m=1, n=29)
 INFO  ack(m=1, n=28)
 INFO  ack(m=1, n=27)
 INFO  ack(m=1, n=26)
 INFO  ack(m=1, n=25)
 INFO  ack(m=1, n=24)
 INFO  ack(m=1, n=23)
 INFO  ack(m=1, n=22)
 INFO  ack(m=1, n=21)
 INFO  ack(m=1, n=20)
 INFO  ack(m=1, n=19)
 INFO  ack(m=1, n=18)
 INFO  ack(m=1, n=17)
 INFO  ack(m=1, n=16)
 INFO  ack(m=1, n=15)
 INFO  ack(m=1, n=14)
 INFO  ack(m=1, n=13)
 INFO  ack(m=1, n=12)
 INFO  ack(m=1, n=11)
 INFO  ack(m=1, n=10)
 INFO  ack(m=1, n=9)
 INFO  ack(m=1, n=8)
 INFO  ack(m=1, n=7)
 INFO  ack(m=1, n=6)
 INFO  ack(m=1, n=5)
 INFO  ack(m=1, n=4)
 INFO  ack(m=1, n=3)
 INFO  ack(m=1, n=2)
 INFO  ack(m=1, n=1)
 INFO  ack(m=1, n=0)
 INFO  ack(m=0, n=1)
 INFO  ack(m=0, n=2)
 INFO  ack(m=0, n=3)
 INFO  ack(m=0, n=4)
 INFO  ack(m=0, n=5)
 INFO  ack(m=0, n=6)
 INFO  ack(m=0, n=7)
 INFO  ack(m=0, n=8)
 INFO  ack(m=0, n=9)
 INFO  ack(m=0, n=10)
 INFO  ack(m=0, n=11)
 INFO  ack(m=0, n=12)
 INFO  ack(m=0, n=13)
 INFO  ack(m=0, n=14)
 INFO  ack(m=0, n=15)
 INFO  ack(m=0, n=16)
 INFO  ack(m=0, n=17)
 INFO  ack(m=0, n=18)
 INFO  ack(m=0, n=19)
 INFO  ack(m=0, n=20)
 INFO  ack(m=0, n=21)
 INFO  ack(m=0, n=22)
 INFO  ack(m=0, n=23)
 INFO  ack(m=0, n=24)
 INFO  ack(m=0, n=25)
 INFO  ack(m=0, n=26)
 INFO  ack(m=0, n=27)
 INFO  ack(m=0, n=28)
 INFO  ack(m=0, n=29)
 INFO  ack(m=0, n=30)
 INFO  ack(m=0, n=31)
 INFO  ack(m=0, n=32)
 INFO  ack(m=1, n=33)
 INFO  ack(m=1, n=32)
 INFO  ack(m=1, n=31)
 INFO  ack(m=1, n=30)
 INFO  ack(m=1, n=29)
 INFO  ack(m=1, n=28)
 INFO  ack(m=1, n=27)
 INFO  ack(m=1, n=26)
 INFO  ack(m=1, n=25)
 INFO  ack(m=1, n=24)
 INFO  ack(m=1, n=23)
 INFO  ack(m=1, n=22)
 INFO  ack(m=1, n=21)
 INFO  ack(m=1, n=20)
 INFO  ack(m=1, n=19)
 INFO  ack(m=1, n=18)
 INFO  ack(m=1, n=17)
 INFO  ack(m=1, n=16)
 INFO  ack(m=1, n=15)
 INFO  ack(m=1, n=14)
 INFO  ack(m=1, n=13)
 INFO  ack(m=1, n=12)
 INFO  ack(m=1, n=11)
 INFO  ack(m=1, n=10)
 INFO  ack(m=1, n=9)
 INFO  ack(m=1, n=8)
 INFO  ack(m=1, n=7)
 INFO  ack(m=1, n=6)
 INFO  ack(m=1, n=5)
 INFO  ack(m=1, n=4)
 INFO  ack(m=1, n=3)
 INFO  ack(m=1, n=2)
 INFO  ack(m=1, n=1)
 INFO  ack(m=1, n=0)
 INFO  ack(m=0, n=1)
 INFO  ack(m=0, n=2)
 INFO  ack(m=0, n=3)
 INFO  ack(m=0, n=4)
 INFO  ack(m=0, n=5)
 INFO  ack(m=0, n=6)
 INFO  ack(m=0, n=7)
 INFO  ack(m=0, n=8)
 INFO  ack(m=0, n=9)
 INFO  ack(m=0, n=10)
 INFO  ack(m=0, n=11)
 INFO  ack(m=0, n=12)
 INFO  ack(m=0, n=13)
 INFO  ack(m=0, n=14)
 INFO  ack(m=0, n=15)
 INFO  ack(m=0, n=16)
 INFO  ack(m=0, n=17)
 INFO  ack(m=0, n=18)
 INFO  ack(m=0, n=19)
 INFO  ack(m=0, n=20)
 INFO  ack(m=0, n=21)
 INFO  ack(m=0, n=22)
 INFO  ack(m=0, n=23)
 INFO  ack(m=0, n=24)
 INFO  ack(m=0, n=25)
 INFO  ack(m=0, n=26)
 INFO  ack(m=0, n=27)
 INFO  ack(m=0, n=28)
 INFO  ack(m=0, n=29)
 INFO  ack(m=0, n=30)
 INFO  ack(m=0, n=31)
 INFO  ack(m=0, n=32)
 INFO  ack(m=0, n=33)
 INFO  ack(m=0, n=34)
 INFO  ack(m=1, n=35)
 INFO  ack(m=1, n=34)
 INFO  ack(m=1, n=33)
 INFO  ack(m=1, n=32)
 INFO  ack(m=1, n=31)
 INFO  ack(m=1, n=30)
 INFO  ack(m=1, n=29)
 INFO  ack(m=1, n=28)
 INFO  ack(m=1, n=27)
 INFO  ack(m=1, n=26)
 INFO  ack(m=1, n=25)
 INFO  ack(m=1, n=24)
 INFO  ack(m=1, n=23)
 INFO  ack(m=1, n=22)
 INFO  ack(m=1, n=21)
 INFO  ack(m=1, n=20)
 INFO  ack(m=1, n=19)
 INFO  ack(m=1, n=18)
 INFO  ack(m=1, n=17)
 INFO  ack(m=1, n=16)
 INFO  ack(m=1, n=15)
 INFO  ack(m=1, n=14)
 INFO  ack(m=1, n=13)
 INFO  ack(m=1, n=12)
 INFO  ack(m=1, n=11)
 INFO  ack(m=1, n=10)
 INFO  ack(m=1, n=9)
 INFO  ack(m=1, n=8)
 INFO  ack(m=1, n=7)
 INFO  ack(m=1, n=6)
 INFO  ack(m=1, n=5)
 INFO  ack(m=1, n=4)
 INFO  ack(m=1, n=3)
 INFO  ack(m=1, n=2)
 INFO  ack(m=1, n=1)
 INFO  ack(m=1, n=0)
 INFO  ack(m=0, n=1)
 INFO  ack(m=0, n=2)
 INFO  ack(m=0, n=3)
 INFO  ack(m=0, n=4)
 INFO  ack(m=0, n=5)
 INFO  ack(m=0, n=6)
 INFO  ack(m=0, n=7)
 INFO  ack(m=0, n=8)
 INFO  ack(m=0, n=9)
 INFO  ack(m=0, n=10)
 INFO  ack(m=0, n=11)
 INFO  ack(m=0, n=12)
 INFO  ack(m=0, n=13)
 INFO  ack(m=0, n=14)
 INFO  ack(m=0, n=15)
 INFO  ack(m=0, n=16)
 INFO  ack(m=0, n=17)
 INFO  ack(m=0, n=18)
 INFO  ack(m=0, n=19)
 INFO  ack(m=0, n=20)
 INFO  ack(m=0, n=21)
 INFO  ack(m=0, n=22)
 INFO  ack(m=0, n=23)
 INFO  ack(m=0, n=24)
 INFO  ack(m=0, n=25)
 INFO  ack(m=0, n=26)
 INFO  ack(m=0, n=27)
 INFO  ack(m=0, n=28)
 INFO  ack(m=0, n=29)
 INFO  ack(m=0, n=30)
 INFO  ack(m=0, n=31)
 INFO  ack(m=0, n=32)
 INFO  ack(m=0, n=33)
 INFO  ack(m=0, n=34)
 INFO  ack(m=0, n=35)
 INFO  ack(m=0, n=36)
 INFO  ack(m=1, n=37)
 INFO  ack(m=1, n=36)
 INFO  ack(m=1, n=35)
 INFO  ack(m=1, n=34)
 INFO  ack(m=1, n=33)
 INFO  ack(m=1, n=32)
 INFO  ack(m=1, n=31)
 INFO  ack(m=1, n=30)
 INFO  ack(m=1, n=29)
 INFO  ack(m=1, n=28)
 INFO  ack(m=1, n=27)
 INFO  ack(m=1, n=26)
 INFO  ack(m=1, n=25)
 INFO  ack(m=1, n=24)
 INFO  ack(m=1, n=23)
 INFO  ack(m=1, n=22)
 INFO  ack(m=1, n=21)
 INFO  ack(m=1, n=20)
 INFO  ack(m=1, n=19)
 INFO  ack(m=1, n=18)
 INFO  ack(m=1, n=17)
 INFO  ack(m=1, n=16)
 INFO  ack(m=1, n=15)
 INFO  ack(m=1, n=14)
 INFO  ack(m=1, n=13)
 INFO  ack(m=1, n=12)
 INFO  ack(m=1, n=11)
 INFO  ack(m=1, n=10)
 INFO  ack(m=1, n=9)
 INFO  ack(m=1, n=8)
 INFO  ack(m=1, n=7)
 INFO  ack(m=1, n=6)
 INFO  ack(m=1, n=5)
 INFO  ack(m=1, n=4)
 INFO  ack(m=1, n=3)
 INFO  ack(m=1, n=2)
 INFO  ack(m=1, n=1)
 INFO  ack(m=1, n=0)
 INFO  ack(m=0, n=1)
 INFO  ack(m=0, n=2)
 INFO  ack(m=0, n=3)
 INFO  ack(m=0, n=4)
 INFO  ack(m=0, n=5)
 INFO  ack(m=0, n=6)
 INFO  ack(m=0, n=7)
 INFO  ack(m=0, n=8)
 INFO  ack(m=0, n=9)
 INFO  ack(m=0, n=10)
 INFO  ack(m=0, n=11)
 INFO  ack(m=0, n=12)
 INFO  ack(m=0, n=13)
 INFO  ack(m=0, n=14)
 INFO  ack(m=0, n=15)
 INFO  ack(m=0, n=16)
 INFO  ack(m=0, n=17)
 INFO  ack(m=0, n=18)
 INFO  ack(m=0, n=19)
 INFO  ack(m=0, n=20)
 INFO  ack(m=0, n=21)
 INFO  ack(m=0, n=22)
 INFO  ack(m=0, n=23)
 INFO  ack(m=0, n=24)
 INFO  ack(m=0, n=25)
 INFO  ack(m=0, n=26)
 INFO  ack(m=0, n=27)
 INFO  ack(m=0, n=28)
 INFO  ack(m=0, n=29)
 INFO  ack(m=0, n=30)
 INFO  ack(m=0, n=31)
 INFO  ack(m=0, n=32)
 INFO  ack(m=0, n=33)
 INFO  ack(m=0, n=34)
 INFO  ack(m=0, n=35)
 INFO  ack(m=0, n=36)
 INFO  ack(m=0, n=37)
 INFO  ack(m=0, n=38)
 INFO  ack(m=1, n=39)
 INFO  ack(m=1, n=38)
 INFO  ack(m=1, n=37)
 INFO  ack(m=1, n=36)
 INFO  ack(m=1, n=35)
 INFO  ack(m=1, n=34)
 INFO  ack(m=1, n=33)
 INFO  ack(m=1, n=32)
 INFO  ack(m=1, n=31)
 INFO  ack(m=1, n=30)
 INFO  ack(m=1, n=29)
 INFO  ack(m=1, n=28)
 INFO  ack(m=1, n=27)
 INFO  ack(m=1, n=26)
 INFO  ack(m=1, n=25)
 INFO  ack(m=1, n=24)
 INFO  ack(m=1, n=23)
 INFO  ack(m=1, n=22)
 INFO  ack(m=1, n=21)
 INFO  ack(m=1, n=20)
 INFO  ack(m=1, n=19)
 INFO  ack(m=1, n=18)
 INFO  ack(m=1, n=17)
 INFO  ack(m=1, n=16)
 INFO  ack(m=1, n=15)
 INFO  ack(m=1, n=14)
 INFO  ack(m=1, n=13)
 INFO  ack(m=1, n=12)
 INFO  ack(m=1, n=11)
 INFO  ack(m=1, n=10)
 INFO  ack(m=1, n=9)
 INFO  ack(m=1, n=8)
 INFO  ack(m=1, n=7)
 INFO  ack(m=1, n=6)
 INFO  ack(m=1, n=5)
 INFO  ack(m=1, n=4)
 INFO  ack(m=1, n=3)
 INFO  ack(m=1, n=2)
 INFO  ack(m=1, n=1)
 INFO  ack(m=1, n=0)
 INFO  ack(m=0, n=1)
 INFO  ack(m=0, n=2)
 INFO  ack(m=0, n=3)
 INFO  ack(m=0, n=4)
 INFO  ack(m=0, n=5)
 INFO  ack(m=0, n=6)
 INFO  ack(m=0, n=7)
 INFO  ack(m=0, n=8)
 INFO  ack(m=0, n=9)
 INFO  ack(m=0, n=10)
 INFO  ack(m=0, n=11)
 INFO  ack(m=0, n=12)
 INFO  ack(m=0, n=13)
 INFO  ack(m=0, n=14)
 INFO  ack(m=0, n=15)
 INFO  ack(m=0, n=16)
 INFO  ack(m=0, n=17)
 INFO  ack(m=0, n=18)
 INFO  ack(m=0, n=19)
 INFO  ack(m=0, n=20)
 INFO  ack(m=0, n=21)
 INFO  ack(m=0, n=22)
 INFO  ack(m=0, n=23)
 INFO  ack(m=0, n=24)
 INFO  ack(m=0, n=25)
 INFO  ack(m=0, n=26)
 INFO  ack(m=0, n=27)
 INFO  ack(m=0, n=28)
 INFO  ack(m=0, n=29)
 INFO  ack(m=0, n=30)
 INFO  ack(m=0, n=31)
 INFO  ack(m=0, n=32)
 INFO  ack(m=0, n=33)
 INFO  ack(m=0, n=34)
 INFO  ack(m=0, n=35)
 INFO  ack(m=0, n=36)
 INFO  ack(m=0, n=37)
 INFO  ack(m=0, n=38)
 INFO  ack(m=0, n=39)
 INFO  ack(m=0, n=40)
 INFO  ack(m=1, n=41)
 INFO  ack(m=1, n=40)
 INFO  ack(m=1, n=39)
 INFO  ack(m=1, n=38)
 INFO  ack(m=1, n=37)
 INFO  ack(m=1, n=36)
 INFO  ack(m=1, n=35)
 INFO  ack(m=1, n=34)
 INFO  ack(m=1, n=33)
 INFO  ack(m=1, n=32)
 INFO  ack(m=1, n=31)
 INFO  ack(m=1, n=30)
 INFO  ack(m=1, n=29)
 INFO  ack(m=1, n=28)
 INFO  ack(m=1, n=27)
 INFO  ack(m=1, n=26)
 INFO  ack(m=1, n=25)
 INFO  ack(m=1, n=24)
 INFO  ack(m=1, n=23)
 INFO  ack(m=1, n=22)
 INFO  ack(m=1, n=21)
 INFO  ack(m=1, n=20)
 INFO  ack(m=1, n=19)
 INFO  ack(m=1, n=18)
 INFO  ack(m=1, n=17)
 INFO  ack(m=1, n=16)
 INFO  ack(m=1, n=15)
 INFO  ack(m=1, n=14)
 INFO  ack(m=1, n=13)
 INFO  ack(m=1, n=12)
 INFO  ack(m=1, n=11)
 INFO  ack(m=1, n=10)
 INFO  ack(m=1, n=9)
 INFO  ack(m=1, n=8)
 INFO  ack(m=1, n=7)
 INFO  ack(m=1, n=6)
 INFO  ack(m=1, n=5)
 INFO  ack(m=1, n=4)
 INFO  ack(m=1, n=3)
 INFO  ack(m=1, n=2)
 INFO  ack(m=1, n=1)
 INFO  ack(m=1, n=0)
 INFO  ack(m=0, n=1)
 INFO  ack(m=0, n=2)
 INFO  ack(m=0, n=3)
 INFO  ack(m=0, n=4)
 INFO  ack(m=0, n=5)
 INFO  ack(m=0, n=6)
 INFO  ack(m=0, n=7)
 INFO  ack(m=0, n=8)
 INFO  ack(m=0, n=9)
 INFO  ack(m=0, n=10)
 INFO  ack(m=0, n=11)
 INFO  ack(m=0, n=12)
 INFO  ack(m=0, n=13)
 INFO  ack(m=0, n=14)
 INFO  ack(m=0, n=15)
 INFO  ack(m=0, n=16)
 INFO  ack(m=0, n=17)
 INFO  ack(m=0, n=18)
 INFO  ack(m=0, n=19)
 INFO  ack(m=0, n=20)
 INFO  ack(m=0, n=21)
 INFO  ack(m=0, n=22)
 INFO  ack(m=0, n=23)
 INFO  ack(m=0, n=24)
 INFO  ack(m=0, n=25)
 INFO  ack(m=0, n=26)
 INFO  ack(m=0, n=27)
 INFO  ack(m=0, n=28)
 INFO  ack(m=0, n=29)
 INFO  ack(m=0, n=30)
 INFO  ack(m=0, n=31)
 INFO  ack(m=0, n=32)
 INFO  ack(m=0, n=33)
 INFO  ack(m=0, n=34)
 INFO  ack(m=0, n=35)
 INFO  ack(m=0, n=36)
 INFO  ack(m=0, n=37)
 INFO  ack(m=0, n=38)
 INFO  ack(m=0, n=39)
 INFO  ack(m=0, n=40)
 INFO  ack(m=0, n=41)
 INFO  ack(m=0, n=42)
 INFO  ack(m=1, n=43)
 INFO  ack(m=1, n=42)
 INFO  ack(m=1, n=41)
 INFO  ack(m=1, n=40)
 INFO  ack(m=1, n=39)
 INFO  ack(m=1, n=38)
 INFO  ack(m=1, n=37)
 INFO  ack(m=1, n=36)
 INFO  ack(m=1, n=35)
 INFO  ack(m=1, n=34)
 INFO  ack(m=1, n=33)
 INFO  ack(m=1, n=32)
 INFO  ack(m=1, n=31)
 INFO  ack(m=1, n=30)
 INFO  ack(m=1, n=29)
 INFO  ack(m=1, n=28)
 INFO  ack(m=1, n=27)
 INFO  ack(m=1, n=26)
 INFO  ack(m=1, n=25)
 INFO  ack(m=1, n=24)
 INFO  ack(m=1, n=23)
 INFO  ack(m=1, n=22)
 INFO  ack(m=1, n=21)
 INFO  ack(m=1, n=20)
 INFO  ack(m=1, n=19)
 INFO  ack(m=1, n=18)
 INFO  ack(m=1, n=17)
 INFO  ack(m=1, n=16)
 INFO  ack(m=1, n=15)
 INFO  ack(m=1, n=14)
 INFO  ack(m=1, n=13)
 INFO  ack(m=1, n=12)
 INFO  ack(m=1, n=11)
 INFO  ack(m=1, n=10)
 INFO  ack(m=1, n=9)
 INFO  ack(m=1, n=8)
 INFO  ack(m=1, n=7)
 INFO  ack(m=1, n=6)
 INFO  ack(m=1, n=5)
 INFO  ack(m=1, n=4)
 INFO  ack(m=1, n=3)
 INFO  ack(m=1, n=2)
 INFO  ack(m=1, n=1)
 INFO  ack(m=1, n=0)
 INFO  ack(m=0, n=1)
 INFO  ack(m=0, n=2)
 INFO  ack(m=0, n=3)
 INFO  ack(m=0, n=4)
 INFO  ack(m=0, n=5)
 INFO  ack(m=0, n=6)
 INFO  ack(m=0, n=7)
 INFO  ack(m=0, n=8)
 INFO  ack(m=0, n=9)
 INFO  ack(m=0, n=10)
 INFO  ack(m=0, n=11)
 INFO  ack(m=0, n=12)
 INFO  ack(m=0, n=13)
 INFO  ack(m=0, n=14)
 INFO  ack(m=0, n=15)
 INFO  ack(m=0, n=16)
 INFO  ack(m=0, n=17)
 INFO  ack(m=0, n=18)
 INFO  ack(m=0, n=19)
 INFO  ack(m=0, n=20)
 INFO  ack(m=0, n=21)
 INFO  ack(m=0, n=22)
 INFO  ack(m=0, n=23)
 INFO  ack(m=0, n=24)
 INFO  ack(m=0, n=25)
 INFO  ack(m=0, n=26)
 INFO  ack(m=0, n=27)
 INFO  ack(m=0, n=28)
 INFO  ack(m=0, n=29)
 INFO  ack(m=0, n=30)
 INFO  ack(m=0, n=31)
 INFO  ack(m=0, n=32)
 INFO  ack(m=0, n=33)
 INFO  ack(m=0, n=34)
 INFO  ack(m=0, n=35)
 INFO  ack(m=0, n=36)
 INFO  ack(m=0, n=37)
 INFO  ack(m=0, n=38)
 INFO  ack(m=0, n=39)
 INFO  ack(m=0, n=40)
 INFO  ack(m=0, n=41)
 INFO  ack(m=0, n=42)
 INFO  ack(m=0, n=43)
 INFO  ack(m=0, n=44)
 INFO  ack(m=1, n=45)
 INFO  ack(m=1, n=44)
 INFO  ack(m=1, n=43)
 INFO  ack(m=1, n=42)
 INFO  ack(m=1, n=41)
 INFO  ack(m=1, n=40)
 INFO  ack(m=1, n=39)
 INFO  ack(m=1, n=38)
 INFO  ack(m=1, n=37)
 INFO  ack(m=1, n=36)
 INFO  ack(m=1, n=35)
 INFO  ack(m=1, n=34)
 INFO  ack(m=1, n=33)
 INFO  ack(m=1, n=32)
 INFO  ack(m=1, n=31)
 INFO  ack(m=1, n=30)
 INFO  ack(m=1, n=29)
 INFO  ack(m=1, n=28)
 INFO  ack(m=1, n=27)
 INFO  ack(m=1, n=26)
 INFO  ack(m=1, n=25)
 INFO  ack(m=1, n=24)
 INFO  ack(m=1, n=23)
 INFO  ack(m=1, n=22)
 INFO  ack(m=1, n=21)
 INFO  ack(m=1, n=20)
 INFO  ack(m=1, n=19)
 INFO  ack(m=1, n=18)
 INFO  ack(m=1, n=17)
 INFO  ack(m=1, n=16)
 INFO  ack(m=1, n=15)
 INFO  ack(m=1, n=14)
 INFO  ack(m=1, n=13)
 INFO  ack(m=1, n=12)
 INFO  ack(m=1, n=11)
 INFO  ack(m=1, n=10)
 INFO  ack(m=1, n=9)
 INFO  ack(m=1, n=8)
 INFO  ack(m=1, n=7)
 INFO  ack(m=1, n=6)
 INFO  ack(m=1, n=5)
 INFO  ack(m=1, n=4)
 INFO  ack(m=1, n=3)
 INFO  ack(m=1, n=2)
 INFO  ack(m=1, n=1)
 INFO  ack(m=1, n=0)
 INFO  ack(m=0, n=1)
 INFO  ack(m=0, n=2)
 INFO  ack(m=0, n=3)
 INFO  ack(m=0, n=4)
 INFO  ack(m=0, n=5)
 INFO  ack(m=0, n=6)
 INFO  ack(m=0, n=7)
 INFO  ack(m=0, n=8)
 INFO  ack(m=0, n=9)
 INFO  ack(m=0, n=10)
 INFO  ack(m=0, n=11)
 INFO  ack(m=0, n=12)
 INFO  ack(m=0, n=13)
 INFO  ack(m=0, n=14)
 INFO  ack(m=0, n=15)
 INFO  ack(m=0, n=16)
 INFO  ack(m=0, n=17)
 INFO  ack(m=0, n=18)
 INFO  ack(m=0, n=19)
 INFO  ack(m=0, n=20)
 INFO  ack(m=0, n=21)
 INFO  ack(m=0, n=22)
 INFO  ack(m=0, n=23)
 INFO  ack(m=0, n=24)
 INFO  ack(m=0, n=25)
 INFO  ack(m=0, n=26)
 INFO  ack(m=0, n=27)
 INFO  ack(m=0, n=28)
 INFO  ack(m=0, n=29)
 INFO  ack(m=0, n=30)
 INFO  ack(m=0, n=31)
 INFO  ack(m=0, n=32)
 INFO  ack(m=0, n=33)
 INFO  ack(m=0, n=34)
 INFO  ack(m=0, n=35)
 INFO  ack(m=0, n=36)
 INFO  ack(m=0, n=37)
 INFO  ack(m=0, n=38)
 INFO  ack(m=0, n=39)
 INFO  ack(m=0, n=40)
 INFO  ack(m=0, n=41)
 INFO  ack(m=0, n=42)
 INFO  ack(m=0, n=43)
 INFO  ack(m=0, n=44)
 INFO  ack(m=0, n=45)
 INFO  ack(m=0, n=46)
 INFO  ack(m=1, n=47)
 INFO  ack(m=1, n=46)
 INFO  ack(m=1, n=45)
 INFO  ack(m=1, n=44)
 INFO  ack(m=1, n=43)
 INFO  ack(m=1, n=42)
 INFO  ack(m=1, n=41)
 INFO  ack(m=1, n=40)
 INFO  ack(m=1, n=39)
 INFO  ack(m=1, n=38)
 INFO  ack(m=1, n=37)
 INFO  ack(m=1, n=36)
 INFO  ack(m=1, n=35)
 INFO  ack(m=1, n=34)
 INFO  ack(m=1, n=33)
 INFO  ack(m=1, n=32)
 INFO  ack(m=1, n=31)
 INFO  ack(m=1, n=30)
 INFO  ack(m=1, n=29)
 INFO  ack(m=1, n=28)
 INFO  ack(m=1, n=27)
 INFO  ack(m=1, n=26)
 INFO  ack(m=1, n=25)
 INFO  ack(m=1, n=24)
 INFO  ack(m=1, n=23)
 INFO  ack(m=1, n=22)
 INFO  ack(m=1, n=21)
 INFO  ack(m=1, n=20)
 INFO  ack(m=1, n=19)
 INFO  ack(m=1, n=18)
 INFO  ack(m=1, n=17)
 INFO  ack(m=1, n=16)
 INFO  ack(m=1, n=15)
 INFO  ack(m=1, n=14)
 INFO  ack(m=1, n=13)
 INFO  ack(m=1, n=12)
 INFO  ack(m=1, n=11)
 INFO  ack(m=1, n=10)
 INFO  ack(m=1, n=9)
 INFO  ack(m=1, n=8)
 INFO  ack(m=1, n=7)
 INFO  ack(m=1, n=6)
 INFO  ack(m=1, n=5)
 INFO  ack(m=1, n=4)
 INFO  ack(m=1, n=3)
 INFO  ack(m=1, n=2)
 INFO  ack(m=1, n=1)
 INFO  ack(m=1, n=0)
 INFO  ack(m=0, n=1)
 INFO  ack(m=0, n=2)
 INFO  ack(m=0, n=3)
 INFO  ack(m=0, n=4)
 INFO  ack(m=0, n=5)
 INFO  ack(m=0, n=6)
 INFO  ack(m=0, n=7)
 INFO  ack(m=0, n=8)
 INFO  ack(m=0, n=9)
 INFO  ack(m=0, n=10)
 INFO  ack(m=0, n=11)
 INFO  ack(m=0, n=12)
 INFO  ack(m=0, n=13)
 INFO  ack(m=0, n=14)
 INFO  ack(m=0, n=15)
 INFO  ack(m=0, n=16)
 INFO  ack(m=0, n=17)
 INFO  ack(m=0, n=18)
 INFO  ack(m=0, n=19)
 INFO  ack(m=0, n=20)
 INFO  ack(m=0, n=21)
 INFO  ack(m=0, n=22)
 INFO  ack(m=0, n=23)
 INFO  ack(m=0, n=24)
 INFO  ack(m=0, n=25)
 INFO  ack(m=0, n=26)
 INFO  ack(m=0, n=27)
 INFO  ack(m=0, n=28)
 INFO  ack(m=0, n=29)
 INFO  ack(m=0, n=30)
 INFO  ack(m=0, n=31)
 INFO  ack(m=0, n=32)
 INFO  ack(m=0, n=33)
 INFO  ack(m=0, n=34)
 INFO  ack(m=0, n=35)
 INFO  ack(m=0, n=36)
 INFO  ack(m=0, n=37)
 INFO  ack(m=0, n=38)
 INFO  ack(m=0, n=39)
 INFO  ack(m=0, n=40)
 INFO  ack(m=0, n=41)
 INFO  ack(m=0, n=42)
 INFO  ack(m=0, n=43)
 INFO  ack(m=0, n=44)
 INFO  ack(m=0, n=45)
 INFO  ack(m=0, n=46)
 INFO  ack(m=0, n=47)
 INFO  ack(m=0, n=48)
 INFO  ack(m=1, n=49)
 INFO  ack(m=1, n=48)
 INFO  ack(m=1, n=47)
 INFO  ack(m=1, n=46)
 INFO  ack(m=1, n=45)
 INFO  ack(m=1, n=44)
 INFO  ack(m=1, n=43)
 INFO  ack(m=1, n=42)
 INFO  ack(m=1, n=41)
 INFO  ack(m=1, n=40)
 INFO  ack(m=1, n=39)
 INFO  ack(m=1, n=38)
 INFO  ack(m=1, n=37)
 INFO  ack(m=1, n=36)
 INFO  ack(m=1, n=35)
 INFO  ack(m=1, n=34)
 INFO  ack(m=1, n=33)
 INFO  ack(m=1, n=32)
 INFO  ack(m=1, n=31)
 INFO  ack(m=1, n=30)
 INFO  ack(m=1, n=29)
 INFO  ack(m=1, n=28)
 INFO  ack(m=1, n=27)
 INFO  ack(m=1, n=26)
 INFO  ack(m=1, n=25)
 INFO  ack(m=1, n=24)
 INFO  ack(m=1, n=23)
 INFO  ack(m=1, n=22)
 INFO  ack(m=1, n=21)
 INFO  ack(m=1, n=20)
 INFO  ack(m=1, n=19)
 INFO  ack(m=1, n=18)
 INFO  ack(m=1, n=17)
 INFO  ack(m=1, n=16)
 INFO  ack(m=1, n=15)
 INFO  ack(m=1, n=14)
 INFO  ack(m=1, n=13)
 INFO  ack(m=1, n=12)
 INFO  ack(m=1, n=11)
 INFO  ack(m=1, n=10)
 INFO  ack(m=1, n=9)
 INFO  ack(m=1, n=8)
 INFO  ack(m=1, n=7)
 INFO  ack(m=1, n=6)
 INFO  ack(m=1, n=5)
 INFO  ack(m=1, n=4)
 INFO  ack(m=1, n=3)
 INFO  ack(m=1, n=2)
 INFO  ack(m=1, n=1)
 INFO  ack(m=1, n=0)
 INFO  ack(m=0, n=1)
 INFO  ack(m=0, n=2)
 INFO  ack(m=0, n=3)
 INFO  ack(m=0, n=4)
 INFO  ack(m=0, n=5)
 INFO  ack(m=0, n=6)
 INFO  ack(m=0, n=7)
 INFO  ack(m=0, n=8)
 INFO  ack(m=0, n=9)
 INFO  ack(m=0, n=10)
 INFO  ack(m=0, n=11)
 INFO  ack(m=0, n=12)
 INFO  ack(m=0, n=13)
 INFO  ack(m=0, n=14)
 INFO  ack(m=0, n=15)
 INFO  ack(m=0, n=16)
 INFO  ack(m=0, n=17)
 INFO  ack(m=0, n=18)
 INFO  ack(m=0, n=19)
 INFO  ack(m=0, n=20)
 INFO  ack(m=0, n=21)
 INFO  ack(m=0, n=22)
 INFO  ack(m=0, n=23)
 INFO  ack(m=0, n=24)
 INFO  ack(m=0, n=25)
 INFO  ack(m=0, n=26)
 INFO  ack(m=0, n=27)
 INFO  ack(m=0, n=28)
 INFO  ack(m=0, n=29)
 INFO  ack(m=0, n=30)
 INFO  ack(m=0, n=31)
 INFO  ack(m=0, n=32)
 INFO  ack(m=0, n=33)
 INFO  ack(m=0, n=34)
 INFO  ack(m=0, n=35)
 INFO  ack(m=0, n=36)
 INFO  ack(m=0, n=37)
 INFO  ack(m=0, n=38)
 INFO  ack(m=0, n=39)
 INFO  ack(m=0, n=40)
 INFO  ack(m=0, n=41)
 INFO  ack(m=0, n=42)
 INFO  ack(m=0, n=43)
 INFO  ack(m=0, n=44)
 INFO  ack(m=0, n=45)
 INFO  ack(m=0, n=46)
 INFO  ack(m=0, n=47)
 INFO  ack(m=0, n=48)
 INFO  ack(m=0, n=49)
 INFO  ack(m=0, n=50)
 INFO  ack(m=1, n=51)
 INFO  ack(m=1, n=50)
 INFO  ack(m=1, n=49)
 INFO  ack(m=1, n=48)
 INFO  ack(m=1, n=47)
 INFO  ack(m=1, n=46)
 INFO  ack(m=1, n=45)
 INFO  ack(m=1, n=44)
 INFO  ack(m=1, n=43)
 INFO  ack(m=1, n=42)
 INFO  ack(m=1, n=41)
 INFO  ack(m=1, n=40)
 INFO  ack(m=1, n=39)
 INFO  ack(m=1, n=38)
 INFO  ack(m=1, n=37)
 INFO  ack(m=1, n=36)
 INFO  ack(m=1, n=35)
 INFO  ack(m=1, n=34)
 INFO  ack(m=1, n=33)
 INFO  ack(m=1, n=32)
 INFO  ack(m=1, n=31)
 INFO  ack(m=1, n=30)
 INFO  ack(m=1, n=29)
 INFO  ack(m=1, n=28)
 INFO  ack(m=1, n=27)
 INFO  ack(m=1, n=26)
 INFO  ack(m=1, n=25)
 INFO  ack(m=1, n=24)
 INFO  ack(m=1, n=23)
 INFO  ack(m=1, n=22)
 INFO  ack(m=1, n=21)
 INFO  ack(m=1, n=20)
 INFO  ack(m=1, n=19)
 INFO  ack(m=1, n=18)
 INFO  ack(m=1, n=17)
 INFO  ack(m=1, n=16)
 INFO  ack(m=1, n=15)
 INFO  ack(m=1, n=14)
 INFO  ack(m=1, n=13)
 INFO  ack(m=1, n=12)
 INFO  ack(m=1, n=11)
 INFO  ack(m=1, n=10)
 INFO  ack(m=1, n=9)
 INFO  ack(m=1, n=8)
 INFO  ack(m=1, n=7)
 INFO  ack(m=1, n=6)
 INFO  ack(m=1, n=5)
 INFO  ack(m=1, n=4)
 INFO  ack(m=1, n=3)
 INFO  ack(m=1, n=2)
 INFO  ack(m=1, n=1)
 INFO  ack(m=1, n=0)
 INFO  ack(m=0, n=1)
 INFO  ack(m=0, n=2)
 INFO  ack(m=0, n=3)
 INFO  ack(m=0, n=4)
 INFO  ack(m=0, n=5)
 INFO  ack(m=0, n=6)
 INFO  ack(m=0, n=7)
 INFO  ack(m=0, n=8)
 INFO  ack(m=0, n=9)
 INFO  ack(m=0, n=10)
 INFO  ack(m=0, n=11)
 INFO  ack(m=0, n=12)
 INFO  ack(m=0, n=13)
 INFO  ack(m=0, n=14)
 INFO  ack(m=0, n=15)
 INFO  ack(m=0, n=16)
 INFO  ack(m=0, n=17)
 INFO  ack(m=0, n=18)
 INFO  ack(m=0, n=19)
 INFO  ack(m=0, n=20)
 INFO  ack(m=0, n=21)
 INFO  ack(m=0, n=22)
 INFO  ack(m=0, n=23)
 INFO  ack(m=0, n=24)
 INFO  ack(m=0, n=25)
 INFO  ack(m=0, n=26)
 INFO  ack(m=0, n=27)
 INFO  ack(m=0, n=28)
 INFO  ack(m=0, n=29)
 INFO  ack(m=0, n=30)
 INFO  ack(m=0, n=31)
 INFO  ack(m=0, n=32)
 INFO  ack(m=0, n=33)
 INFO  ack(m=0, n=34)
 INFO  ack(m=0, n=35)
 INFO  ack(m=0, n=36)
 INFO  ack(m=0, n=37)
 INFO  ack(m=0, n=38)
 INFO  ack(m=0, n=39)
 INFO  ack(m=0, n=40)
 INFO  ack(m=0, n=41)
 INFO  ack(m=0, n=42)
 INFO  ack(m=0, n=43)
 INFO  ack(m=0, n=44)
 INFO  ack(m=0, n=45)
 INFO  ack(m=0, n=46)
 INFO  ack(m=0, n=47)
 INFO  ack(m=0, n=48)
 INFO  ack(m=0, n=49)
 INFO  ack(m=0, n=50)
 INFO  ack(m=0, n=51)
 INFO  ack(m=0, n=52)
 INFO  ack(m=1, n=53)
 INFO  ack(m=1, n=52)
 INFO  ack(m=1, n=51)
 INFO  ack(m=1, n=50)
 INFO  ack(m=1, n=49)
 INFO  ack(m=1, n=48)
 INFO  ack(m=1, n=47)
 INFO  ack(m=1, n=46)
 INFO  ack(m=1, n=45)
 INFO  ack(m=1, n=44)
 INFO  ack(m=1, n=43)
 INFO  ack(m=1, n=42)
 INFO  ack(m=1, n=41)
 INFO  ack(m=1, n=40)
 INFO  ack(m=1, n=39)
 INFO  ack(m=1, n=38)
 INFO  ack(m=1, n=37)
 INFO  ack(m=1, n=36)
 INFO  ack(m=1, n=35)
 INFO  ack(m=1, n=34)
 INFO  ack(m=1, n=33)
 INFO  ack(m=1, n=32)
 INFO  ack(m=1, n=31)
 INFO  ack(m=1, n=30)
 INFO  ack(m=1, n=29)
 INFO  ack(m=1, n=28)
 INFO  ack(m=1, n=27)
 INFO  ack(m=1, n=26)
 INFO  ack(m=1, n=25)
 INFO  ack(m=1, n=24)
 INFO  ack(m=1, n=23)
 INFO  ack(m=1, n=22)
 INFO  ack(m=1, n=21)
 INFO  ack(m=1, n=20)
 INFO  ack(m=1, n=19)
 INFO  ack(m=1, n=18)
 INFO  ack(m=1, n=17)
 INFO  ack(m=1, n=16)
 INFO  ack(m=1, n=15)
 INFO  ack(m=1, n=14)
 INFO  ack(m=1, n=13)
 INFO  ack(m=1, n=12)
 INFO  ack(m=1, n=11)
 INFO  ack(m=1, n=10)
 INFO  ack(m=1, n=9)
 INFO  ack(m=1, n=8)
 INFO  ack(m=1, n=7)
 INFO  ack(m=1, n=6)
 INFO  ack(m=1, n=5)
 INFO  ack(m=1, n=4)
 INFO  ack(m=1, n=3)
 INFO  ack(m=1, n=2)
 INFO  ack(m=1, n=1)
 INFO  ack(m=1, n=0)
 INFO  ack(m=0, n=1)
 INFO  ack(m=0, n=2)
 INFO  ack(m=0, n=3)
 INFO  ack(m=0, n=4)
 INFO  ack(m=0, n=5)
 INFO  ack(m=0, n=6)
 INFO  ack(m=0, n=7)
 INFO  ack(m=0, n=8)
 INFO  ack(m=0, n=9)
 INFO  ack(m=0, n=10)
 INFO  ack(m=0, n=11)
 INFO  ack(m=0, n=12)
 INFO  ack(m=0, n=13)
 INFO  ack(m=0, n=14)
 INFO  ack(m=0, n=15)
 INFO  ack(m=0, n=16)
 INFO  ack(m=0, n=17)
 INFO  ack(m=0, n=18)
 INFO  ack(m=0, n=19)
 INFO  ack(m=0, n=20)
 INFO  ack(m=0, n=21)
 INFO  ack(m=0, n=22)
 INFO  ack(m=0, n=23)
 INFO  ack(m=0, n=24)
 INFO  ack(m=0, n=25)
 INFO  ack(m=0, n=26)
 INFO  ack(m=0, n=27)
 INFO  ack(m=0, n=28)
 INFO  ack(m=0, n=29)
 INFO  ack(m=0, n=30)
 INFO  ack(m=0, n=31)
 INFO  ack(m=0, n=32)
 INFO  ack(m=0, n=33)
 INFO  ack(m=0, n=34)
 INFO  ack(m=0, n=35)
 INFO  ack(m=0, n=36)
 INFO  ack(m=0, n=37)
 INFO  ack(m=0, n=38)
 INFO  ack(m=0, n=39)
 INFO  ack(m=0, n=40)
 INFO  ack(m=0, n=41)
 INFO  ack(m=0, n=42)
 INFO  ack(m=0, n=43)
 INFO  ack(m=0, n=44)
 INFO  ack(m=0, n=45)
 INFO  ack(m=0, n=46)
 INFO  ack(m=0, n=47)
 INFO  ack(m=0, n=48)
 INFO  ack(m=0, n=49)
 INFO  ack(m=0, n=50)
 INFO  ack(m=0, n=51)
 INFO  ack(m=0, n=52)
 INFO  ack(m=0, n=53)
 INFO  ack(m=0, n=54)
 INFO  ack(m=1, n=55)
 INFO  ack(m=1, n=54)
 INFO  ack(m=1, n=53)
 INFO  ack(m=1, n=52)
 INFO  ack(m=1, n=51)
 INFO  ack(m=1, n=50)
 INFO  ack(m=1, n=49)
 INFO  ack(m=1, n=48)
 INFO  ack(m=1, n=47)
 INFO  ack(m=1, n=46)
 INFO  ack(m=1, n=45)
 INFO  ack(m=1, n=44)
 INFO  ack(m=1, n=43)
 INFO  ack(m=1, n=42)
 INFO  ack(m=1, n=41)
 INFO  ack(m=1, n=40)
 INFO  ack(m=1, n=39)
 INFO  ack(m=1, n=38)
 INFO  ack(m=1, n=37)
 INFO  ack(m=1, n=36)
 INFO  ack(m=1, n=35)
 INFO  ack(m=1, n=34)
 INFO  ack(m=1, n=33)
 INFO  ack(m=1, n=32)
 INFO  ack(m=1, n=31)
 INFO  ack(m=1, n=30)
 INFO  ack(m=1, n=29)
 INFO  ack(m=1, n=28)
 INFO  ack(m=1, n=27)
 INFO  ack(m=1, n=26)
 INFO  ack(m=1, n=25)
 INFO  ack(m=1, n=24)
 INFO  ack(m=1, n=23)
 INFO  ack(m=1, n=22)
 INFO  ack(m=1, n=21)
 INFO  ack(m=1, n=20)
 INFO  ack(m=1, n=19)
 INFO  ack(m=1, n=18)
 INFO  ack(m=1, n=17)
 INFO  ack(m=1, n=16)
 INFO  ack(m=1, n=15)
 INFO  ack(m=1, n=14)
 INFO  ack(m=1, n=13)
 INFO  ack(m=1, n=12)
 INFO  ack(m=1, n=11)
 INFO  ack(m=1, n=10)
 INFO  ack(m=1, n=9)
 INFO  ack(m=1, n=8)
 INFO  ack(m=1, n=7)
 INFO  ack(m=1, n=6)
 INFO  ack(m=1, n=5)
 INFO  ack(m=1, n=4)
 INFO  ack(m=1, n=3)
 INFO  ack(m=1, n=2)
 INFO  ack(m=1, n=1)
 INFO  ack(m=1, n=0)
 INFO  ack(m=0, n=1)
 INFO  ack(m=0, n=2)
 INFO  ack(m=0, n=3)
 INFO  ack(m=0, n=4)
 INFO  ack(m=0, n=5)
 INFO  ack(m=0, n=6)
 INFO  ack(m=0, n=7)
 INFO  ack(m=0, n=8)
 INFO  ack(m=0, n=9)
 INFO  ack(m=0, n=10)
 INFO  ack(m=0, n=11)
 INFO  ack(m=0, n=12)
 INFO  ack(m=0, n=13)
 INFO  ack(m=0, n=14)
 INFO  ack(m=0, n=15)
 INFO  ack(m=0, n=16)
 INFO  ack(m=0, n=17)
 INFO  ack(m=0, n=18)
 INFO  ack(m=0, n=19)
 INFO  ack(m=0, n=20)
 INFO  ack(m=0, n=21)
 INFO  ack(m=0, n=22)
 INFO  ack(m=0, n=23)
 INFO  ack(m=0, n=24)
 INFO  ack(m=0, n=25)
 INFO  ack(m=0, n=26)
 INFO  ack(m=0, n=27)
 INFO  ack(m=0, n=28)
 INFO  ack(m=0, n=29)
 INFO  ack(m=0, n=30)
 INFO  ack(m=0, n=31)
 INFO  ack(m=0, n=32)
 INFO  ack(m=0, n=33)
 INFO  ack(m=0, n=34)
 INFO  ack(m=0, n=35)
 INFO  ack(m=0, n=36)
 INFO  ack(m=0, n=37)
 INFO  ack(m=0, n=38)
 INFO  ack(m=0, n=39)
 INFO  ack(m=0, n=40)
 INFO  ack(m=0, n=41)
 INFO  ack(m=0, n=42)
 INFO  ack(m=0, n=43)
 INFO  ack(m=0, n=44)
 INFO  ack(m=0, n=45)
 INFO  ack(m=0, n=46)
 INFO  ack(m=0, n=47)
 INFO  ack(m=0, n=48)
 INFO  ack(m=0, n=49)
 INFO  ack(m=0, n=50)
 INFO  ack(m=0, n=51)
 INFO  ack(m=0, n=52)
 INFO  ack(m=0, n=53)
 INFO  ack(m=0, n=54)
 INFO  ack(m=0, n=55)
 INFO  ack(m=0, n=56)
 INFO  ack(m=1, n=57)
 INFO  ack(m=1, n=56)
 INFO  ack(m=1, n=55)
 INFO  ack(m=1, n=54)
 INFO  ack(m=1, n=53)
 INFO  ack(m=1, n=52)
 INFO  ack(m=1, n=51)
 INFO  ack(m=1, n=50)
 INFO  ack(m=1, n=49)
 INFO  ack(m=1, n=48)
 INFO  ack(m=1, n=47)
 INFO  ack(m=1, n=46)
 INFO  ack(m=1, n=45)
 INFO  ack(m=1, n=44)
 INFO  ack(m=1, n=43)
 INFO  ack(m=1, n=42)
 INFO  ack(m=1, n=41)
 INFO  ack(m=1, n=40)
 INFO  ack(m=1, n=39)
 INFO  ack(m=1, n=38)
 INFO  ack(m=1, n=37)
 INFO  ack(m=1, n=36)
 INFO  ack(m=1, n=35)
 INFO  ack(m=1, n=34)
 INFO  ack(m=1, n=33)
 INFO  ack(m=1, n=32)
 INFO  ack(m=1, n=31)
 INFO  ack(m=1, n=30)
 INFO  ack(m=1, n=29)
 INFO  ack(m=1, n=28)
 INFO  ack(m=1, n=27)
 INFO  ack(m=1, n=26)
 INFO  ack(m=1, n=25)
 INFO  ack(m=1, n=24)
 INFO  ack(m=1, n=23)
 INFO  ack(m=1, n=22)
 INFO  ack(m=1, n=21)
 INFO  ack(m=1, n=20)
 INFO  ack(m=1, n=19)
 INFO  ack(m=1, n=18)
 INFO  ack(m=1, n=17)
 INFO  ack(m=1, n=16)
 INFO  ack(m=1, n=15)
 INFO  ack(m=1, n=14)
 INFO  ack(m=1, n=13)
 INFO  ack(m=1, n=12)
 INFO  ack(m=1, n=11)
 INFO  ack(m=1, n=10)
 INFO  ack(m=1, n=9)
 INFO  ack(m=1, n=8)
 INFO  ack(m=1, n=7)
 INFO  ack(m=1, n=6)
 INFO  ack(m=1, n=5)
 INFO  ack(m=1, n=4)
 INFO  ack(m=1, n=3)
 INFO  ack(m=1, n=2)
 INFO  ack(m=1, n=1)
 INFO  ack(m=1, n=0)
────────────────────────────────────────────────────────────────────────────────
(HOST) ERROR the program has overflowed its stack

